186.239.31.88 - - [09/May/2009:01:00:26 -0700] "GET /v502.html HTTP/1.1" 404 275 "http://www.semantic.hn/" "AppEngine-Google; (+http://code.google.com/appengine)" "www.losethos.com"
186.239.31.216 - - [09/May/2009:01:17:28 -0700] "GET /v502.html HTTP/1.1" 404 275 "http://www.semantic.hn/" "AppEngine-Google; (+http://code.google.com/appengine)" "www.losethos.com"
165.95.48.149 - - [09/May/2009:01:20:38 -0700] "GET / HTTP/1.1" 200 81188 "http://sourceforge.net/projects/losethos4/" "Mozilla/5.0 (Windows; U; Windows NT 5.1; zh-CN; rv:1.9.0.10) Gecko/2009042316 Firefox/3.0.10" "www.losethos.com"
165.95.48.149 - - [09/May/2009:01:20:48 -0700] "GET /media/Demo1.wmv HTTP/1.1" 200 393216 "-" "NSPlayer/10.0.0.4066" "www.losethos.com"
165.95.48.149 - - [09/May/2009:01:21:02 -0700] "GET /images/Header.JPG HTTP/1.1" 200 2982 "http://www.losethos.com/" "Mozilla/5.0 (Windows; U; Windows NT 5.1; zh-CN; rv:1.9.0.10) Gecko/2009042316 Firefox/3.0.10" "www.losethos.com"
151.147.40.18 - - [09/May/2009:01:22:07 -0700] "GET /SlurpConfirm404/briefs.htm HTTP/1.0" 404 275 "-" "Mozilla/5.0 (compatible; Yahoo! Slurp/3.0; http://help.yahoo.com/help/us/ysearch/slurp)" "www.losethos.com"
165.95.48.149 - - [09/May/2009:01:24:29 -0700] "GET /media/Demo1.wmv HTTP/1.1" 200 37814272 "-" "NSPlayer/10.0.0.4066 WMFSDK/10.0" "www.losethos.com"
165.95.48.149 - - [09/May/2009:01:24:29 -0700] "GET /media/Demo1.wmv HTTP/1.1" 200 35323904 "http://www.losethos.com/" "Mozilla/5.0 (Windows; U; Windows NT 5.1; zh-CN; rv:1.9.0.10) Gecko/2009042316 Firefox/3.0.10" "www.losethos.com"
151.147.40.18 - - [09/May/2009:01:31:55 -0700] "GET /files/?M=D HTTP/1.0" 401 395 "-" "Mozilla/5.0 (compatible; Yahoo! Slurp/3.0; http://help.yahoo.com/help/us/ysearch/slurp)" "www.losethos.com"
73.5.88.122 - - [09/May/2009:01:34:24 -0700] "GET /v502.html HTTP/1.1" 404 275 "http://www.semantic.hn/" "AppEngine-Google; (+http://code.google.com/appengine)" "www.losethos.com"
37.143.235.235 - - [09/May/2009:01:41:46 -0700] "GET /LTCD.ISO HTTP/1.1" 200 720896 "-" "Mozilla/5.0 (Windows; U; Windows NT 5.1; ja; rv:1.9.0.10) Gecko/2009042316 Firefox/3.0.10" "www.losethos.com"
183.254.26.78 - - [09/May/2009:01:42:02 -0700] "GET /LTCD.ISO HTTP/1.1" 200 327680 "-" "Mediapartners-Google" "www.losethos.com"
195.142.241.147 - - [09/May/2009:01:42:08 -0700] "GET /LTCD.ISO HTTP/1.1" 200 4704256 "http://www.brothersoft.com/the-losethos-operating-system-download-67591.html" "Mozilla/4.0 (compatible; MSIE 6.0; Windows NT 5.1; SV1; GTB6; HbTools 4.7.2)" "www.losethos.com"
132.57.96.6 - - [09/May/2009:01:42:20 -0700] "GET /LTCD.ISO HTTP/1.1" 200 4704256 "-" "Mozilla/5.0 (Windows; U; Windows NT 5.1; de; rv:1.9.0.10) Gecko/2009042316 Firefox/3.0.10" "www.losethos.com"
4.40.60.11 - - [09/May/2009:01:47:46 -0700] "GET /robots.txt HTTP/1.1" 404 275 "-" "-" "www.losethos.com"
151.147.40.18 - - [09/May/2009:01:50:25 -0700] "GET /sitebuilder/?M=A HTTP/1.0" 200 796 "-" "Mozilla/5.0 (compatible; Yahoo! Slurp/3.0; http://help.yahoo.com/help/us/ysearch/slurp)" "www.losethos.com"
186.239.31.140 - - [09/May/2009:01:51:29 -0700] "GET /v502.html HTTP/1.1" 404 275 "http://www.semantic.hn/" "AppEngine-Google; (+http://code.google.com/appengine)" "www.losethos.com"
0.161.254.167 - - [09/May/2009:01:59:12 -0700] "GET /LTCD.ISO HTTP/1.1" 200 4704256 "-" "Mozilla/5.0 (Windows; U; Windows NT 6.0; en-US; rv:1.9.0.10) Gecko/2009042316 Firefox/3.0.10 (.NET CLR 3.5.30729)" "www.losethos.com"
186.239.31.216 - - [09/May/2009:02:00:27 -0700] "GET /v502.html HTTP/1.1" 404 275 "http://www.semantic.hn/" "AppEngine-Google; (+http://code.google.com/appengine)" "www.losethos.com"
145.5.125.148 - - [09/May/2009:02:08:01 -0700] "GET / HTTP/1.1" 304 - "-" "Baiduspider+(+http://www.baidu.com/search/spider.htm)" "www.losethos.com"
62.227.147.44 - - [09/May/2009:02:09:07 -0700] "GET / HTTP/1.1" 200 81188 "http://www.google.co.in/search?hl=en&q=C%2B%2B+for+64+bit+operating+system&btnG=Google+Search&meta=&aq=f&oq=" "Opera/9.27 (Windows NT 6.0; U; en)" "www.losethos.com"
62.227.147.44 - - [09/May/2009:02:09:09 -0700] "GET /images/Header.JPG HTTP/1.1" 200 2982 "http://www.losethos.com/" "Opera/9.27 (Windows NT 6.0; U; en)" "www.losethos.com"
62.227.147.44 - - [09/May/2009:02:09:11 -0700] "GET /media/Demo1.wmv HTTP/1.1" 200 262144 "http://www.losethos.com/" "Opera/9.27 (Windows NT 6.0; U; en)" "www.losethos.com"
62.227.147.44 - - [09/May/2009:02:09:12 -0700] "GET /favicon.ico HTTP/1.1" 404 275 "http://www.losethos.com/" "Opera/9.27 (Windows NT 6.0; U; en)" "www.losethos.com"
71.10.239.158 - - [09/May/2009:02:10:26 -0700] "GET /robots.txt HTTP/1.1" 404 275 "-" "Mozilla/4.0 (compatible; MSIE 6.0; Windows NT 5.1; .NET CLR 1.0.3705)" "losethos.com"
71.10.239.158 - - [09/May/2009:02:10:26 -0700] "GET / HTTP/1.1" 200 81188 "-" "Mozilla/4.0 (compatible; MSIE 6.0; Windows NT 5.1; .NET CLR 1.0.3705)" "losethos.com"
71.10.239.158 - - [09/May/2009:02:10:27 -0700] "GET /LTCD.ISO HTTP/1.1" 200 196608 "-" "Mozilla/4.0 (compatible; MSIE 6.0; Windows NT 5.1; .NET CLR 1.0.3705)" "www.losethos.com"
62.227.147.44 - - [09/May/2009:02:11:03 -0700] "GET /media/Demo1.wmv HTTP/1.1" 200 262144 "http://www.losethos.com/" "Opera/9.27 (Windows NT 6.0; U; en)" "www.losethos.com"
62.227.147.44 - - [09/May/2009:02:11:03 -0700] "GET /favicon.ico HTTP/1.1" 404 275 "http://www.losethos.com/" "Opera/9.27 (Windows NT 6.0; U; en)" "www.losethos.com"
73.5.88.88 - - [09/May/2009:02:17:23 -0700] "GET /v502.html HTTP/1.1" 404 275 "http://www.semantic.hn/" "AppEngine-Google; (+http://code.google.com/appengine)" "www.losethos.com"
122.230.98.254 - - [09/May/2009:02:26:24 -0700] "GET /robots.txt HTTP/1.1" 404 275 "-" "T-Mobile Dash Mozilla/4.0 (compatible; MSIE 4.01; Windows CE; Smartphone; 320x240; MSNBOT-MOBILE/1.1; +http://search.msn.com/msnbot.htm)" "www.losethos.com"
122.230.98.254 - - [09/May/2009:02:26:25 -0700] "GET /contact.html HTTP/1.1" 200 5360 "-" "T-Mobile Dash Mozilla/4.0 (compatible; MSIE 4.01; Windows CE; Smartphone; 320x240; MSNBOT-MOBILE/1.1; +http://search.msn.com/msnbot.htm)" "www.losethos.com"
73.5.88.88 - - [09/May/2009:02:34:23 -0700] "GET /v502.html HTTP/1.1" 404 275 "http://www.semantic.hn/" "AppEngine-Google; (+http://code.google.com/appengine)" "www.losethos.com"
0.99.217.137 - - [09/May/2009:02:49:52 -0700] "GET / HTTP/1.1" 200 81188 "http://www.google.com/search?sourceid=navclient&ie=UTF-8&rlz=1T4GGLL_enUS323US323&q=64bit+operating+system+free+download" "Mozilla/4.0 (compatible; MSIE 8.0; Windows NT 5.1; Trident/4.0; GTB6; Mozilla/4.0 (compatible; MSIE 6.0; Windows NT 5.1; SV1) ; MySpace;; MySpace;)" "www.losethos.com"
0.99.217.137 - - [09/May/2009:02:49:54 -0700] "GET /images/Header.JPG HTTP/1.1" 200 2982 "http://www.losethos.com/" "Mozilla/4.0 (compatible; MSIE 8.0; Windows NT 5.1; Trident/4.0; GTB6; Mozilla/4.0 (compatible; MSIE 6.0; Windows NT 5.1; SV1) ; MySpace;; MySpace;)" "www.losethos.com"
0.99.217.137 - - [09/May/2009:02:49:59 -0700] "GET /media/Demo1.wmv HTTP/1.1" 200 196608 "-" "contype" "www.losethos.com"
0.99.217.137 - - [09/May/2009:02:50:15 -0700] "GET /favicon.ico HTTP/1.1" 404 275 "-" "Mozilla/4.0 (compatible; MSIE 8.0; Windows NT 5.1; Trident/4.0; GTB6; Mozilla/4.0 (compatible; MSIE 6.0; Windows NT 5.1; SV1) ; MySpace;; MySpace;)" "www.losethos.com"
151.147.40.18 - - [09/May/2009:02:50:36 -0700] "GET /LTCD.ISO HTTP/1.0" 304 - "-" "Mozilla/5.0 (compatible; Yahoo! Slurp/3.0; http://help.yahoo.com/help/us/ysearch/slurp)" "www.losethos.com"
73.5.88.122 - - [09/May/2009:02:51:24 -0700] "GET /v502.html HTTP/1.1" 404 275 "http://www.semantic.hn/" "AppEngine-Google; (+http://code.google.com/appengine)" "www.losethos.com"
191.159.101.93 - - [09/May/2009:02:51:41 -0700] "GET / HTTP/1.1" 200 81188 "http://sourceforge.net/projects/losethos4/" "Mozilla/5.0 (Windows; U; Windows NT 5.1; en-US; rv:1.9.0.10) Gecko/2009042316 Firefox/3.0.10 (.NET CLR 3.5.30729)" "www.losethos.com"
191.159.101.93 - - [09/May/2009:02:51:42 -0700] "GET /images/Header.JPG HTTP/1.1" 200 2982 "http://www.losethos.com/" "Mozilla/5.0 (Windows; U; Windows NT 5.1; en-US; rv:1.9.0.10) Gecko/2009042316 Firefox/3.0.10 (.NET CLR 3.5.30729)" "www.losethos.com"
191.159.101.93 - - [09/May/2009:02:51:44 -0700] "GET /media/Demo1.wmv HTTP/1.0" 200 196608 "-" "NSPlayer/10.0.0.4066" "www.losethos.com"
191.159.101.93 - - [09/May/2009:02:52:54 -0700] "GET /media/Demo1.wmv HTTP/1.1" 200 10354688 "http://www.losethos.com/" "Mozilla/5.0 (Windows; U; Windows NT 5.1; en-US; rv:1.9.0.10) Gecko/2009042316 Firefox/3.0.10 (.NET CLR 3.5.30729)" "www.losethos.com"
191.159.101.93 - - [09/May/2009:02:52:54 -0700] "GET /media/Demo1.wmv HTTP/1.0" 200 42926080 "-" "NSPlayer/10.0.0.4066 WMFSDK/10.0" "www.losethos.com"
65.207.29.56 - - [09/May/2009:02:53:50 -0700] "GET / HTTP/1.1" 200 81188 "http://www.google.be/search?hl=nl&ei=UVIFStXTO4LE-Ab_ooSSAw&sa=X&oi=spell&resnum=1&ct=result&cd=1&q=64+bit+os&spell=1" "Mozilla/5.0 (Windows; U; Windows NT 5.1; en-US; rv:1.8.1.19) Gecko/20081217 K-Meleon/1.5.2" "www.losethos.com"
65.207.29.56 - - [09/May/2009:02:53:50 -0700] "GET /images/Header.JPG HTTP/1.1" 200 2982 "http://www.losethos.com/" "Mozilla/5.0 (Windows; U; Windows NT 5.1; en-US; rv:1.8.1.19) Gecko/20081217 K-Meleon/1.5.2" "www.losethos.com"
65.207.29.56 - - [09/May/2009:02:53:59 -0700] "GET /media/Demo1.wmv HTTP/1.1" 200 196608 "-" "NSPlayer/11.0.5721.5251" "www.losethos.com"
65.207.29.56 - - [09/May/2009:02:54:02 -0700] "GET /media/Demo1.smi HTTP/1.1" 404 275 "-" "Windows-Media-Player/11.0.5721.5260" "www.losethos.com"
65.207.29.56 - - [09/May/2009:02:54:08 -0700] "GET /media/Demo1.wmv HTTP/1.1" 200 7929856 "http://www.losethos.com/" "Mozilla/5.0 (Windows; U; Windows NT 5.1; en-US; rv:1.8.1.19) Gecko/20081217 K-Meleon/1.5.2" "www.losethos.com"
65.207.29.56 - - [09/May/2009:02:54:09 -0700] "GET /screenshots.html HTTP/1.1" 200 11591 "http://www.losethos.com/" "Mozilla/5.0 (Windows; U; Windows NT 5.1; en-US; rv:1.8.1.19) Gecko/20081217 K-Meleon/1.5.2" "www.losethos.com"
65.207.29.56 - - [09/May/2009:02:54:09 -0700] "GET /images/CTrace.JPG HTTP/1.1" 200 72254 "http://www.losethos.com/screenshots.html" "Mozilla/5.0 (Windows; U; Windows NT 5.1; en-US; rv:1.8.1.19) Gecko/20081217 K-Meleon/1.5.2" "www.losethos.com"
65.207.29.56 - - [09/May/2009:02:54:09 -0700] "GET /images/Collision.JPG HTTP/1.1" 200 77496 "http://www.losethos.com/screenshots.html" "Mozilla/5.0 (Windows; U; Windows NT 5.1; en-US; rv:1.8.1.19) Gecko/20081217 K-Meleon/1.5.2" "www.losethos.com"
65.207.29.56 - - [09/May/2009:02:54:10 -0700] "GET /media/Demo1.wmv HTTP/1.1" 200 4521984 "-" "NSPlayer/11.0.5721.5251 WMFSDK/11.0" "www.losethos.com"
65.207.29.56 - - [09/May/2009:02:54:10 -0700] "GET /images/Organ.jpg HTTP/1.1" 200 38835 "http://www.losethos.com/screenshots.html" "Mozilla/5.0 (Windows; U; Windows NT 5.1; en-US; rv:1.8.1.19) Gecko/20081217 K-Meleon/1.5.2" "www.losethos.com"
65.207.29.56 - - [09/May/2009:02:54:10 -0700] "GET /images/XCaliber.jpg HTTP/1.1" 200 20758 "http://www.losethos.com/screenshots.html" "Mozilla/5.0 (Windows; U; Windows NT 5.1; en-US; rv:1.8.1.19) Gecko/20081217 K-Meleon/1.5.2" "www.losethos.com"
65.207.29.56 - - [09/May/2009:02:54:10 -0700] "GET /images/Dollar.JPG HTTP/1.1" 200 92536 "http://www.losethos.com/screenshots.html" "Mozilla/5.0 (Windows; U; Windows NT 5.1; en-US; rv:1.8.1.19) Gecko/20081217 K-Meleon/1.5.2" "www.losethos.com"
65.207.29.56 - - [09/May/2009:02:54:11 -0700] "GET /images/DotNet.JPG HTTP/1.1" 200 77806 "http://www.losethos.com/screenshots.html" "Mozilla/5.0 (Windows; U; Windows NT 5.1; en-US; rv:1.8.1.19) Gecko/20081217 K-Meleon/1.5.2" "www.losethos.com"
65.207.29.56 - - [09/May/2009:02:54:11 -0700] "GET /images/Rocks.JPG HTTP/1.1" 200 38304 "http://www.losethos.com/screenshots.html" "Mozilla/5.0 (Windows; U; Windows NT 5.1; en-US; rv:1.8.1.19) Gecko/20081217 K-Meleon/1.5.2" "www.losethos.com"
65.207.29.56 - - [09/May/2009:02:54:11 -0700] "GET /images/Tanks.JPG HTTP/1.1" 200 110155 "http://www.losethos.com/screenshots.html" "Mozilla/5.0 (Windows; U; Windows NT 5.1; en-US; rv:1.8.1.19) Gecko/20081217 K-Meleon/1.5.2" "www.losethos.com"
65.207.29.56 - - [09/May/2009:02:54:11 -0700] "GET /images/FlightSim2.JPG HTTP/1.1" 200 58066 "http://www.losethos.com/screenshots.html" "Mozilla/5.0 (Windows; U; Windows NT 5.1; en-US; rv:1.8.1.19) Gecko/20081217 K-Meleon/1.5.2" "www.losethos.com"
65.207.29.56 - - [09/May/2009:02:54:12 -0700] "GET /images/FPS.JPG HTTP/1.1" 200 18883 "http://www.losethos.com/screenshots.html" "Mozilla/5.0 (Windows; U; Windows NT 5.1; en-US; rv:1.8.1.19) Gecko/20081217 K-Meleon/1.5.2" "www.losethos.com"
65.207.29.56 - - [09/May/2009:02:54:12 -0700] "GET /images/Span.JPG HTTP/1.1" 200 30960 "http://www.losethos.com/screenshots.html" "Mozilla/5.0 (Windows; U; Windows NT 5.1; en-US; rv:1.8.1.19) Gecko/20081217 K-Meleon/1.5.2" "www.losethos.com"
65.207.29.56 - - [09/May/2009:02:54:13 -0700] "GET /images/Squirt.JPG HTTP/1.1" 200 17481 "http://www.losethos.com/screenshots.html" "Mozilla/5.0 (Windows; U; Windows NT 5.1; en-US; rv:1.8.1.19) Gecko/20081217 K-Meleon/1.5.2" "www.losethos.com"
65.207.29.56 - - [09/May/2009:02:54:13 -0700] "GET /images/LoseThosV505.jpg HTTP/1.1" 200 80248 "http://www.losethos.com/screenshots.html" "Mozilla/5.0 (Windows; U; Windows NT 5.1; en-US; rv:1.8.1.19) Gecko/20081217 K-Meleon/1.5.2" "www.losethos.com"
65.207.29.56 - - [09/May/2009:02:54:48 -0700] "GET /index.html HTTP/1.1" 200 81188 "http://www.losethos.com/screenshots.html" "Mozilla/5.0 (Windows; U; Windows NT 5.1; en-US; rv:1.8.1.19) Gecko/20081217 K-Meleon/1.5.2" "www.losethos.com"
65.207.29.56 - - [09/May/2009:02:54:49 -0700] "GET /media/Demo1.wmv HTTP/1.1" 200 196608 "-" "NSPlayer/11.0.5721.5251" "www.losethos.com"
65.207.29.56 - - [09/May/2009:02:54:50 -0700] "GET /media/Demo1.smi HTTP/1.1" 404 275 "-" "Windows-Media-Player/11.0.5721.5260" "www.losethos.com"
65.207.29.56 - - [09/May/2009:02:55:34 -0700] "GET /media/Demo1.wmv HTTP/1.1" 206 23658496 "http://www.losethos.com/index.html" "Mozilla/5.0 (Windows; U; Windows NT 5.1; en-US; rv:1.8.1.19) Gecko/20081217 K-Meleon/1.5.2" "www.losethos.com"
65.207.29.56 - - [09/May/2009:02:55:34 -0700] "GET /media/Demo1.wmv HTTP/1.1" 200 22151168 "-" "NSPlayer/11.0.5721.5251 WMFSDK/11.0" "www.losethos.com"
171.192.164.10 - - [09/May/2009:02:58:30 -0700] "GET / HTTP/1.1" 304 - "-" "Mozilla/4.0 (compatible; MSIE 7.0; Windows NT 6.0; WOW64; SU 3.21; SLCC1; .NET CLR 2.0.50727; .NET CLR 3.0.04506; Media Center PC 5.0)" "www.losethos.com"
171.192.164.10 - - [09/May/2009:02:58:30 -0700] "GET /images/Header.JPG HTTP/1.1" 304 - "http://www.losethos.com/" "Mozilla/4.0 (compatible; MSIE 7.0; Windows NT 6.0; WOW64; SU 3.21; SLCC1; .NET CLR 2.0.50727; .NET CLR 3.0.04506; Media Center PC 5.0)" "www.losethos.com"
171.192.164.10 - - [09/May/2009:02:58:36 -0700] "GET /media/Demo1.wmv HTTP/1.1" 200 2359296 "-" "NSPlayer/11.00.6001.7001 WMFSDK/11.00.6001.7001" "www.losethos.com"
73.5.88.238 - - [09/May/2009:03:00:24 -0700] "GET /v502.html HTTP/1.1" 404 275 "http://www.semantic.hn/" "AppEngine-Google; (+http://code.google.com/appengine)" "www.losethos.com"
171.192.164.10 - - [09/May/2009:03:03:16 -0700] "GET /media/Demo1.wmv HTTP/1.1" 206 2359296 "-" "NSPlayer/11.00.6001.7001 WMFSDK/11.00.6001.7001" "www.losethos.com"
118.69.202.34 - - [09/May/2009:03:11:15 -0700] "GET /LTCD.ISO HTTP/1.1" 200 1572864 "-" "Mozilla/5.0 (Windows; U; Windows NT 5.1; cs; rv:1.9.0.10) Gecko/2009042316 Firefox/3.0.10" "www.losethos.com"
73.5.88.88 - - [09/May/2009:03:17:32 -0700] "GET /v502.html HTTP/1.1" 404 275 "http://www.semantic.hn/" "AppEngine-Google; (+http://code.google.com/appengine)" "www.losethos.com"
73.5.88.88 - - [09/May/2009:03:34:31 -0700] "GET /v502.html HTTP/1.1" 404 275 "http://www.semantic.hn/" "AppEngine-Google; (+http://code.google.com/appengine)" "www.losethos.com"
18.42.185.88 - - [09/May/2009:03:39:15 -0700] "GET /LTCD.ISO HTTP/1.1" 200 4704256 "-" "Mozilla/4.0 (compatible; MSIE 6.0; Windows NT 5.1)" "www.losethos.com"
122.230.98.254 - - [09/May/2009:03:44:05 -0700] "GET /flightsim.html HTTP/1.1" 200 50990 "-" "T-Mobile Dash Mozilla/4.0 (compatible; MSIE 4.01; Windows CE; Smartphone; 320x240; MSNBOT-MOBILE/1.1; +http://search.msn.com/msnbot.htm)" "www.losethos.com"
197.5.234.174 - - [09/May/2009:03:45:47 -0700] "GET /robots.txt HTTP/1.1" 404 275 "-" "Mozilla/5.0 (compatible; MSIE or Firefox mutant; not on Windows server; +http://ws.daum.net/aboutWebSearch.html) Daumoa/2.0" "www.losethos.com"
197.5.234.174 - - [09/May/2009:03:45:47 -0700] "GET / HTTP/1.1" 200 81188 "http://www.losethos.com" "Mozilla/5.0 (compatible; Firefox compatible; MS IE compatible; not on Windows server; +http://cs.daum.net/faq/site/15.html) Daumoa-feedfetcher/2.0" "www.losethos.com"
122.230.98.254 - - [09/May/2009:03:46:10 -0700] "GET / HTTP/1.1" 200 81188 "-" "T-Mobile Dash Mozilla/4.0 (compatible; MSIE 4.01; Windows CE; Smartphone; 320x240; MSNBOT-MOBILE/1.1; +http://search.msn.com/msnbot.htm)" "www.losethos.com"
248.203.203.18 - - [09/May/2009:03:49:53 -0700] "GET /robots.txt HTTP/1.1" 404 275 "-" "SeznamBot/2.0 (+http://fulltext.sblog.cz/robot/)" "www.losethos.com"
248.203.203.18 - - [09/May/2009:03:49:54 -0700] "GET / HTTP/1.1" 200 81188 "-" "SeznamBot/2.0 (+http://fulltext.sblog.cz/robot/)" "www.losethos.com"
186.239.31.216 - - [09/May/2009:03:51:27 -0700] "GET /v502.html HTTP/1.1" 404 275 "http://www.semantic.hn/" "AppEngine-Google; (+http://code.google.com/appengine)" "www.losethos.com"
145.196.24.69 - - [09/May/2009:03:54:45 -0700] "GET /LTCD.ISO HTTP/1.1" 200 196608 "-" "Mozilla/4.0 (compatible; MSIE 6.0; Windows NT 5.1; SV1)" "www.losethos.com"
73.5.88.238 - - [09/May/2009:04:00:26 -0700] "GET /v502.html HTTP/1.1" 404 275 "http://www.semantic.hn/" "AppEngine-Google; (+http://code.google.com/appengine)" "www.losethos.com"
101.116.115.252 - - [09/May/2009:04:02:55 -0700] "GET /LTCD.ISO HTTP/1.1" 206 520678 "http://www.globalfreeware.com/LimeWire-4180-Beta--4167-download.html" "Mozilla/4.0 (compatible; MSIE 7.0; Windows NT 6.0; SLCC1; .NET CLR 2.0.50727; Media Center PC 5.0; .NET CLR 3.0.04506; .NET CLR 1.1.4322; OfficeLiveConnector.1.3; OfficeLivePatch.0.0; InfoPath.1)" "www.losethos.com"
101.116.115.252 - - [09/May/2009:04:02:56 -0700] "GET /LTCD.ISO HTTP/1.1" 206 917504 "http://www.globalfreeware.com/LimeWire-4180-Beta--4167-download.html" "Mozilla/4.0 (compatible; MSIE 7.0; Windows NT 6.0; SLCC1; .NET CLR 2.0.50727; Media Center PC 5.0; .NET CLR 3.0.04506; .NET CLR 1.1.4322; OfficeLiveConnector.1.3; OfficeLivePatch.0.0; InfoPath.1)" "www.losethos.com"
101.116.115.252 - - [09/May/2009:04:02:56 -0700] "GET /LTCD.ISO HTTP/1.1" 206 193841 "http://www.globalfreeware.com/LimeWire-4180-Beta--4167-download.html" "Mozilla/4.0 (compatible; MSIE 7.0; Windows NT 6.0; SLCC1; .NET CLR 2.0.50727; Media Center PC 5.0; .NET CLR 3.0.04506; .NET CLR 1.1.4322; OfficeLiveConnector.1.3; OfficeLivePatch.0.0; InfoPath.1)" "www.losethos.com"
101.116.115.252 - - [09/May/2009:04:02:58 -0700] "GET /LTCD.ISO HTTP/1.1" 206 511644 "http://www.globalfreeware.com/LimeWire-4180-Beta--4167-download.html" "Mozilla/4.0 (compatible; MSIE 7.0; Windows NT 6.0; SLCC1; .NET CLR 2.0.50727; Media Center PC 5.0; .NET CLR 3.0.04506; .NET CLR 1.1.4322; OfficeLiveConnector.1.3; OfficeLivePatch.0.0; InfoPath.1)" "www.losethos.com"
101.116.115.252 - - [09/May/2009:04:02:59 -0700] "GET /LTCD.ISO HTTP/1.1" 206 562286 "http://www.globalfreeware.com/LimeWire-4180-Beta--4167-download.html" "Mozilla/4.0 (compatible; MSIE 7.0; Windows NT 6.0; SLCC1; .NET CLR 2.0.50727; Media Center PC 5.0; .NET CLR 3.0.04506; .NET CLR 1.1.4322; OfficeLiveConnector.1.3; OfficeLivePatch.0.0; InfoPath.1)" "www.losethos.com"
101.116.115.252 - - [09/May/2009:04:03:03 -0700] "GET /LTCD.ISO HTTP/1.1" 206 786432 "http://www.globalfreeware.com/LimeWire-4180-Beta--4167-download.html" "Mozilla/4.0 (compatible; MSIE 7.0; Windows NT 6.0; SLCC1; .NET CLR 2.0.50727; Media Center PC 5.0; .NET CLR 3.0.04506; .NET CLR 1.1.4322; OfficeLiveConnector.1.3; OfficeLivePatch.0.0; InfoPath.1)" "www.losethos.com"
101.116.115.252 - - [09/May/2009:04:03:04 -0700] "GET /LTCD.ISO HTTP/1.1" 206 851968 "http://www.globalfreeware.com/LimeWire-4180-Beta--4167-download.html" "Mozilla/4.0 (compatible; MSIE 7.0; Windows NT 6.0; SLCC1; .NET CLR 2.0.50727; Media Center PC 5.0; .NET CLR 3.0.04506; .NET CLR 1.1.4322; OfficeLiveConnector.1.3; OfficeLivePatch.0.0; InfoPath.1)" "www.losethos.com"
101.116.115.252 - - [09/May/2009:04:03:06 -0700] "GET /LTCD.ISO HTTP/1.1" 206 550985 "http://www.globalfreeware.com/LimeWire-4180-Beta--4167-download.html" "Mozilla/4.0 (compatible; MSIE 7.0; Windows NT 6.0; SLCC1; .NET CLR 2.0.50727; Media Center PC 5.0; .NET CLR 3.0.04506; .NET CLR 1.1.4322; OfficeLiveConnector.1.3; OfficeLivePatch.0.0; InfoPath.1)" "www.losethos.com"
101.116.115.252 - - [09/May/2009:04:03:08 -0700] "GET /LTCD.ISO HTTP/1.1" 206 39622 "http://www.globalfreeware.com/LimeWire-4180-Beta--4167-download.html" "Mozilla/4.0 (compatible; MSIE 7.0; Windows NT 6.0; SLCC1; .NET CLR 2.0.50727; Media Center PC 5.0; .NET CLR 3.0.04506; .NET CLR 1.1.4322; OfficeLiveConnector.1.3; OfficeLivePatch.0.0; InfoPath.1)" "www.losethos.com"
101.116.115.252 - - [09/May/2009:04:03:09 -0700] "GET /LTCD.ISO HTTP/1.1" 206 720896 "http://www.globalfreeware.com/LimeWire-4180-Beta--4167-download.html" "Mozilla/4.0 (compatible; MSIE 7.0; Windows NT 6.0; SLCC1; .NET CLR 2.0.50727; Media Center PC 5.0; .NET CLR 3.0.04506; .NET CLR 1.1.4322; OfficeLiveConnector.1.3; OfficeLivePatch.0.0; InfoPath.1)" "www.losethos.com"
95.241.119.140 - - [09/May/2009:04:05:28 -0700] "GET /V421.html HTTP/1.1" 404 275 "-" "Yanga WorldSearch Bot v1.1/beta (http://www.yanga.co.uk/)" "www.losethos.com"
122.230.77.224 - - [09/May/2009:04:09:51 -0700] "GET /requirements.html HTTP/1.0" 304 - "-" "msnbot/2.0b (+http://search.msn.com/msnbot.htm)" "www.losethos.com"
139.164.240.154 - - [09/May/2009:04:14:35 -0700] "GET /LTCD.ISO HTTP/1.1" 200 4704256 "-" "Mozilla/5.0 (Windows; U; Windows NT 6.0; pl; rv:1.9.0.6) Gecko/2009011913 Firefox/3.0.6" "www.losethos.com"
151.147.40.18 - - [09/May/2009:04:15:28 -0700] "GET /sitebuilder/images/?S=A HTTP/1.0" 200 3273 "-" "Mozilla/5.0 (compatible; Yahoo! Slurp/3.0; http://help.yahoo.com/help/us/ysearch/slurp)" "www.losethos.com"
186.239.31.216 - - [09/May/2009:04:17:26 -0700] "GET /v502.html HTTP/1.1" 404 275 "http://www.semantic.hn/" "AppEngine-Google; (+http://code.google.com/appengine)" "www.losethos.com"
186.239.31.88 - - [09/May/2009:04:34:24 -0700] "GET /v502.html HTTP/1.1" 404 275 "http://www.semantic.hn/" "AppEngine-Google; (+http://code.google.com/appengine)" "www.losethos.com"
120.19.109.150 - - [09/May/2009:04:35:46 -0700] "GET / HTTP/1.1" 200 81188 "http://www.google.co.uk/search?q=operating+systems+free+request+cd&hl=en&start=10&sa=N" "Mozilla/5.0 (X11; U; Linux i686; en-GB; rv:1.9.0.10) Gecko/2009042708 Fedora/3.0.10-1.fc10 Firefox/3.0.10" "www.losethos.com"
120.19.109.150 - - [09/May/2009:04:35:52 -0700] "GET /images/Header.JPG HTTP/1.1" 200 2982 "http://www.losethos.com/" "Mozilla/5.0 (X11; U; Linux i686; en-GB; rv:1.9.0.10) Gecko/2009042708 Fedora/3.0.10-1.fc10 Firefox/3.0.10" "www.losethos.com"
120.19.109.150 - - [09/May/2009:04:35:57 -0700] "GET /media/Demo1.wmv HTTP/1.1" 200 196608 "http://www.losethos.com/" "Mozilla/5.0 (X11; U; Linux i686; en-GB; rv:1.9.0.10) Gecko/2009042708 Fedora/3.0.10-1.fc10 Firefox/3.0.10" "www.losethos.com"
139.223.101.53 - - [09/May/2009:04:36:48 -0700] "GET /LTCD.ISO HTTP/1.1" 206 996583 "http://www.globalfreeware.com/CPU-Z-1442-download.html" "Mozilla/4.0 (compatible; MSIE 6.0; Windows NT 5.1; SV1)" "www.losethos.com"
139.223.101.43 - - [09/May/2009:04:36:48 -0700] "GET /LTCD.ISO HTTP/1.1" 206 245291 "http://www.globalfreeware.com/CPU-Z-1442-download.html" "Mozilla/4.0 (compatible; MSIE 6.0; Windows NT 5.1; SV1)" "www.losethos.com"
139.223.101.53 - - [09/May/2009:04:36:49 -0700] "GET /LTCD.ISO HTTP/1.1" 206 294711 "http://www.globalfreeware.com/CPU-Z-1442-download.html" "Mozilla/4.0 (compatible; MSIE 6.0; Windows NT 5.1; SV1)" "www.losethos.com"
120.19.109.150 - - [09/May/2009:04:36:50 -0700] "GET /favicon.ico HTTP/1.1" 404 275 "-" "Mozilla/5.0 (X11; U; Linux i686; en-GB; rv:1.9.0.10) Gecko/2009042708 Fedora/3.0.10-1.fc10 Firefox/3.0.10" "www.losethos.com"
139.223.101.46 - - [09/May/2009:04:36:52 -0700] "GET /LTCD.ISO HTTP/1.1" 206 126496 "http://www.globalfreeware.com/CPU-Z-1442-download.html" "Mozilla/4.0 (compatible; MSIE 6.0; Windows NT 5.1; SV1)" "www.losethos.com"
139.223.101.116 - - [09/May/2009:04:36:53 -0700] "GET /LTCD.ISO HTTP/1.1" 206 620324 "http://www.globalfreeware.com/CPU-Z-1442-download.html" "Mozilla/4.0 (compatible; MSIE 6.0; Windows NT 5.1; SV1)" "www.losethos.com"
139.223.101.53 - - [09/May/2009:04:36:55 -0700] "GET /LTCD.ISO HTTP/1.1" 206 1572864 "http://www.globalfreeware.com/CPU-Z-1442-download.html" "Mozilla/4.0 (compatible; MSIE 6.0; Windows NT 5.1; SV1)" "www.losethos.com"
139.223.101.4 - - [09/May/2009:04:36:55 -0700] "GET /LTCD.ISO HTTP/1.1" 206 63249 "http://www.globalfreeware.com/CPU-Z-1442-download.html" "Mozilla/4.0 (compatible; MSIE 6.0; Windows NT 5.1; SV1)" "www.losethos.com"
139.223.101.53 - - [09/May/2009:04:36:57 -0700] "GET /LTCD.ISO HTTP/1.1" 206 2097152 "http://www.globalfreeware.com/CPU-Z-1442-download.html" "Mozilla/4.0 (compatible; MSIE 6.0; Windows NT 5.1; SV1)" "www.losethos.com"
139.223.101.53 - - [09/May/2009:04:36:58 -0700] "GET /LTCD.ISO HTTP/1.1" 206 31705 "http://www.globalfreeware.com/CPU-Z-1442-download.html" "Mozilla/4.0 (compatible; MSIE 6.0; Windows NT 5.1; SV1)" "www.losethos.com"
139.223.101.53 - - [09/May/2009:04:36:58 -0700] "GET /LTCD.ISO HTTP/1.1" 206 21376 "http://www.globalfreeware.com/CPU-Z-1442-download.html" "Mozilla/4.0 (compatible; MSIE 6.0; Windows NT 5.1; SV1)" "www.losethos.com"
4.40.60.11 - - [09/May/2009:04:38:13 -0700] "GET /index.html HTTP/1.1" 304 - "-" "Sogou web spider/4.0(+http://www.sogou.com/docs/help/webmasters.htm#07)" "www.losethos.com"
151.147.40.18 - - [09/May/2009:04:46:37 -0700] "GET /sitebuilder/?S=D HTTP/1.0" 200 796 "-" "Mozilla/5.0 (compatible; Yahoo! Slurp/3.0; http://help.yahoo.com/help/us/ysearch/slurp)" "www.losethos.com"
21.54.124.238 - - [09/May/2009:04:50:23 -0700] "GET /LTCD.ISO HTTP/1.1" 200 196608 "-" "Mozilla/4.0 (compatible; MSIE 8.0; Windows NT 6.0; WOW64; Trident/4.0; SLCC1; .NET CLR 2.0.50727; Media Center PC 5.0; .NET CLR 3.5.21022; .NET CLR 1.1.4322; .NET CLR 3.5.30729; .NET CLR 3.0.30618; OfficeLiveConnector.1.3; OfficeLivePatch.0.0)" "www.losethos.com"
186.239.31.88 - - [09/May/2009:04:51:24 -0700] "GET /v502.html HTTP/1.1" 404 275 "http://www.semantic.hn/" "AppEngine-Google; (+http://code.google.com/appengine)" "www.losethos.com"
122.230.112.17 - - [09/May/2009:04:56:15 -0700] "GET /robots.txt HTTP/1.1" 404 275 "-" "msnbot/2.0b (+http://search.msn.com/msnbot.htm)" "www.losethos.com"
122.230.112.17 - - [09/May/2009:04:58:20 -0700] "GET /contact.html HTTP/1.0" 304 - "-" "msnbot/2.0b (+http://search.msn.com/msnbot.htm)" "www.losethos.com"
186.239.31.140 - - [09/May/2009:05:00:34 -0700] "GET /v502.html HTTP/1.1" 404 275 "http://www.semantic.hn/" "AppEngine-Google; (+http://code.google.com/appengine)" "www.losethos.com"
122.230.77.131 - - [09/May/2009:05:01:19 -0700] "GET /history.html HTTP/1.0" 404 275 "-" "msnbot/2.0b (+http://search.msn.com/msnbot.htm)" "www.losethos.com"
151.147.40.18 - - [09/May/2009:05:03:38 -0700] "GET /LTCD.ISO HTTP/1.0" 304 - "-" "Mozilla/5.0 (compatible; Yahoo! Slurp/3.0; http://help.yahoo.com/help/us/ysearch/slurp)" "www.losethos.com"
46.204.173.78 - - [09/May/2009:05:06:53 -0700] "GET /v505.html HTTP/1.1" 404 275 "-" "Mozilla/5.0 (compatible; woriobot support [at] worio [dot] com +http://worio.com)" "www.losethos.com"
120.122.232.27 - - [09/May/2009:05:12:04 -0700] "GET /LTCD.ISO HTTP/1.1" 200 262144 "http://images.google.ro/imgres?imgurl=http://www.globalfreeware.com/productImg/39/YouTube-Downloader-216/youtubednldr11.gif&imgrefurl=http://www.globalfreeware.com/YouTube-Downloader-216.html&usg=__oTEVmin8KCl46ET7llSU7NxmGFU=&h=326&w=378&sz=11&hl=ro&start=2&um=1&tbnid=q04pwDLVt9sGgM:&tbnh=105&tbnw=122&prev=/images%3Fq%3Ddownload%2Bfree%2Byoutube%2Bdownloader%26hl%3Dro%26sa%3DN%26um%3D1" "Mozilla/4.0 (compatible; MSIE 6.0; Windows NT 5.1; SV1)" "www.losethos.com"
228.64.175.147 - - [09/May/2009:05:15:44 -0700] "HEAD /LTCD.ISO HTTP/1.1" 206 0 "-" "Mozilla/5.0 (Windows; U; Windows NT 5.1; pt-BR; rv:1.8.0.1) Gecko/20060111 Firefox/1.5.0.174.5361328125" "www.losethos.com"
73.5.88.122 - - [09/May/2009:05:17:26 -0700] "GET /v502.html HTTP/1.1" 404 275 "http://www.semantic.hn/" "AppEngine-Google; (+http://code.google.com/appengine)" "www.losethos.com"
186.239.31.216 - - [09/May/2009:05:34:24 -0700] "GET /v502.html HTTP/1.1" 404 275 "http://www.semantic.hn/" "AppEngine-Google; (+http://code.google.com/appengine)" "www.losethos.com"
54.30.240.250 - - [09/May/2009:05:45:22 -0700] "GET /robots.txt HTTP/1.0" 404 275 "-" "Mozilla/5.0 (compatible; Yahoo! Slurp China; http://misc.yahoo.com.cn/help.html)" "www.losethos.com"
54.30.153.214 - - [09/May/2009:05:46:10 -0700] "GET / HTTP/1.0" 200 81188 "-" "Mozilla/5.0 (compatible; Yahoo! Slurp China; http://misc.yahoo.com.cn/help.html)" "www.losethos.com"
186.239.31.163 - - [09/May/2009:05:51:25 -0700] "GET /v502.html HTTP/1.1" 404 275 "http://www.semantic.hn/" "AppEngine-Google; (+http://code.google.com/appengine)" "www.losethos.com"
88.92.31.196 - - [09/May/2009:05:57:41 -0700] "GET /images/Span.JPG HTTP/1.1" 304 - "-" "Mozilla/4.0 (compatible;)" "www.losethos.com"
61.11.202.40 - - [09/May/2009:05:57:43 -0700] "GET /LTCD.ISO HTTP/1.1" 200 262144 "-" "Mozilla/4.0 (compatible; MSIE 6.0; Windows NT 5.1; SV1; (R1 1.6); .NET CLR 2.0.50727)" "www.losethos.com"
88.92.31.196 - - [09/May/2009:05:57:45 -0700] "GET /images/Squirt.JPG HTTP/1.1" 304 - "-" "Mozilla/4.0 (compatible;)" "www.losethos.com"
88.92.31.196 - - [09/May/2009:05:58:09 -0700] "GET /images/Tanks.JPG HTTP/1.1" 200 110155 "-" "Mozilla/4.0 (compatible;)" "www.losethos.com"
88.92.31.196 - - [09/May/2009:05:58:37 -0700] "GET /images/FPS.JPG HTTP/1.1" 304 - "-" "Mozilla/4.0 (compatible;)" "www.losethos.com"
186.239.31.216 - - [09/May/2009:06:00:27 -0700] "GET /v502.html HTTP/1.1" 404 275 "http://www.semantic.hn/" "AppEngine-Google; (+http://code.google.com/appengine)" "www.losethos.com"
61.11.202.40 - - [09/May/2009:06:00:34 -0700] "GET /LTCD.ISO HTTP/1.1" 200 358656 "-" "Mozilla/4.0 (compatible; MSIE 6.0; Windows NT 5.1; SV1; (R1 1.6); .NET CLR 2.0.50727)" "www.losethos.com"
61.11.202.40 - - [09/May/2009:06:01:01 -0700] "GET /LTCD.ISO HTTP/1.1" 200 254896 "-" "Mozilla/4.0 (compatible; MSIE 6.0; Windows NT 5.1; SV1; (R1 1.6); .NET CLR 2.0.50727)" "www.losethos.com"
61.11.202.40 - - [09/May/2009:06:01:25 -0700] "GET /LTCD.ISO HTTP/1.1" 200 530688 "http://www.globalfreeware.com/Nlite-Add-on-Maker-124-download.html" "Mozilla/4.0 (compatible; MSIE 6.0; Windows NT 5.1; SV1; (R1 1.6); .NET CLR 2.0.50727)" "www.losethos.com"
183.44.39.33 - - [09/May/2009:06:07:27 -0700] "GET / HTTP/1.1" 200 81188 "http://www.cs.toronto.edu/~ad/news/" "Mozilla/5.0 (Windows; U; Windows NT 5.1; en-US; rv:1.9.0.10) Gecko/2009042316 Firefox/3.0.10" "www.losethos.com"
183.44.39.33 - - [09/May/2009:06:07:27 -0700] "GET /images/Header.JPG HTTP/1.1" 200 2982 "http://www.losethos.com/" "Mozilla/5.0 (Windows; U; Windows NT 5.1; en-US; rv:1.9.0.10) Gecko/2009042316 Firefox/3.0.10" "www.losethos.com"
183.44.39.33 - - [09/May/2009:06:07:28 -0700] "GET /media/Demo1.wmv HTTP/1.1" 200 655360 "http://www.losethos.com/" "Mozilla/5.0 (Windows; U; Windows NT 5.1; en-US; rv:1.9.0.10) Gecko/2009042316 Firefox/3.0.10" "www.losethos.com"
183.44.39.33 - - [09/May/2009:06:07:28 -0700] "GET /favicon.ico HTTP/1.1" 404 275 "-" "Mozilla/5.0 (Windows; U; Windows NT 5.1; en-US; rv:1.9.0.10) Gecko/2009042316 Firefox/3.0.10" "www.losethos.com"
183.44.39.33 - - [09/May/2009:06:07:31 -0700] "GET /favicon.ico HTTP/1.1" 404 275 "-" "Mozilla/5.0 (Windows; U; Windows NT 5.1; en-US; rv:1.9.0.10) Gecko/2009042316 Firefox/3.0.10" "www.losethos.com"
186.239.31.140 - - [09/May/2009:06:17:31 -0700] "GET /v502.html HTTP/1.1" 404 275 "http://www.semantic.hn/" "AppEngine-Google; (+http://code.google.com/appengine)" "www.losethos.com"
61.249.144.109 - - [09/May/2009:06:30:41 -0700] "GET / HTTP/1.1" 200 81188 "http://www.google.com.kw/search?hl=ar&client=firefox-a&rls=org.mozilla:en-US:official&hs=nxm&ei=S4UFSvy6FMOR_QaPl5GlBw&sa=X&oi=spell&resnum=1&ct=result&cd=1&q=in+32+bit+os+i+want+to+use+virtual+64+bit+os&spell=1" "Mozilla/5.0 (Windows; U; Windows NT 5.1; en-US; rv:1.9.0.10) Gecko/2009042316 Firefox/3.0.10 (.NET CLR 1.1.4322; .NET CLR 2.0.50727; .NET CLR 3.0.4506.2152; .NET CLR 3.5.30729)" "www.losethos.com"
61.249.144.109 - - [09/May/2009:06:30:42 -0700] "GET /images/Header.JPG HTTP/1.1" 200 2982 "http://www.losethos.com/" "Mozilla/5.0 (Windows; U; Windows NT 5.1; en-US; rv:1.9.0.10) Gecko/2009042316 Firefox/3.0.10 (.NET CLR 1.1.4322; .NET CLR 2.0.50727; .NET CLR 3.0.4506.2152; .NET CLR 3.5.30729)" "www.losethos.com"
61.249.144.109 - - [09/May/2009:06:30:43 -0700] "GET /media/Demo1.wmv HTTP/1.1" 200 196608 "http://www.losethos.com/" "Mozilla/5.0 (Windows; U; Windows NT 5.1; en-US; rv:1.9.0.10) Gecko/2009042316 Firefox/3.0.10 (.NET CLR 1.1.4322; .NET CLR 2.0.50727; .NET CLR 3.0.4506.2152; .NET CLR 3.5.30729)" "www.losethos.com"
61.249.144.109 - - [09/May/2009:06:30:45 -0700] "GET /favicon.ico HTTP/1.1" 404 275 "-" "Mozilla/5.0 (Windows; U; Windows NT 5.1; en-US; rv:1.9.0.10) Gecko/2009042316 Firefox/3.0.10 (.NET CLR 1.1.4322; .NET CLR 2.0.50727; .NET CLR 3.0.4506.2152; .NET CLR 3.5.30729)" "www.losethos.com"
61.249.144.109 - - [09/May/2009:06:30:48 -0700] "GET /favicon.ico HTTP/1.1" 404 275 "-" "Mozilla/5.0 (Windows; U; Windows NT 5.1; en-US; rv:1.9.0.10) Gecko/2009042316 Firefox/3.0.10 (.NET CLR 1.1.4322; .NET CLR 2.0.50727; .NET CLR 3.0.4506.2152; .NET CLR 3.5.30729)" "www.losethos.com"
186.239.31.88 - - [09/May/2009:06:34:30 -0700] "GET /v502.html HTTP/1.1" 404 275 "http://www.semantic.hn/" "AppEngine-Google; (+http://code.google.com/appengine)" "www.losethos.com"
186.239.31.216 - - [09/May/2009:06:51:27 -0700] "GET /v502.html HTTP/1.1" 404 275 "http://www.semantic.hn/" "AppEngine-Google; (+http://code.google.com/appengine)" "www.losethos.com"
18.139.49.119 - - [09/May/2009:06:54:36 -0700] "GET / HTTP/1.1" 200 81188 "-" "Opera/9.64 (Windows NT 5.1; U; en) Presto/2.1.1" "www.losethos.com"
18.139.49.119 - - [09/May/2009:06:54:37 -0700] "GET /images/Header.JPG HTTP/1.1" 200 2982 "http://www.losethos.com/" "Opera/9.64 (Windows NT 5.1; U; en) Presto/2.1.1" "www.losethos.com"
18.139.49.119 - - [09/May/2009:06:54:38 -0700] "GET /media/Demo1.wmv HTTP/1.1" 200 196608 "http://www.losethos.com/" "Opera/9.64 (Windows NT 5.1; U; en) Presto/2.1.1" "www.losethos.com"
18.139.49.119 - - [09/May/2009:06:54:40 -0700] "GET /favicon.ico HTTP/1.1" 404 275 "http://www.losethos.com/" "Opera/9.64 (Windows NT 5.1; U; en) Presto/2.1.1" "www.losethos.com"
132.120.151.0 - - [09/May/2009:06:56:19 -0700] "GET / HTTP/1.1" 200 81188 "-" "Mozilla/5.0 (Windows; U; Windows NT 6.0; de; rv:1.9.0.10) Gecko/2009042316 Firefox/3.0.10" "www.losethos.com"
132.120.151.0 - - [09/May/2009:06:56:19 -0700] "GET /images/Header.JPG HTTP/1.1" 200 2982 "http://www.losethos.com/" "Mozilla/5.0 (Windows; U; Windows NT 6.0; de; rv:1.9.0.10) Gecko/2009042316 Firefox/3.0.10" "www.losethos.com"
132.200.30.68 - - [09/May/2009:06:56:27 -0700] "GET / HTTP/1.1" 200 81188 "-" "Java/1.6.0-beta2" "www.losethos.com"
8.99.103.136 - - [09/May/2009:06:57:06 -0700] "GET / HTTP/1.1" 200 81188 "-" "Mozilla/5.0 (Windows; U; Windows NT 6.0; en-US; rv:1.9.0.10) Gecko/2009042316 Firefox/3.0.10" "www.losethos.com"
8.99.103.136 - - [09/May/2009:06:57:07 -0700] "GET /images/Header.JPG HTTP/1.1" 200 2982 "http://www.losethos.com/" "Mozilla/5.0 (Windows; U; Windows NT 6.0; en-US; rv:1.9.0.10) Gecko/2009042316 Firefox/3.0.10" "www.losethos.com"
8.99.103.136 - - [09/May/2009:06:57:07 -0700] "GET /media/Demo1.wmv HTTP/1.1" 200 196608 "http://www.losethos.com/" "Mozilla/5.0 (Windows; U; Windows NT 6.0; en-US; rv:1.9.0.10) Gecko/2009042316 Firefox/3.0.10" "www.losethos.com"
8.99.103.136 - - [09/May/2009:06:57:08 -0700] "GET /favicon.ico HTTP/1.1" 404 275 "-" "Mozilla/5.0 (Windows; U; Windows NT 6.0; en-US; rv:1.9.0.10) Gecko/2009042316 Firefox/3.0.10" "www.losethos.com"
8.99.103.136 - - [09/May/2009:06:57:11 -0700] "GET /favicon.ico HTTP/1.1" 404 275 "-" "Mozilla/5.0 (Windows; U; Windows NT 6.0; en-US; rv:1.9.0.10) Gecko/2009042316 Firefox/3.0.10" "www.losethos.com"
132.120.151.0 - - [09/May/2009:06:57:17 -0700] "GET /favicon.ico HTTP/1.1" 404 275 "-" "Mozilla/5.0 (Windows; U; Windows NT 6.0; de; rv:1.9.0.10) Gecko/2009042316 Firefox/3.0.10" "www.losethos.com"
132.120.151.0 - - [09/May/2009:06:57:17 -0700] "GET /requirements.html HTTP/1.1" 200 3333 "http://www.losethos.com/" "Mozilla/5.0 (Windows; U; Windows NT 6.0; de; rv:1.9.0.10) Gecko/2009042316 Firefox/3.0.10" "www.losethos.com"
132.120.151.0 - - [09/May/2009:06:57:17 -0700] "GET /media/Demo1.wmv HTTP/1.1" 200 4653056 "http://www.losethos.com/" "Mozilla/5.0 (Windows; U; Windows NT 6.0; de; rv:1.9.0.10) Gecko/2009042316 Firefox/3.0.10" "www.losethos.com"
132.120.151.0 - - [09/May/2009:06:57:17 -0700] "GET /images/Requirements.jpg HTTP/1.1" 200 29287 "http://www.losethos.com/requirements.html" "Mozilla/5.0 (Windows; U; Windows NT 6.0; de; rv:1.9.0.10) Gecko/2009042316 Firefox/3.0.10" "www.losethos.com"
132.120.151.0 - - [09/May/2009:06:57:20 -0700] "GET /favicon.ico HTTP/1.1" 404 275 "-" "Mozilla/5.0 (Windows; U; Windows NT 6.0; de; rv:1.9.0.10) Gecko/2009042316 Firefox/3.0.10" "www.losethos.com"
132.120.151.0 - - [09/May/2009:06:57:21 -0700] "GET /favicon.ico HTTP/1.1" 404 275 "-" "Mozilla/5.0 (Windows; U; Windows NT 6.0; de; rv:1.9.0.10) Gecko/2009042316 Firefox/3.0.10" "www.losethos.com"
132.120.151.0 - - [09/May/2009:06:59:16 -0700] "GET /screenshots.html HTTP/1.1" 200 11591 "http://www.losethos.com/requirements.html" "Mozilla/5.0 (Windows; U; Windows NT 6.0; de; rv:1.9.0.10) Gecko/2009042316 Firefox/3.0.10" "www.losethos.com"
132.120.151.0 - - [09/May/2009:06:59:17 -0700] "GET /images/Collision.JPG HTTP/1.1" 200 77496 "http://www.losethos.com/screenshots.html" "Mozilla/5.0 (Windows; U; Windows NT 6.0; de; rv:1.9.0.10) Gecko/2009042316 Firefox/3.0.10" "www.losethos.com"
132.120.151.0 - - [09/May/2009:06:59:17 -0700] "GET /images/CTrace.JPG HTTP/1.1" 200 72254 "http://www.losethos.com/screenshots.html" "Mozilla/5.0 (Windows; U; Windows NT 6.0; de; rv:1.9.0.10) Gecko/2009042316 Firefox/3.0.10" "www.losethos.com"
132.120.151.0 - - [09/May/2009:06:59:17 -0700] "GET /images/Dollar.JPG HTTP/1.1" 200 92536 "http://www.losethos.com/screenshots.html" "Mozilla/5.0 (Windows; U; Windows NT 6.0; de; rv:1.9.0.10) Gecko/2009042316 Firefox/3.0.10" "www.losethos.com"
132.120.151.0 - - [09/May/2009:06:59:17 -0700] "GET /images/DotNet.JPG HTTP/1.1" 200 77806 "http://www.losethos.com/screenshots.html" "Mozilla/5.0 (Windows; U; Windows NT 6.0; de; rv:1.9.0.10) Gecko/2009042316 Firefox/3.0.10" "www.losethos.com"
132.120.151.0 - - [09/May/2009:06:59:17 -0700] "GET /images/Rocks.JPG HTTP/1.1" 200 38304 "http://www.losethos.com/screenshots.html" "Mozilla/5.0 (Windows; U; Windows NT 6.0; de; rv:1.9.0.10) Gecko/2009042316 Firefox/3.0.10" "www.losethos.com"
132.120.151.0 - - [09/May/2009:06:59:17 -0700] "GET /images/Tanks.JPG HTTP/1.1" 200 110155 "http://www.losethos.com/screenshots.html" "Mozilla/5.0 (Windows; U; Windows NT 6.0; de; rv:1.9.0.10) Gecko/2009042316 Firefox/3.0.10" "www.losethos.com"
132.120.151.0 - - [09/May/2009:06:59:18 -0700] "GET /images/FlightSim2.JPG HTTP/1.1" 200 58066 "http://www.losethos.com/screenshots.html" "Mozilla/5.0 (Windows; U; Windows NT 6.0; de; rv:1.9.0.10) Gecko/2009042316 Firefox/3.0.10" "www.losethos.com"
132.120.151.0 - - [09/May/2009:06:59:19 -0700] "GET /images/FPS.JPG HTTP/1.1" 200 18883 "http://www.losethos.com/screenshots.html" "Mozilla/5.0 (Windows; U; Windows NT 6.0; de; rv:1.9.0.10) Gecko/2009042316 Firefox/3.0.10" "www.losethos.com"
132.120.151.0 - - [09/May/2009:06:59:20 -0700] "GET /images/Span.JPG HTTP/1.1" 200 30960 "http://www.losethos.com/screenshots.html" "Mozilla/5.0 (Windows; U; Windows NT 6.0; de; rv:1.9.0.10) Gecko/2009042316 Firefox/3.0.10" "www.losethos.com"
132.120.151.0 - - [09/May/2009:06:59:20 -0700] "GET /images/Squirt.JPG HTTP/1.1" 200 17481 "http://www.losethos.com/screenshots.html" "Mozilla/5.0 (Windows; U; Windows NT 6.0; de; rv:1.9.0.10) Gecko/2009042316 Firefox/3.0.10" "www.losethos.com"
132.120.151.0 - - [09/May/2009:06:59:20 -0700] "GET /images/XCaliber.jpg HTTP/1.1" 200 20758 "http://www.losethos.com/screenshots.html" "Mozilla/5.0 (Windows; U; Windows NT 6.0; de; rv:1.9.0.10) Gecko/2009042316 Firefox/3.0.10" "www.losethos.com"
132.120.151.0 - - [09/May/2009:06:59:20 -0700] "GET /images/Organ.jpg HTTP/1.1" 200 38835 "http://www.losethos.com/screenshots.html" "Mozilla/5.0 (Windows; U; Windows NT 6.0; de; rv:1.9.0.10) Gecko/2009042316 Firefox/3.0.10" "www.losethos.com"
132.120.151.0 - - [09/May/2009:06:59:20 -0700] "GET /images/LoseThosV505.jpg HTTP/1.1" 200 80248 "http://www.losethos.com/screenshots.html" "Mozilla/5.0 (Windows; U; Windows NT 6.0; de; rv:1.9.0.10) Gecko/2009042316 Firefox/3.0.10" "www.losethos.com"
186.239.31.216 - - [09/May/2009:07:00:25 -0700] "GET /v502.html HTTP/1.1" 404 275 "http://www.semantic.hn/" "AppEngine-Google; (+http://code.google.com/appengine)" "www.losethos.com"
151.147.40.18 - - [09/May/2009:07:08:58 -0700] "GET /LTCD.ISO HTTP/1.0" 304 - "-" "Mozilla/5.0 (compatible; Yahoo! Slurp/3.0; http://help.yahoo.com/help/us/ysearch/slurp)" "www.losethos.com"
8.99.177.103 - - [09/May/2009:07:10:13 -0700] "GET / HTTP/1.1" 200 81188 "-" "Mozilla/5.0 (X11; U; Linux i686; en-US; rv:1.9.0.10) Gecko/2009042523 Ubuntu/9.04 (jaunty) Firefox/3.0.10" "www.losethos.com"
8.99.177.103 - - [09/May/2009:07:10:13 -0700] "GET /images/Header.JPG HTTP/1.1" 200 2982 "http://www.losethos.com/" "Mozilla/5.0 (X11; U; Linux i686; en-US; rv:1.9.0.10) Gecko/2009042523 Ubuntu/9.04 (jaunty) Firefox/3.0.10" "www.losethos.com"
8.99.177.103 - - [09/May/2009:07:10:14 -0700] "GET /media/Demo1.wmv HTTP/1.1" 200 196608 "http://www.losethos.com/" "Mozilla/5.0 (X11; U; Linux i686; en-US; rv:1.9.0.10) Gecko/2009042523 Ubuntu/9.04 (jaunty) Firefox/3.0.10" "www.losethos.com"
8.99.177.103 - - [09/May/2009:07:10:15 -0700] "GET /favicon.ico HTTP/1.1" 404 275 "-" "Mozilla/5.0 (X11; U; Linux i686; en-US; rv:1.9.0.10) Gecko/2009042523 Ubuntu/9.04 (jaunty) Firefox/3.0.10" "www.losethos.com"
8.99.177.103 - - [09/May/2009:07:10:18 -0700] "GET /favicon.ico HTTP/1.1" 404 275 "-" "Mozilla/5.0 (X11; U; Linux i686; en-US; rv:1.9.0.10) Gecko/2009042523 Ubuntu/9.04 (jaunty) Firefox/3.0.10" "www.losethos.com"
120.189.63.206 - - [09/May/2009:07:11:26 -0700] "GET /LTCD.ISO HTTP/1.1" 200 196608 "-" "Mozilla/4.0 (compatible; MSIE 7.0; Windows NT 5.1; Trident/4.0; .NET CLR 1.1.4322; MSN Optimized;US)" "www.losethos.com"
183.254.26.78 - - [09/May/2009:07:11:55 -0700] "GET /robots.txt HTTP/1.1" 404 275 "-" "Mediapartners-Google" "www.losethos.com"
24.112.97.97 - - [09/May/2009:07:12:07 -0700] "GET /LTCD.ISO HTTP/1.1" 200 720896 "-" "Mozilla/5.0 (Windows; U; Windows NT 6.0; ro; rv:1.9.0.10) Gecko/2009042316 Firefox/3.0.10 (.NET CLR 3.5.30729)" "www.losethos.com"
24.112.97.97 - - [09/May/2009:07:12:12 -0700] "GET /LTCD.ISO HTTP/1.1" 206 327680 "-" "Mozilla/5.0 (Windows; U; Windows NT 6.0; ro; rv:1.9.0.10) Gecko/2009042316 Firefox/3.0.10 (.NET CLR 3.5.30729)" "www.losethos.com"
120.189.63.206 - - [09/May/2009:07:13:23 -0700] "GET /LTCD.ISO HTTP/1.1" 200 196608 "-" "Mozilla/4.0 (compatible; MSIE 7.0; Windows NT 5.1; Trident/4.0; .NET CLR 1.1.4322; MSN Optimized;US)" "www.losethos.com"
120.189.63.206 - - [09/May/2009:07:13:58 -0700] "GET /LTCD.ISO HTTP/1.1" 200 393216 "-" "Mozilla/4.0 (compatible; MSIE 7.0; Windows NT 5.1; Trident/4.0; .NET CLR 1.1.4322; MSN Optimized;US)" "www.losethos.com"
120.189.63.206 - - [09/May/2009:07:14:22 -0700] "GET /LTCD.ISO HTTP/1.1" 200 196608 "-" "Mozilla/4.0 (compatible; MSIE 7.0; Windows NT 5.1; Trident/4.0; .NET CLR 1.1.4322; MSN Optimized;US)" "www.losethos.com"
120.189.63.206 - - [09/May/2009:07:16:05 -0700] "GET /LTCD.ISO HTTP/1.1" 200 4704256 "-" "Mozilla/4.0 (compatible; MSIE 7.0; Windows NT 5.1; Trident/4.0; .NET CLR 1.1.4322; MSN Optimized;US)" "www.losethos.com"
73.5.88.163 - - [09/May/2009:07:17:28 -0700] "GET /v502.html HTTP/1.1" 404 275 "http://www.semantic.hn/" "AppEngine-Google; (+http://code.google.com/appengine)" "www.losethos.com"
8.99.177.103 - - [09/May/2009:07:23:32 -0700] "GET /media/Demo1.wmv HTTP/1.1" 206 1063680 "-" "Mozilla/5.0 (X11; U; Linux i686; en-US; rv:1.9.0.10) Gecko/2009042523 Ubuntu/9.04 (jaunty) Firefox/3.0.10" "www.losethos.com"
73.135.2.252 - - [09/May/2009:07:24:05 -0700] "GET / HTTP/1.1" 200 81188 "-" "Mozilla/5.0 (X11; U; Linux i686; en-US; rv:1.9.0.10) Gecko/2009042523 Ubuntu/9.04 (jaunty) Firefox/3.0.10" "www.losethos.com"
73.135.2.252 - - [09/May/2009:07:24:05 -0700] "GET /images/Header.JPG HTTP/1.1" 200 2982 "http://www.losethos.com/" "Mozilla/5.0 (X11; U; Linux i686; en-US; rv:1.9.0.10) Gecko/2009042523 Ubuntu/9.04 (jaunty) Firefox/3.0.10" "www.losethos.com"
73.135.2.252 - - [09/May/2009:07:24:05 -0700] "GET /media/Demo1.wmv HTTP/1.1" 200 196608 "http://www.losethos.com/" "Mozilla/5.0 (X11; U; Linux i686; en-US; rv:1.9.0.10) Gecko/2009042523 Ubuntu/9.04 (jaunty) Firefox/3.0.10" "www.losethos.com"
73.135.2.252 - - [09/May/2009:07:24:06 -0700] "GET /favicon.ico HTTP/1.1" 404 275 "-" "Mozilla/5.0 (X11; U; Linux i686; en-US; rv:1.9.0.10) Gecko/2009042523 Ubuntu/9.04 (jaunty) Firefox/3.0.10" "www.losethos.com"
73.135.2.252 - - [09/May/2009:07:24:09 -0700] "GET /favicon.ico HTTP/1.1" 404 275 "-" "Mozilla/5.0 (X11; U; Linux i686; en-US; rv:1.9.0.10) Gecko/2009042523 Ubuntu/9.04 (jaunty) Firefox/3.0.10" "www.losethos.com"
186.239.31.88 - - [09/May/2009:07:34:27 -0700] "GET /v502.html HTTP/1.1" 404 275 "http://www.semantic.hn/" "AppEngine-Google; (+http://code.google.com/appengine)" "www.losethos.com"
179.199.172.251 - - [09/May/2009:07:48:15 -0700] "GET /media/FlightSim.wmv HTTP/1.0" 404 275 "http://www.losethos.com/flightsim.html" "Mozilla/4.0 (compatible; MSIE 6.0; Windows NT 5.1)" "www.losethos.com"
179.199.172.251 - - [09/May/2009:07:48:16 -0700] "GET /media/FlightSim.wmv HTTP/1.0" 404 275 "http://www.losethos.com/flightsim.html" "Mozilla/4.0 (compatible; MSIE 6.0; Windows NT 5.1)" "www.losethos.com"
186.239.31.238 - - [09/May/2009:07:51:23 -0700] "GET /v502.html HTTP/1.1" 404 275 "http://www.semantic.hn/" "AppEngine-Google; (+http://code.google.com/appengine)" "www.losethos.com"
18.15.146.193 - - [09/May/2009:07:56:04 -0700] "GET /images/LoseThos421.JPG HTTP/1.1" 404 275 "http://forum.osdev.org/viewtopic.php?f=1&t=12087&start=255" "Mozilla/5.0 (Windows; U; Windows NT 6.0; de; rv:1.9.0.10) Gecko/2009042316 Firefox/2.0.0.14 (de) (TL-FF) (.NET CLR 3.5.30729)" "www.losethos.com"
18.15.146.193 - - [09/May/2009:07:59:16 -0700] "GET /screenshots.html HTTP/1.1" 200 11591 "http://forum.osdev.org/viewtopic.php?f=1&t=12087&start=255" "Mozilla/5.0 (Windows; U; Windows NT 6.0; de; rv:1.9.0.10) Gecko/2009042316 Firefox/2.0.0.14 (de) (TL-FF) (.NET CLR 3.5.30729)" "www.losethos.com"
18.15.146.193 - - [09/May/2009:07:59:16 -0700] "GET /images/Header.JPG HTTP/1.1" 200 2982 "http://www.losethos.com/screenshots.html" "Mozilla/5.0 (Windows; U; Windows NT 6.0; de; rv:1.9.0.10) Gecko/2009042316 Firefox/2.0.0.14 (de) (TL-FF) (.NET CLR 3.5.30729)" "www.losethos.com"
18.15.146.193 - - [09/May/2009:07:59:16 -0700] "GET /images/Collision.JPG HTTP/1.1" 200 77496 "http://www.losethos.com/screenshots.html" "Mozilla/5.0 (Windows; U; Windows NT 6.0; de; rv:1.9.0.10) Gecko/2009042316 Firefox/2.0.0.14 (de) (TL-FF) (.NET CLR 3.5.30729)" "www.losethos.com"
18.15.146.193 - - [09/May/2009:07:59:16 -0700] "GET /images/CTrace.JPG HTTP/1.1" 200 72254 "http://www.losethos.com/screenshots.html" "Mozilla/5.0 (Windows; U; Windows NT 6.0; de; rv:1.9.0.10) Gecko/2009042316 Firefox/2.0.0.14 (de) (TL-FF) (.NET CLR 3.5.30729)" "www.losethos.com"
18.15.146.193 - - [09/May/2009:07:59:16 -0700] "GET /images/Dollar.JPG HTTP/1.1" 200 92536 "http://www.losethos.com/screenshots.html" "Mozilla/5.0 (Windows; U; Windows NT 6.0; de; rv:1.9.0.10) Gecko/2009042316 Firefox/2.0.0.14 (de) (TL-FF) (.NET CLR 3.5.30729)" "www.losethos.com"
18.15.146.193 - - [09/May/2009:07:59:16 -0700] "GET /images/DotNet.JPG HTTP/1.1" 200 77806 "http://www.losethos.com/screenshots.html" "Mozilla/5.0 (Windows; U; Windows NT 6.0; de; rv:1.9.0.10) Gecko/2009042316 Firefox/2.0.0.14 (de) (TL-FF) (.NET CLR 3.5.30729)" "www.losethos.com"
18.15.146.193 - - [09/May/2009:07:59:17 -0700] "GET /images/Rocks.JPG HTTP/1.1" 200 38304 "http://www.losethos.com/screenshots.html" "Mozilla/5.0 (Windows; U; Windows NT 6.0; de; rv:1.9.0.10) Gecko/2009042316 Firefox/2.0.0.14 (de) (TL-FF) (.NET CLR 3.5.30729)" "www.losethos.com"
18.15.146.193 - - [09/May/2009:07:59:17 -0700] "GET /images/Tanks.JPG HTTP/1.1" 200 110155 "http://www.losethos.com/screenshots.html" "Mozilla/5.0 (Windows; U; Windows NT 6.0; de; rv:1.9.0.10) Gecko/2009042316 Firefox/2.0.0.14 (de) (TL-FF) (.NET CLR 3.5.30729)" "www.losethos.com"
18.15.146.193 - - [09/May/2009:07:59:17 -0700] "GET /images/FlightSim2.JPG HTTP/1.1" 200 58066 "http://www.losethos.com/screenshots.html" "Mozilla/5.0 (Windows; U; Windows NT 6.0; de; rv:1.9.0.10) Gecko/2009042316 Firefox/2.0.0.14 (de) (TL-FF) (.NET CLR 3.5.30729)" "www.losethos.com"
18.15.146.193 - - [09/May/2009:07:59:17 -0700] "GET /images/FPS.JPG HTTP/1.1" 200 18883 "http://www.losethos.com/screenshots.html" "Mozilla/5.0 (Windows; U; Windows NT 6.0; de; rv:1.9.0.10) Gecko/2009042316 Firefox/2.0.0.14 (de) (TL-FF) (.NET CLR 3.5.30729)" "www.losethos.com"
