
 Start  Stop   Length Name               Class

 00000H 0874FH 08750H SYSCODE            
 08750H 1A0B2H 11963H SYSFILES           
 1A0C0H 1A4BFH 00400H DOSSTK             
 1A4C0H 1A59EH 000DFH BOOTCODE           
 1A5A0H 1A71FH 00180H INITCODE           

  Address         Publics by Name

 0000:03844       ACTIVATE_NEXT_USER
 0000:07854       ADDS
 0000:04BBC       ADD_INTERMEDIATE_CODE
 0000:0684B       ADD_MAP_SYMBOLS
 0000:03638       ADD_TASK_TO_QUEUE
 0000:00CDB       ADD_USER_HASH_ENTRIES
 0000:03350       ALLOCATE_MEMORY_BLOCKS
 0000:02C49       BINARY_TO_FIXED_HEX
 0000:02C44       BINARY_TO_HEX
 1A4C:0005A       BOOT_CODE
 1A4C:000D7       BOOT_IMG_BLOCK_LO
 0000:01AC0       CLEAR_CRT
 0000:0390C       CMD_ACTIVATE_NEXT_USER
 0000:05B78       CMD_ADD_SYS_HASH
 0000:07814       CMD_ATOI
 0000:05B58       CMD_CRT_LINE_OUT
 0000:07A24       CMD_DEFINE_EXTERN
 0000:05B68       CMD_DELETE_LINKED_LIST
 0000:05B18       CMD_FIND_HASH_ENTRY
 0000:05B08       CMD_FREE
 0000:05C1C       CMD_GET_CHAR
 0000:05C30       CMD_GET_STRING
 0000:0297C       CMD_GR_CLEAR
 0000:02AA4       CMD_GR_LINE
 0000:02994       CMD_GR_PLOT
 0000:05B34       CMD_KILL
 0000:07A04       CMD_LOADSTR
 0000:05BC4       CMD_LOAD_TEXT_FILE
 0000:05AF4       CMD_MALLOC
 0000:05BD8       CMD_NEW_STRING
 0000:05C10       CMD_PUT_CHAR
 0000:05C20       CMD_PUT_STRING
 0000:02E28       CMD_QSYSTEM
 0000:030D0       CMD_QUEUE_ROOT
 0000:02D08       CMD_RAND
 0000:00FC0       CMD_REBOOT
 0000:05AE4       CMD_RFREE
 0000:05AD0       CMD_RMALLOC
 0000:05BEC       CMD_RNEW_STRING
 0000:03084       CMD_ROOT
 0000:05B98       CMD_SLEEP
 0000:079F4       CMD_SPACES
 0000:02DE8       CMD_SPAWN
 0000:02CF0       CMD_SRAND
 0000:077A0       CMD_STRCAT
 0000:077D8       CMD_STRCMP
 0000:077C0       CMD_STRCPY
 0000:05C00       CMD_STRLEN
 0000:02E70       CMD_SYSTEM
 0000:05B44       CMD_TO_LINKED_TEXT_FILE
 0000:03C84       CODE_TEXT_TABLE
 0000:02F34       COMMAND_LINE
 0000:049BF       COMPILE_CODE
 0000:08698       COMPILE_EXPRESSION
 0000:067B4       COMPILE_STATEMENT
 0000:07E74       CONT_PARSE_EXPRESSION
 0000:00ED0       CREATE_CODE_SELECTOR
 0000:00E88       CREATE_MEMORY_SELECTOR
 0000:00F18       CREATE_TSS_SELECTOR
 0000:079BC       CRLF
 0000:01C94       CRT_LINE_OUT
 0000:01BBC       CRT_OUT
 0000:01958       CURSOR_HOME
 0000:0198C       CURSOR_OFF
 0000:019CC       CURSOR_ON
 0000:03878       DEACTIVATE_USER
 0000:02BF0       DEBUG_SPIN_WAIT
 0000:07E6C       DELETE_EXPRESSION
 0000:06DE8       DELETE_LEX
 0000:02BFC       DELETE_LINKED_LIST
 0000:02634       DRAW_BORDER
 0000:02598       DRAW_CHAR
 1A4C:000DF       END_BOOT_CODE
 0000:03738       END_TASK
 0000:02CC0       END_TRAP
 1A5A:00165       ENTER_GRAPHICS_MODE
 1A5A:00014       ENTER_PMODE
 0000:0870C       EVAL_EXPRESSION
 0000:02ECC       EXECUTE_COMMAND_LINE
 0000:01A24       FILL_CRT
 0875:0890C       FIL_FAT32_CPP
 0875:05888       FIL_KLUDGE_CPP
 0875:00000       FIL_OS_MAP
 0875:03488       FIL_ROOT_CPP
 0875:0FD24       FIL_STRINGS_CPP
 0875:11084       FIL_SYSTEXT_CPP
 0000:07934       FIND_HASH_BUCKET
 0000:078E4       FIND_HASH_ENTRY
 0000:05C68       FIND_MEMBER
 0000:0192C       FIXED_PUT_HEX
 0000:018D1       FIXED_PUT_STRING
 0000:04D00       FIXUP_CODE
 0000:0351C       FREE
 0000:033B8       FREE_BLOCK_LIST
 0000:00000       GDTTAB
 0000:0187C       GET_CHAR
 0000:08724       GET_EXPRESSION
 0000:04C4C       GET_INTERMEDIATE_CODE
 0000:04C80       GET_INTERMEDIATE_CODE2
 0000:06AE0       GET_KEY
 0000:01884       GET_STRING
 0000:026F4       GR_UPDATE_SCREEN
 0000:07894       HASH_STRING
 0000:02C70       HEX_TO_BINARY
 0000:00518       IDTTAB
 0000:00F60       INIT_8259_AND_LIDT
 0000:04C94       INIT_CB_IN_PTRS
 0000:04C1C       INIT_CB_OUT_PTRS
 0000:01D20       INIT_CRT
 0000:03318       INIT_MEMORY
 0000:07944       INIT_SYSTEXT_AND_EXTERNS
 0000:02C14       INSQUE
 0000:02C24       INSQUE_REV
 0000:01018       IRQ_VECTORS
 0000:01198       JIFFIES
 0000:038BC       KILL_ACTIVE_USER
 0000:03774       KILL_TASK
 0000:07160       LEX
 0000:076BC       LEX_CB_APPEND
 0000:0767C       LEX_CB_POP
 0000:076A0       LEX_CB_POP_NO_FREE
 0000:07650       LEX_CB_PUSH
 0000:06E78       LEX_GET_CHAR
 0000:070A4       LEX_INCLUDE
 0000:0712C       LEX_POP
 0000:070EC       LEX_PUSH
 0000:07158       LEX_SUB_STACK_PTR
 0000:07734       LOAD_TEXT_FILE
 0000:033F4       MALLOC
 0000:03314       MEMORY_FREE_LIST
 0000:05C9C       NEW_CLASS
 0000:078B8       NEW_HASH_TABLE
 0000:06D80       NEW_LEX
 0000:07838       NEW_STRING
 0000:06818       NEW_SYSFILES_STRING
 0000:05678       OPTIMIZE_CODE
 0000:07DE8       PARSE_ERROR
 0000:0655C       PARSE_STATEMENT
 0000:025F0       PLOT_CHAR
 0000:04B82       PUT_ALL_IC
 0000:018BC       PUT_CHAR
 0000:04AF8       PUT_CLASS
 0000:018F8       PUT_DEC
 0000:01905       PUT_HEX
 0000:0191F       PUT_HEX_BYTE
 0000:01912       PUT_HEX_WORD
 0000:04B3C       PUT_IC
 0000:018C4       PUT_STRING
 0000:07988       PUT_SYSTEXT
 0000:06E2C       PUT_TOKEN
 0000:02FC0       QSYSTEM_COMMAND_LINE
 0000:02C9C       REGISTER_TRAP
 0000:02C34       REMQUE
 0000:037A8       REMQUE_TASK
 0000:036D4       RESTORE_CONTEXT
 0000:035E0       RFREE
 0000:035B8       RMALLOC
 0000:035CC       RNEW_STRING
 0000:03124       ROOT_COMMAND_LINE
 0000:00100       ROOT_TSS
 0000:08718       RUN_STATEMENT
 0000:03664       SAVE_CONTEXT
 0000:079D0       SPACE
 0000:079DC       SPACES
 0000:00D50       SPAWN_TASK
 0000:03814       SPAWN_USER_AND_ACTIVATE
 1A5A:00000       START
 1A4C:00000       START_BOOT_CODE
 0000:07790       STRLEN
 0000:037C8       SWAP_IN_NEXT
 0000:037F1       SWAP_IN_NEXT_PART2
 0000:03018       SYSTEM_COMMAND_LINE
 0000:07710       SYSTEM_EXTERN_TABLE
 0000:03310       SYSTEM_MEMORY_HIGH
 0000:0330C       SYSTEM_MEMORY_LOW
 0000:0770C       SYSTEM_STRING_TABLE
 0000:0081C       SYS_BOOT_CODE
 0000:00820       SYS_BOOT_IMAGE_END
 0000:00818       SYS_BOOT_IMAGE_START
 0000:06AFC       SYS_BPT_LIST
 0000:0086C       SYS_CLIPBOARD_LTF
 0000:08750       SYS_CS_SIZE
 0000:06930       SYS_CURRENT_SCAN_CODE
 0000:0082C       SYS_FLAGS
 0000:01D94       SYS_FONT
 0000:00864       SYS_GRAPHICS_BASE
 0000:00868       SYS_GRAPHICS_HIDDEN
 0000:0083C       SYS_HASH_TABLE
 0000:00840       SYS_INTERNAL_TYPES
 0000:00838       SYS_MEMORY_BASE
 0000:00824       SYS_TEMP_PTR
 0000:00860       SYS_TEXT_BASE
 0000:03250       TO_LINKED_TEXT_FILE
 0000:06A84       TRANSLATE_SCAN_CODE
 0000:02CD8       TRAP
 0000:035F4       TSK_FREEMEM
 0000:02970       TSK_GR_UPDATE_SCREEN
 0000:00FF0       TSK_POLL_KEYBOARD
 0000:07704       ZEROS

  Address         Publics by Value

 0000:08750       SYS_CS_SIZE
 0000:08724       GET_EXPRESSION
 0000:08718       RUN_STATEMENT
 0000:0870C       EVAL_EXPRESSION
 0000:08698       COMPILE_EXPRESSION
 0000:07E74       CONT_PARSE_EXPRESSION
 0000:07E6C       DELETE_EXPRESSION
 0000:07DE8       PARSE_ERROR
 0000:07A24       CMD_DEFINE_EXTERN
 0000:07A04       CMD_LOADSTR
 0000:079F4       CMD_SPACES
 0000:079DC       SPACES
 0000:079D0       SPACE
 0000:079BC       CRLF
 0000:07988       PUT_SYSTEXT
 0000:07944       INIT_SYSTEXT_AND_EXTERNS
 0000:07934       FIND_HASH_BUCKET
 0000:078E4       FIND_HASH_ENTRY
 0000:078B8       NEW_HASH_TABLE
 0000:07894       HASH_STRING
 0000:07854       ADDS
 0000:07838       NEW_STRING
 0000:07814       CMD_ATOI
 0000:077D8       CMD_STRCMP
 0000:077C0       CMD_STRCPY
 0000:077A0       CMD_STRCAT
 0000:07790       STRLEN
 0000:07734       LOAD_TEXT_FILE
 0000:07710       SYSTEM_EXTERN_TABLE
 0000:0770C       SYSTEM_STRING_TABLE
 0000:07704       ZEROS
 0000:076BC       LEX_CB_APPEND
 0000:076A0       LEX_CB_POP_NO_FREE
 0000:0767C       LEX_CB_POP
 0000:07650       LEX_CB_PUSH
 0000:07160       LEX
 0000:07158       LEX_SUB_STACK_PTR
 0000:0712C       LEX_POP
 0000:070EC       LEX_PUSH
 0000:070A4       LEX_INCLUDE
 0000:06E78       LEX_GET_CHAR
 0000:06E2C       PUT_TOKEN
 0000:06DE8       DELETE_LEX
 0000:06D80       NEW_LEX
 0000:06AFC       SYS_BPT_LIST
 0000:06AE0       GET_KEY
 0000:06A84       TRANSLATE_SCAN_CODE
 0000:06930       SYS_CURRENT_SCAN_CODE
 0000:0684B       ADD_MAP_SYMBOLS
 0000:06818       NEW_SYSFILES_STRING
 0000:067B4       COMPILE_STATEMENT
 0000:0655C       PARSE_STATEMENT
 0000:05C9C       NEW_CLASS
 0000:05C68       FIND_MEMBER
 0000:05C30       CMD_GET_STRING
 0000:05C20       CMD_PUT_STRING
 0000:05C1C       CMD_GET_CHAR
 0000:05C10       CMD_PUT_CHAR
 0000:05C00       CMD_STRLEN
 0000:05BEC       CMD_RNEW_STRING
 0000:05BD8       CMD_NEW_STRING
 0000:05BC4       CMD_LOAD_TEXT_FILE
 0000:05B98       CMD_SLEEP
 0000:05B78       CMD_ADD_SYS_HASH
 0000:05B68       CMD_DELETE_LINKED_LIST
 0000:05B58       CMD_CRT_LINE_OUT
 0000:05B44       CMD_TO_LINKED_TEXT_FILE
 0000:05B34       CMD_KILL
 0000:05B18       CMD_FIND_HASH_ENTRY
 0000:05B08       CMD_FREE
 0000:05AF4       CMD_MALLOC
 0000:05AE4       CMD_RFREE
 0000:05AD0       CMD_RMALLOC
 0000:05678       OPTIMIZE_CODE
 0000:04D00       FIXUP_CODE
 0000:04C94       INIT_CB_IN_PTRS
 0000:04C80       GET_INTERMEDIATE_CODE2
 0000:04C4C       GET_INTERMEDIATE_CODE
 0000:04C1C       INIT_CB_OUT_PTRS
 0000:04BBC       ADD_INTERMEDIATE_CODE
 0000:04B82       PUT_ALL_IC
 0000:04B3C       PUT_IC
 0000:04AF8       PUT_CLASS
 0000:049BF       COMPILE_CODE
 0000:03C84       CODE_TEXT_TABLE
 0000:0390C       CMD_ACTIVATE_NEXT_USER
 0000:038BC       KILL_ACTIVE_USER
 0000:03878       DEACTIVATE_USER
 0000:03844       ACTIVATE_NEXT_USER
 0000:03814       SPAWN_USER_AND_ACTIVATE
 0000:037F1       SWAP_IN_NEXT_PART2
 0000:037C8       SWAP_IN_NEXT
 0000:037A8       REMQUE_TASK
 0000:03774       KILL_TASK
 0000:03738       END_TASK
 0000:036D4       RESTORE_CONTEXT
 0000:03664       SAVE_CONTEXT
 0000:03638       ADD_TASK_TO_QUEUE
 0000:035F4       TSK_FREEMEM
 0000:035E0       RFREE
 0000:035CC       RNEW_STRING
 0000:035B8       RMALLOC
 0000:0351C       FREE
 0000:033F4       MALLOC
 0000:033B8       FREE_BLOCK_LIST
 0000:03350       ALLOCATE_MEMORY_BLOCKS
 0000:03318       INIT_MEMORY
 0000:03314       MEMORY_FREE_LIST
 0000:03310       SYSTEM_MEMORY_HIGH
 0000:0330C       SYSTEM_MEMORY_LOW
 0000:03250       TO_LINKED_TEXT_FILE
 0000:03124       ROOT_COMMAND_LINE
 0000:030D0       CMD_QUEUE_ROOT
 0000:03084       CMD_ROOT
 0000:03018       SYSTEM_COMMAND_LINE
 0000:02FC0       QSYSTEM_COMMAND_LINE
 0000:02F34       COMMAND_LINE
 0000:02ECC       EXECUTE_COMMAND_LINE
 0000:02E70       CMD_SYSTEM
 0000:02E28       CMD_QSYSTEM
 0000:02DE8       CMD_SPAWN
 0000:02D08       CMD_RAND
 0000:02CF0       CMD_SRAND
 0000:02CD8       TRAP
 0000:02CC0       END_TRAP
 0000:02C9C       REGISTER_TRAP
 0000:02C70       HEX_TO_BINARY
 0000:02C49       BINARY_TO_FIXED_HEX
 0000:02C44       BINARY_TO_HEX
 0000:02C34       REMQUE
 0000:02C24       INSQUE_REV
 0000:02C14       INSQUE
 0000:02BFC       DELETE_LINKED_LIST
 0000:02BF0       DEBUG_SPIN_WAIT
 0000:02AA4       CMD_GR_LINE
 0000:02994       CMD_GR_PLOT
 0000:0297C       CMD_GR_CLEAR
 0000:02970       TSK_GR_UPDATE_SCREEN
 0000:026F4       GR_UPDATE_SCREEN
 0000:02634       DRAW_BORDER
 0000:025F0       PLOT_CHAR
 0000:02598       DRAW_CHAR
 0000:01D94       SYS_FONT
 0000:01D20       INIT_CRT
 0000:01C94       CRT_LINE_OUT
 0000:01BBC       CRT_OUT
 0000:01AC0       CLEAR_CRT
 0000:01A24       FILL_CRT
 0000:019CC       CURSOR_ON
 0000:0198C       CURSOR_OFF
 0000:01958       CURSOR_HOME
 0000:0192C       FIXED_PUT_HEX
 0000:0191F       PUT_HEX_BYTE
 0000:01912       PUT_HEX_WORD
 0000:01905       PUT_HEX
 0000:018F8       PUT_DEC
 0000:018D1       FIXED_PUT_STRING
 0000:018C4       PUT_STRING
 0000:018BC       PUT_CHAR
 0000:01884       GET_STRING
 0000:0187C       GET_CHAR
 0000:01198       JIFFIES
 0000:01018       IRQ_VECTORS
 0000:00FF0       TSK_POLL_KEYBOARD
 0000:00FC0       CMD_REBOOT
 0000:00F60       INIT_8259_AND_LIDT
 0000:00F18       CREATE_TSS_SELECTOR
 0000:00ED0       CREATE_CODE_SELECTOR
 0000:00E88       CREATE_MEMORY_SELECTOR
 0000:00D50       SPAWN_TASK
 0000:00CDB       ADD_USER_HASH_ENTRIES
 0000:0086C       SYS_CLIPBOARD_LTF
 0000:00868       SYS_GRAPHICS_HIDDEN
 0000:00864       SYS_GRAPHICS_BASE
 0000:00860       SYS_TEXT_BASE
 0000:00840       SYS_INTERNAL_TYPES
 0000:0083C       SYS_HASH_TABLE
 0000:00838       SYS_MEMORY_BASE
 0000:0082C       SYS_FLAGS
 0000:00824       SYS_TEMP_PTR
 0000:00820       SYS_BOOT_IMAGE_END
 0000:0081C       SYS_BOOT_CODE
 0000:00818       SYS_BOOT_IMAGE_START
 0000:00518       IDTTAB
 0000:00100       ROOT_TSS
 0000:00000       GDTTAB
 0875:11084       FIL_SYSTEXT_CPP
 0875:0FD24       FIL_STRINGS_CPP
 0875:0890C       FIL_FAT32_CPP
 0875:05888       FIL_KLUDGE_CPP
 0875:03488       FIL_ROOT_CPP
 0875:00000       FIL_OS_MAP
 1A4C:000DF       END_BOOT_CODE
 1A4C:000D7       BOOT_IMG_BLOCK_LO
 1A4C:0005A       BOOT_CODE
 1A4C:00000       START_BOOT_CODE
 1A5A:00165       ENTER_GRAPHICS_MODE
 1A5A:00014       ENTER_PMODE
 1A5A:00000       START

Program entry point at 1A5A:0000
Warning: No stack

