
 Start  Stop   Length Name               Class

 00000H 08BABH 08BACH SYSCODE            
 08BACH 1AC5AH 120AFH SYSFILES           
 1AC60H 1B05FH 00400H DOSSTK             
 1B060H 1B13EH 000DFH BOOTCODE           
 1B140H 1B2BFH 00180H INITCODE           

  Address         Publics by Name

 0000:0390C       ACTIVATE_NEXT_USER
 0000:07AFC       ADDS
 0000:04C90       ADD_INTERMEDIATE_CODE
 0000:06ABB       ADD_MAP_SYMBOLS
 0000:03700       ADD_TASK_TO_QUEUE
 0000:00D73       ADD_USER_HASH_ENTRIES
 0000:03418       ALLOCATE_MEMORY_BLOCKS
 0000:02D09       BINARY_TO_FIXED_HEX
 0000:02D04       BINARY_TO_HEX
 1B06:0005A       BOOT_CODE
 1B06:000D7       BOOT_IMG_BLOCK_LO
 0000:01B60       CLEAR_CRT
 0000:039D4       CMD_ACTIVATE_NEXT_USER
 0000:05C4C       CMD_ADD_SYS_HASH
 0000:07ABC       CMD_ATOI
 0000:05C2C       CMD_CRT_LINE_OUT
 0000:07CCC       CMD_DEFINE_EXTERN
 0000:05C3C       CMD_DELETE_LINKED_LIST
 0000:05BEC       CMD_FIND_HASH_ENTRY
 0000:05BDC       CMD_FREE
 0000:05CF0       CMD_GET_CHAR
 0000:05D04       CMD_GET_STRING
 0000:02A1C       CMD_GR_CLEAR
 0000:02B64       CMD_GR_LINE
 0000:02A34       CMD_GR_PLOT
 0000:05C08       CMD_KILL
 0000:07CAC       CMD_LOADSTR
 0000:05C98       CMD_LOAD_TEXT_FILE
 0000:05BC8       CMD_MALLOC
 0000:05CAC       CMD_NEW_STRING
 0000:05CE4       CMD_PUT_CHAR
 0000:05CF4       CMD_PUT_STRING
 0000:02EE8       CMD_QSYSTEM
 0000:03190       CMD_QUEUE_ROOT
 0000:02DC8       CMD_RAND
 0000:01058       CMD_REBOOT
 0000:05BB8       CMD_RFREE
 0000:05BA4       CMD_RMALLOC
 0000:05CC0       CMD_RNEW_STRING
 0000:03144       CMD_ROOT
 0000:05C6C       CMD_SLEEP
 0000:07C9C       CMD_SPACES
 0000:02EA8       CMD_SPAWN
 0000:02DB0       CMD_SRAND
 0000:07A48       CMD_STRCAT
 0000:07A80       CMD_STRCMP
 0000:07A68       CMD_STRCPY
 0000:05CD4       CMD_STRLEN
 0000:02F30       CMD_SYSTEM
 0000:05C18       CMD_TO_LINKED_TEXT_FILE
 0000:03D4C       CODE_TEXT_TABLE
 0000:02FF4       COMMAND_LINE
 0000:04A93       COMPILE_CODE
 0000:08AF4       COMPILE_EXPRESSION
 0000:06A24       COMPILE_STATEMENT
 0000:0811C       CONT_PARSE_EXPRESSION
 0000:00F68       CREATE_CODE_SELECTOR
 0000:00F20       CREATE_MEMORY_SELECTOR
 0000:00FB0       CREATE_TSS_SELECTOR
 0000:07C64       CRLF
 0000:01D34       CRT_LINE_OUT
 0000:01C5C       CRT_OUT
 0000:019F8       CURSOR_HOME
 0000:01A2C       CURSOR_OFF
 0000:01A6C       CURSOR_ON
 0000:03940       DEACTIVATE_USER
 0000:02CB0       DEBUG_SPIN_WAIT
 0000:08114       DELETE_EXPRESSION
 0000:07058       DELETE_LEX
 0000:02CBC       DELETE_LINKED_LIST
 0000:026DC       DRAW_BORDER
 0000:02640       DRAW_CHAR
 1B06:000DF       END_BOOT_CODE
 0000:03800       END_TASK
 0000:02D80       END_TRAP
 1B14:00165       ENTER_GRAPHICS_MODE
 1B14:00014       ENTER_PMODE
 0000:08B68       EVAL_EXPRESSION
 0000:02F8C       EXECUTE_COMMAND_LINE
 0000:01AC4       FILL_CRT
 08BA:09034       FIL_FAT32_CPP
 08BA:05FB0       FIL_KLUDGE_CPP
 08BA:0000C       FIL_OS_MAP
 08BA:03444       FIL_ROOT_CPP
 08BA:1044C       FIL_STRINGS_CPP
 08BA:117B4       FIL_SYSTEXT_CPP
 0000:07BDC       FIND_HASH_BUCKET
 0000:07B8C       FIND_HASH_ENTRY
 0000:05D3C       FIND_MEMBER
 0000:019CC       FIXED_PUT_HEX
 0000:01971       FIXED_PUT_STRING
 0000:04DD4       FIXUP_CODE
 0000:035E4       FREE
 0000:03480       FREE_BLOCK_LIST
 0000:00000       GDTTAB
 0000:0191C       GET_CHAR
 0000:08B80       GET_EXPRESSION
 0000:04D20       GET_INTERMEDIATE_CODE
 0000:04D54       GET_INTERMEDIATE_CODE2
 0000:06D50       GET_KEY
 0000:01924       GET_STRING
 0000:0279C       GR_UPDATE_SCREEN
 0000:07B3C       HASH_STRING
 0000:02D30       HEX_TO_BINARY
 0000:0052C       IDTTAB
 0000:00FF8       INIT_8259_AND_LIDT
 0000:04D68       INIT_CB_IN_PTRS
 0000:04CF0       INIT_CB_OUT_PTRS
 0000:01DC0       INIT_CRT
 0000:033E0       INIT_MEMORY
 0000:07BEC       INIT_SYSTEXT_AND_EXTERNS
 0000:02CD4       INSQUE
 0000:02CE4       INSQUE_REV
 0000:010B8       IRQ_VECTORS
 0000:01238       JIFFIES
 0000:03984       KILL_ACTIVE_USER
 0000:0383C       KILL_TASK
 0000:073D0       LEX
 0000:07964       LEX_CB_APPEND
 0000:07924       LEX_CB_POP
 0000:07948       LEX_CB_POP_NO_FREE
 0000:078F8       LEX_CB_PUSH
 0000:070E8       LEX_GET_CHAR
 0000:07314       LEX_INCLUDE
 0000:0739C       LEX_POP
 0000:0735C       LEX_PUSH
 0000:073C8       LEX_SUB_STACK_PTR
 0000:079DC       LOAD_TEXT_FILE
 0000:034BC       MALLOC
 0000:033DC       MEMORY_FREE_LIST
 0000:05D70       NEW_CLASS
 0000:07B60       NEW_HASH_TABLE
 0000:06FF0       NEW_LEX
 0000:07AE0       NEW_STRING
 0000:06A88       NEW_SYSFILES_STRING
 0000:0574C       OPTIMIZE_CODE
 0000:08090       PARSE_ERROR
 0000:067CC       PARSE_STATEMENT
 0000:02698       PLOT_CHAR
 0000:04C56       PUT_ALL_IC
 0000:0195C       PUT_CHAR
 0000:04BCC       PUT_CLASS
 0000:01998       PUT_DEC
 0000:019A5       PUT_HEX
 0000:019BF       PUT_HEX_BYTE
 0000:019B2       PUT_HEX_WORD
 0000:04C10       PUT_IC
 0000:01964       PUT_STRING
 0000:07C30       PUT_SYSTEXT
 0000:0709C       PUT_TOKEN
 0000:03080       QSYSTEM_COMMAND_LINE
 0000:02D5C       REGISTER_TRAP
 0000:02CF4       REMQUE
 0000:03870       REMQUE_TASK
 0000:0379C       RESTORE_CONTEXT
 0000:036A8       RFREE
 0000:03680       RMALLOC
 0000:03694       RNEW_STRING
 0000:031E4       ROOT_COMMAND_LINE
 0000:00100       ROOT_TSS
 0000:08B74       RUN_STATEMENT
 0000:0372C       SAVE_CONTEXT
 0000:07C78       SPACE
 0000:07C84       SPACES
 0000:00DE8       SPAWN_TASK
 0000:038DC       SPAWN_USER_AND_ACTIVATE
 1B14:00000       START
 1B06:00000       START_BOOT_CODE
 0000:07A38       STRLEN
 0000:03890       SWAP_IN_NEXT
 0000:038B9       SWAP_IN_NEXT_PART2
 0000:030D8       SYSTEM_COMMAND_LINE
 0000:079B8       SYSTEM_EXTERN_TABLE
 0000:033D8       SYSTEM_MEMORY_HIGH
 0000:033D4       SYSTEM_MEMORY_LOW
 0000:079B4       SYSTEM_STRING_TABLE
 0000:00830       SYS_BOOT_CODE
 0000:00834       SYS_BOOT_IMAGE_END
 0000:0082C       SYS_BOOT_IMAGE_START
 0000:06D6C       SYS_BPT_LIST
 0000:00880       SYS_CLIPBOARD_LTF
 0000:08BAC       SYS_CS_SIZE
 0000:06BA0       SYS_CURRENT_SCAN_CODE
 0000:00840       SYS_FLAGS
 0000:01E3C       SYS_FONT
 0000:00878       SYS_GRAPHICS_BASE
 0000:0087C       SYS_GRAPHICS_HIDDEN
 0000:00850       SYS_HASH_TABLE
 0000:00854       SYS_INTERNAL_TYPES
 0000:0084C       SYS_MEMORY_BASE
 0000:00838       SYS_TEMP_PTR
 0000:00874       SYS_TEXT_BASE
 0000:03318       TO_LINKED_TEXT_FILE
 0000:06CF4       TRANSLATE_SCAN_CODE
 0000:02D98       TRAP
 0000:036BC       TSK_FREEMEM
 0000:01090       TSK_POLL_KEYBOARD
 0000:079AC       ZEROS

  Address         Publics by Value

 0000:08BAC       SYS_CS_SIZE
 0000:08B80       GET_EXPRESSION
 0000:08B74       RUN_STATEMENT
 0000:08B68       EVAL_EXPRESSION
 0000:08AF4       COMPILE_EXPRESSION
 0000:0811C       CONT_PARSE_EXPRESSION
 0000:08114       DELETE_EXPRESSION
 0000:08090       PARSE_ERROR
 0000:07CCC       CMD_DEFINE_EXTERN
 0000:07CAC       CMD_LOADSTR
 0000:07C9C       CMD_SPACES
 0000:07C84       SPACES
 0000:07C78       SPACE
 0000:07C64       CRLF
 0000:07C30       PUT_SYSTEXT
 0000:07BEC       INIT_SYSTEXT_AND_EXTERNS
 0000:07BDC       FIND_HASH_BUCKET
 0000:07B8C       FIND_HASH_ENTRY
 0000:07B60       NEW_HASH_TABLE
 0000:07B3C       HASH_STRING
 0000:07AFC       ADDS
 0000:07AE0       NEW_STRING
 0000:07ABC       CMD_ATOI
 0000:07A80       CMD_STRCMP
 0000:07A68       CMD_STRCPY
 0000:07A48       CMD_STRCAT
 0000:07A38       STRLEN
 0000:079DC       LOAD_TEXT_FILE
 0000:079B8       SYSTEM_EXTERN_TABLE
 0000:079B4       SYSTEM_STRING_TABLE
 0000:079AC       ZEROS
 0000:07964       LEX_CB_APPEND
 0000:07948       LEX_CB_POP_NO_FREE
 0000:07924       LEX_CB_POP
 0000:078F8       LEX_CB_PUSH
 0000:073D0       LEX
 0000:073C8       LEX_SUB_STACK_PTR
 0000:0739C       LEX_POP
 0000:0735C       LEX_PUSH
 0000:07314       LEX_INCLUDE
 0000:070E8       LEX_GET_CHAR
 0000:0709C       PUT_TOKEN
 0000:07058       DELETE_LEX
 0000:06FF0       NEW_LEX
 0000:06D6C       SYS_BPT_LIST
 0000:06D50       GET_KEY
 0000:06CF4       TRANSLATE_SCAN_CODE
 0000:06BA0       SYS_CURRENT_SCAN_CODE
 0000:06ABB       ADD_MAP_SYMBOLS
 0000:06A88       NEW_SYSFILES_STRING
 0000:06A24       COMPILE_STATEMENT
 0000:067CC       PARSE_STATEMENT
 0000:05D70       NEW_CLASS
 0000:05D3C       FIND_MEMBER
 0000:05D04       CMD_GET_STRING
 0000:05CF4       CMD_PUT_STRING
 0000:05CF0       CMD_GET_CHAR
 0000:05CE4       CMD_PUT_CHAR
 0000:05CD4       CMD_STRLEN
 0000:05CC0       CMD_RNEW_STRING
 0000:05CAC       CMD_NEW_STRING
 0000:05C98       CMD_LOAD_TEXT_FILE
 0000:05C6C       CMD_SLEEP
 0000:05C4C       CMD_ADD_SYS_HASH
 0000:05C3C       CMD_DELETE_LINKED_LIST
 0000:05C2C       CMD_CRT_LINE_OUT
 0000:05C18       CMD_TO_LINKED_TEXT_FILE
 0000:05C08       CMD_KILL
 0000:05BEC       CMD_FIND_HASH_ENTRY
 0000:05BDC       CMD_FREE
 0000:05BC8       CMD_MALLOC
 0000:05BB8       CMD_RFREE
 0000:05BA4       CMD_RMALLOC
 0000:0574C       OPTIMIZE_CODE
 0000:04DD4       FIXUP_CODE
 0000:04D68       INIT_CB_IN_PTRS
 0000:04D54       GET_INTERMEDIATE_CODE2
 0000:04D20       GET_INTERMEDIATE_CODE
 0000:04CF0       INIT_CB_OUT_PTRS
 0000:04C90       ADD_INTERMEDIATE_CODE
 0000:04C56       PUT_ALL_IC
 0000:04C10       PUT_IC
 0000:04BCC       PUT_CLASS
 0000:04A93       COMPILE_CODE
 0000:03D4C       CODE_TEXT_TABLE
 0000:039D4       CMD_ACTIVATE_NEXT_USER
 0000:03984       KILL_ACTIVE_USER
 0000:03940       DEACTIVATE_USER
 0000:0390C       ACTIVATE_NEXT_USER
 0000:038DC       SPAWN_USER_AND_ACTIVATE
 0000:038B9       SWAP_IN_NEXT_PART2
 0000:03890       SWAP_IN_NEXT
 0000:03870       REMQUE_TASK
 0000:0383C       KILL_TASK
 0000:03800       END_TASK
 0000:0379C       RESTORE_CONTEXT
 0000:0372C       SAVE_CONTEXT
 0000:03700       ADD_TASK_TO_QUEUE
 0000:036BC       TSK_FREEMEM
 0000:036A8       RFREE
 0000:03694       RNEW_STRING
 0000:03680       RMALLOC
 0000:035E4       FREE
 0000:034BC       MALLOC
 0000:03480       FREE_BLOCK_LIST
 0000:03418       ALLOCATE_MEMORY_BLOCKS
 0000:033E0       INIT_MEMORY
 0000:033DC       MEMORY_FREE_LIST
 0000:033D8       SYSTEM_MEMORY_HIGH
 0000:033D4       SYSTEM_MEMORY_LOW
 0000:03318       TO_LINKED_TEXT_FILE
 0000:031E4       ROOT_COMMAND_LINE
 0000:03190       CMD_QUEUE_ROOT
 0000:03144       CMD_ROOT
 0000:030D8       SYSTEM_COMMAND_LINE
 0000:03080       QSYSTEM_COMMAND_LINE
 0000:02FF4       COMMAND_LINE
 0000:02F8C       EXECUTE_COMMAND_LINE
 0000:02F30       CMD_SYSTEM
 0000:02EE8       CMD_QSYSTEM
 0000:02EA8       CMD_SPAWN
 0000:02DC8       CMD_RAND
 0000:02DB0       CMD_SRAND
 0000:02D98       TRAP
 0000:02D80       END_TRAP
 0000:02D5C       REGISTER_TRAP
 0000:02D30       HEX_TO_BINARY
 0000:02D09       BINARY_TO_FIXED_HEX
 0000:02D04       BINARY_TO_HEX
 0000:02CF4       REMQUE
 0000:02CE4       INSQUE_REV
 0000:02CD4       INSQUE
 0000:02CBC       DELETE_LINKED_LIST
 0000:02CB0       DEBUG_SPIN_WAIT
 0000:02B64       CMD_GR_LINE
 0000:02A34       CMD_GR_PLOT
 0000:02A1C       CMD_GR_CLEAR
 0000:0279C       GR_UPDATE_SCREEN
 0000:026DC       DRAW_BORDER
 0000:02698       PLOT_CHAR
 0000:02640       DRAW_CHAR
 0000:01E3C       SYS_FONT
 0000:01DC0       INIT_CRT
 0000:01D34       CRT_LINE_OUT
 0000:01C5C       CRT_OUT
 0000:01B60       CLEAR_CRT
 0000:01AC4       FILL_CRT
 0000:01A6C       CURSOR_ON
 0000:01A2C       CURSOR_OFF
 0000:019F8       CURSOR_HOME
 0000:019CC       FIXED_PUT_HEX
 0000:019BF       PUT_HEX_BYTE
 0000:019B2       PUT_HEX_WORD
 0000:019A5       PUT_HEX
 0000:01998       PUT_DEC
 0000:01971       FIXED_PUT_STRING
 0000:01964       PUT_STRING
 0000:0195C       PUT_CHAR
 0000:01924       GET_STRING
 0000:0191C       GET_CHAR
 0000:01238       JIFFIES
 0000:010B8       IRQ_VECTORS
 0000:01090       TSK_POLL_KEYBOARD
 0000:01058       CMD_REBOOT
 0000:00FF8       INIT_8259_AND_LIDT
 0000:00FB0       CREATE_TSS_SELECTOR
 0000:00F68       CREATE_CODE_SELECTOR
 0000:00F20       CREATE_MEMORY_SELECTOR
 0000:00DE8       SPAWN_TASK
 0000:00D73       ADD_USER_HASH_ENTRIES
 0000:00880       SYS_CLIPBOARD_LTF
 0000:0087C       SYS_GRAPHICS_HIDDEN
 0000:00878       SYS_GRAPHICS_BASE
 0000:00874       SYS_TEXT_BASE
 0000:00854       SYS_INTERNAL_TYPES
 0000:00850       SYS_HASH_TABLE
 0000:0084C       SYS_MEMORY_BASE
 0000:00840       SYS_FLAGS
 0000:00838       SYS_TEMP_PTR
 0000:00834       SYS_BOOT_IMAGE_END
 0000:00830       SYS_BOOT_CODE
 0000:0082C       SYS_BOOT_IMAGE_START
 0000:0052C       IDTTAB
 0000:00100       ROOT_TSS
 0000:00000       GDTTAB
 08BA:117B4       FIL_SYSTEXT_CPP
 08BA:1044C       FIL_STRINGS_CPP
 08BA:09034       FIL_FAT32_CPP
 08BA:05FB0       FIL_KLUDGE_CPP
 08BA:03444       FIL_ROOT_CPP
 08BA:0000C       FIL_OS_MAP
 1B06:000DF       END_BOOT_CODE
 1B06:000D7       BOOT_IMG_BLOCK_LO
 1B06:0005A       BOOT_CODE
 1B06:00000       START_BOOT_CODE
 1B14:00165       ENTER_GRAPHICS_MODE
 1B14:00014       ENTER_PMODE
 1B14:00000       START

Program entry point at 1B14:0000
Warning: No stack

