[C:/Compiler/CExcept.CPP.Z,50] LexPutPos
[C:/Compiler/BackB.CPP.Z,430] ICAssignPostIncDec
[C:/Compiler/BackFA.CPP.Z,62] CmpSetFloatOpPushPop
[C:/Compiler/BackFA.CPP.Z,169] ICFCvt2
[C:/Compiler/OptLib.CPP.Z,517] CmpRawTypePointed
[C:/Compiler/OptLib.CPP.Z,96] OptFixupBinaryOp1
[C:/Compiler/OptLib.CPP.Z,182] OptFixupBinaryOp2
[C:/Compiler/PrsLib.CPP.Z,99] COCInit
[C:/Compiler/PrsExp.CPP.Z,1128] IsLexExpression2Bin
[C:/Compiler/PrsStmt.CPP.Z,562] CSubSwitch
[C:/Compiler/Lex.CPP.Z,11] LexFilePop
[C:/Compiler/CMain.CPP.Z,571] ExePutS
[C:/Compiler/PrsVar.CPP.Z,215] PrsStaticInit
[C:/Compiler/CExcept.CPP.Z,22] LexPutLine
[C:/Compiler/PrsLib.CPP.Z,31] PrsKeyWord
[C:/Compiler/AsmLib.CPP.Z,147] AsmLineLst
[C:/Compiler/BackLib.CPP.Z,28] ICOpSizeRex
[C:/Compiler/PrsVar.CPP.Z,117] CVI2
[C:/Compiler/BackLib.CPP.Z,17] ICU8
[C:/Compiler/Asm.CPP.Z,268] AsmStoreNum
[C:/Compiler/OptPass012.CPP.Z,23] OptPass012
[C:/Compiler/LexLib.CPP.Z,191] MemberLstSize
[C:/Compiler/BackC.CPP.Z,355] ICQueIns
[C:/Compiler/BackC.CPP.Z,1] ICAndBranch
[C:/Compiler/UAsm.CPP.Z,645] U
[C:/Compiler/BackC.CPP.Z,403] ICQueRem
[C:/Compiler/BackFA.CPP.Z,4] CN_R
[C:/Compiler/OptLib.CPP.Z,73] OptLead1
[C:/Compiler/BackFA.CPP.Z,6] CmpNoteFloatOp
[C:/Compiler/AsmResolve.CPP.Z,76] AOTGlblsResolve
[C:/Compiler/CMain.CPP.Z,627] ExePutS2
[C:/Compiler/CHash.CPP.Z,1] HashEntrySize
[C:/Compiler/PrsLib.CPP.Z,107] COCPush
[C:/Compiler/BackLib.CPP.Z,249] SLASH_OP_DEC
[C:/Compiler/BackLib.CPP.Z,136] MODR_SIB_D32_INDIRECT_REG
[C:/Compiler/BackLib.CPP.Z,335] ICPushRegs
[C:/Compiler/PrsExp.CPP.Z,10] PE_POP_HIGHER
[C:/Compiler/BackLib.CPP.Z,264] SLASH_OP_FLD
[C:/Compiler/BackLib.CPP.Z,47] ICU32
[C:/Compiler/BackLib.CPP.Z,41] ICU24
[C:/Compiler/BackLib.CPP.Z,35] ICU16
[C:/Compiler/BackLib.CPP.Z,254] SLASH_OP_DIV
[C:/Compiler/CInit.CPP.Z,240] CmpFillTables
[C:/Compiler/AsmLib.CPP.Z,30] AOTStoreCodeU32
[C:/Compiler/BackLib.CPP.Z,53] ICU64
[C:/Compiler/BackLib.CPP.Z,248] SLASH_OP_INC
[C:/Compiler/AsmLib.CPP.Z,68] AOTStoreCodeU64
[C:/Compiler/LexLib.CPP.Z,38] LexPopNoRestore
[C:/Compiler/CMain.CPP.Z,607] ExePrint
[C:/Compiler/BackLib.CPP.Z,251] SLASH_OP_NEG
[C:/Compiler/PrsVar.CPP.Z,416] PrsVarLst
[C:/Compiler/Asm.CPP.Z,814] PrsAsmDefine
[C:/Compiler/PrsExp.CPP.Z,15] PrsAddOp
[C:/Compiler/CExcept.CPP.Z,65] LexWarn
[C:/Compiler/PrsExp.CPP.Z,12] PE_POP_ALL1
[C:/Compiler/PrsExp.CPP.Z,13] PE_POP_ALL2
[C:/Compiler/PrsLib.CPP.Z,126] COCAppend
[C:/Compiler/Lex.CPP.Z,1] LexFilePush
[C:/Compiler/BackFA.CPP.Z,3] CN_MAIN
[C:/Compiler/PrsExp.CPP.Z,954] PrsUnaryModifier
[C:/Compiler/OptLib.CPP.Z,196] OptFixupUnaryOp
[C:/Compiler/LexLib.CPP.Z,12] LexPush
[C:/Compiler/BackLib.CPP.Z,255] SLASH_OP_MOV
[C:/Compiler/BackLib.CPP.Z,376] ICPopRegs
[C:/Compiler/BackLib.CPP.Z,252] SLASH_OP_MUL
[C:/Compiler/BackLib.CPP.Z,250] SLASH_OP_NOT
[C:/Compiler/CInit.CPP.Z,1] NUM_INTERNAL_TYPES
[C:/Compiler/BackLib.CPP.Z,257] SLASH_OP_POP
[C:/Compiler/BackFA.CPP.Z,339] ICFOp
[C:/Compiler/BackFA.CPP.Z,2] CN_A1
[C:/Compiler/BackFA.CPP.Z,1] CN_A2
[C:/Compiler/PrsExp.CPP.Z,1147] LexExpressionF64
[C:/Compiler/PrsLib.CPP.Z,79] ICAdd
[C:/Compiler/OptLib.CPP.Z,508] CmpRawType
[C:/Compiler/BackFB.CPP.Z,1] ICFOpEqu
[C:/Compiler/PrsExp.CPP.Z,1133] LexExpressionI64
[C:/Compiler/BackC.CPP.Z,379] ICQueInsRev
[C:/Compiler/PrsExp.CPP.Z,1161] LexExpression
[C:/Compiler/PrsExp.CPP.Z,264] PrsExpression
[C:/Compiler/PrsLib.CPP.Z,40] PrsClassNew
[C:/Compiler/Lex.CPP.Z,373] LexInStr
[C:/Compiler/CInit.CPP.Z,6] internal_types_table
[C:/Compiler/OptPass3.CPP.Z,1] OptPass3
[C:/Compiler/OptPass4.CPP.Z,163] OptPass4
[C:/Compiler/OptPass5.CPP.Z,1] OptPass5
[C:/Compiler/OptPass6.CPP.Z,96] OptPass6
[C:/Compiler/BackLib.CPP.Z,130] MODR_REG
[C:/Compiler/CMisc.CPP.Z,24] Echo
[C:/Compiler/PrsStmt.CPP.Z,201] PrsGlblVarLst
[C:/Compiler/BackC.CPP.Z,341] ICQueInit
[C:/Compiler/BackB.CPP.Z,102] ICCmp
[C:/Compiler/BackLib.CPP.Z,69] ICAddRSP
[C:/Compiler/BackA.CPP.Z,391] ICDiv
[C:/Compiler/BackLib.CPP.Z,645] ICDeref
[C:/Compiler/BackLib.CPP.Z,613] ICLea
[C:/Compiler/CMain.CPP.Z,157] CmpBuf
[C:/Compiler/Templates.CPP.Z,394] CMP_TEMPLATES_DONT_PUSH_POP
[C:/Compiler/BackA.CPP.Z,1] ICAddEct
[C:/Compiler/BackB.CPP.Z,284] ICToF64
[C:/Compiler/Asm.CPP.Z,888] PrsBinFile
[C:/Compiler/CHash.CPP.Z,72] HashTableSize2
[C:/Compiler/CHash.CPP.Z,33] HashEntrySize2
[C:/Compiler/UAsm.CPP.Z,238] Ui
[C:/Compiler/BackLib.CPP.Z,269] ICSlashOp
[C:/Compiler/OptLib.CPP.Z,230] OptBrZero
[C:/Compiler/UAsm.CPP.Z,660] Un
[C:/Compiler/PrsExp.CPP.Z,298] PrsSizeOf
[C:/Compiler/BackB.CPP.Z,278] ICToI64
[C:/Compiler/BackA.CPP.Z,461] ICMod
[C:/Compiler/OptLib.CPP.Z,17] OptSetNOP1
[C:/Compiler/OptPass789A.CPP.Z,1] OptPass789A
[C:/Compiler/OptLib.CPP.Z,25] OptSetNOP2
[C:/Compiler/OptLib.CPP.Z,94] FBO1_F64
[C:/Compiler/BackC.CPP.Z,582] ICXorEqu
[C:/Compiler/BackB.CPP.Z,267] ICToUpper
[C:/Compiler/AsmLib.CPP.Z,127] AsmLexExpression
[C:/Compiler/BackLib.CPP.Z,430] ICMov
[C:/Compiler/BackB.CPP.Z,10] ICNot
[C:/Compiler/BackA.CPP.Z,263] ICMul
[C:/Compiler/BackLib.CPP.Z,22] ICRex
[C:/Compiler/BackLib.CPP.Z,348] ICPop
[C:/Compiler/BackLib.CPP.Z,258] SLASH_OP_FADD
[C:/Compiler/BackLib.CPP.Z,137] MODR_RIP_REL
[C:/Compiler/CMain.CPP.Z,1] LexStmt2Bin
[C:/Compiler/BackA.CPP.Z,205] ICSub
[C:/Compiler/PrsLib.CPP.Z,164] COCFloatConstFind
[C:/Compiler/CExcept.CPP.Z,184] ICPut
[C:/Compiler/PrsVar.CPP.Z,247] PrsArrayDims
[C:/Compiler/BackC.CPP.Z,457] ICSqr
[C:/Compiler/OptLib.CPP.Z,92] FBO1_NOT_CONST
[C:/Compiler/Templates.CPP.Z,178] CMP_TEMPLATES_DONT_POP
[C:/Compiler/PrsStmt.CPP.Z,1] PrsClass
[C:/Compiler/LexLib.CPP.Z,45] MemberMetaData
[C:/Compiler/BackC.CPP.Z,603] ICSwitch
[C:/Compiler/OptLib.CPP.Z,357] OptBrNotZero
[C:/Compiler/CExcept.CPP.Z,1] LexPutToken
[C:/Compiler/BackLib.CPP.Z,262] SLASH_OP_FDIV
[C:/Compiler/AsmInit.CPP.Z,50] AsmHashLoad
[C:/Compiler/UAsm.CPP.Z,188] UAsmHashLoad
[C:/Compiler/CExcept.CPP.Z,104] UnusedExternWarning
[C:/Compiler/BackLib.CPP.Z,267] SLASH_OP_FILD
[C:/Compiler/BackB.CPP.Z,75] ICXorXor
[C:/Compiler/PrsStmt.CPP.Z,838] PrsTryBlk
[C:/Compiler/CMain.CPP.Z,683] CInit
[C:/Compiler/LexLib.CPP.Z,56] MemberMetaFind
[C:/Compiler/CMain.CPP.Z,646] ExePrint2
[C:/Compiler/OptLib.CPP.Z,93] FBO1_INT
[C:/Compiler/PrsExp.CPP.Z,8] PE_DO_UNARY_OP
[C:/Compiler/PrsVar.CPP.Z,1] PrsVarInit
[C:/Compiler/BackC.CPP.Z,561] ICOrEqu
[C:/Compiler/BackLib.CPP.Z,139] ICModr1
[C:/Compiler/BackLib.CPP.Z,217] ICModr2
[C:/Compiler/BackLib.CPP.Z,261] SLASH_OP_FMUL
[C:/Compiler/BackB.CPP.Z,305] ICPreIncDec
[C:/Compiler/PrsExp.CPP.Z,588] PrsUnaryTerm
[C:/Compiler/LexLib.CPP.Z,157] MemberLstDel
[C:/Compiler/BackLib.CPP.Z,259] SLASH_OP_FSUB
[C:/Compiler/BackB.CPP.Z,30] ICAndAnd
[C:/Compiler/UAsm.CPP.Z,1] InstEntriesCompare
[C:/Compiler/BackLib.CPP.Z,253] SLASH_OP_IMUL
[C:/Compiler/BackLib.CPP.Z,265] SLASH_OP_FSTP
[C:/Compiler/PrsLib.CPP.Z,186] COCDel
[C:/Compiler/PrsExp.CPP.Z,1] PE_UNARY_TERM1
[C:/Compiler/BackFB.CPP.Z,502] ICFAdd
[C:/Compiler/PrsExp.CPP.Z,2] PE_UNARY_TERM2
[C:/Compiler/CMisc.CPP.Z,88] CmdLinePmt
[C:/Compiler/Asm.CPP.Z,177] AsmMakeArgMask
[C:/Compiler/PrsLib.CPP.Z,229] COCHeaderPut
[C:/Compiler/PrsVar.CPP.Z,206] PrsGlblInit
[C:/Compiler/BackC.CPP.Z,540] ICAndEqu
[C:/Compiler/CMisc.CPP.Z,52] LexD2I32
[C:/Compiler/LexLib.CPP.Z,150] MemberLstNew
[C:/Compiler/CMisc.CPP.Z,68] LexD3I32
[C:/Compiler/OptLib.CPP.Z,9] OptClassFwd
[C:/Compiler/BackFA.CPP.Z,515] ICFCmp
[C:/Compiler/PrsStmt.CPP.Z,574] PrsSwitch
[C:/Compiler/BackFB.CPP.Z,491] ICFDiv
[C:/Compiler/AsmLib.CPP.Z,106] AOTStoreCodeU8At
[C:/Compiler/PrsExp.CPP.Z,11] PE_PUSH_LOWER
[C:/Compiler/OptPass6.CPP.Z,28] OptPass6Lag
[C:/Compiler/OptLib.CPP.Z,51] OptLag1
[C:/Compiler/OptLib.CPP.Z,62] OptLag2
[C:/Compiler/CMisc.CPP.Z,29] StreamPrint
[C:/Compiler/BackFA.CPP.Z,123] ICFCvt
[C:/Compiler/CMisc.CPP.Z,43] StreamDir
[C:/Compiler/PrsExp.CPP.Z,348] PrsOffsetOf
[C:/Compiler/CMisc.CPP.Z,6] GetOption
[C:/Compiler/PrsStmt.CPP.Z,502] PrsDoWhile
[C:/Compiler/BackA.CPP.Z,609] ICShift
[C:/Compiler/BackFA.CPP.Z,242] ICFMod
[C:/Compiler/PrsLib.CPP.Z,121] COCPop
[C:/Compiler/PrsExp.CPP.Z,65] PrsExpression2
[C:/Compiler/BackLib.CPP.Z,256] SLASH_OP_PUSH
[C:/Compiler/PrsExp.CPP.Z,5] PE_DEREFERENCE
[C:/Compiler/LexLib.CPP.Z,23] LexPopRestore
[C:/Compiler/BackB.CPP.Z,1] ICUnaries
[C:/Compiler/BackFB.CPP.Z,475] ICFMul
[C:/Compiler/BackA.CPP.Z,639] ICShiftEqu
[C:/Compiler/PrsExp.CPP.Z,1110] LexExpression2Bin
[C:/Compiler/BackFA.CPP.Z,266] ICFPow
[C:/Compiler/CHash.CPP.Z,90] MapFileWrite
[C:/Compiler/BackFB.CPP.Z,538] ICFSub
[C:/Compiler/BackFA.CPP.Z,545] ICFModEqu
[C:/Compiler/OptLib.CPP.Z,528] CmpF1PushPop
[C:/Compiler/OptLib.CPP.Z,33] OptFree
[C:/Compiler/Templates.CPP.Z,458] CMP_TEMPLATES_DONT_PUSH2
[C:/Compiler/CInit.CPP.Z,3] CInternalType
[C:/Compiler/Lex.CPP.Z,93] LexDollar
[C:/Compiler/AsmResolve.CPP.Z,188] AsmUnresolvedAdd
[C:/Compiler/AsmLib.CPP.Z,1] AOTStoreCodeU8
[C:/Compiler/BackB.CPP.Z,202] ICBitOps
[C:/Compiler/Lex.CPP.Z,91] lex_zeros
[C:/Compiler/PrsStmt.CPP.Z,567] CSwitchCase
[C:/Compiler/AsmResolve.CPP.Z,1] AsmResolve
[C:/Compiler/Asm.CPP.Z,395] PrsAsmInst
[C:/Compiler/PrsLib.CPP.Z,249] COCCompile
[C:/Compiler/CMain.CPP.Z,419] Cmp
[C:/Compiler/PrsLib.CPP.Z,11] PrsPush2
[C:/Compiler/CExcept.CPP.Z,141] ICArgPut
[C:/Compiler/CExcept.CPP.Z,98] UndefinedExtern
[C:/Compiler/OptPass4.CPP.Z,1] OptIC4
[C:/Compiler/OptPass6.CPP.Z,1] OptIC6
[C:/Compiler/BackB.CPP.Z,469] ICCmpAndBranch
[C:/Compiler/BackA.CPP.Z,408] ICDivEqu
[C:/Compiler/PrsStmt.CPP.Z,482] PrsWhile
[C:/Compiler/BackFB.CPP.Z,217] ICFCmpAndBranch
[C:/Compiler/Lex.CPP.Z,443] Lex
[C:/Compiler/BackB.CPP.Z,635] ICTestAndBranch
[C:/Compiler/Compiler.PRJ.Z,21] uasm
[C:/Compiler/BackLib.CPP.Z,131] MODR_INDIRECT_REG
[C:/Compiler/PrsExp.CPP.Z,3] PE_MAYBE_MODIFIERS
[C:/Compiler/PrsExp.CPP.Z,4] PE_UNARY_MODIFIERS
[C:/Compiler/AsmResolve.CPP.Z,42] AOTLocalsResolve
[C:/Compiler/PrsExp.CPP.Z,9] PE_DO_BINARY_OP
[C:/Compiler/CMain.CPP.Z,302] CmpFixUpAOTAsm
[C:/Compiler/OptLib.CPP.Z,1] OptLabelFwd
[C:/Compiler/BackB.CPP.Z,51] ICOrOr
[C:/Compiler/CExcept.CPP.Z,81] LexExcept
[C:/Compiler/CExts.CPP.Z,42] cmp_templates
[C:/Compiler/OptLib.CPP.Z,535] CmpF2PushPop
[C:/Compiler/CMain.CPP.Z,35] CmpJoin
[C:/Compiler/PrsLib.CPP.Z,16] PrsPop2
[C:/Compiler/Templates.CPP.Z,4] CMP_TEMPLATES
[C:/Compiler/BackLib.CPP.Z,132] MODR_D8_INDIRECT_REG
[C:/Compiler/Asm.CPP.Z,904] PrsAsmBlk
[C:/Compiler/Asm.CPP.Z,35] PrsAsmArg
[C:/Compiler/Lex.CPP.Z,277] LexFirstRem
[C:/Compiler/LexLib.CPP.Z,87] MemberClassBaseFind
[C:/Compiler/LexLib.CPP.Z,67] MemberFind
[C:/Compiler/Compiler.PRJ.Z,16] cmp
[C:/Compiler/OptLib.CPP.Z,40] OptLag
[C:/Compiler/BackB.CPP.Z,346] ICPostIncDec
[C:/Compiler/BackFB.CPP.Z,580] ICFPostIncDec
[C:/Compiler/BackLib.CPP.Z,398] ICTest
[C:/Compiler/BackC.CPP.Z,464] ICModU64
[C:/Compiler/BackLib.CPP.Z,59] ICLastIns
[C:/Compiler/Asm.CPP.Z,1] PrsAsmImm
[C:/Compiler/LexLib.CPP.Z,218] LexExtStr
[C:/Compiler/BackA.CPP.Z,478] ICAddSubEctEqu
[C:/Compiler/BackA.CPP.Z,56] ICAddSubEctImm
[C:/Compiler/BackLib.CPP.Z,297] ICPush
[C:/Compiler/BackC.CPP.Z,491] ICSwap
[C:/Compiler/Templates.CPP.Z,267] CMP_TEMPLATES_DONT_PUSH
[C:/Compiler/CInit.CPP.Z,16] intermediate_code_table
[C:/Compiler/BackLib.CPP.Z,389] ICZero
[C:/Compiler/Lex.CPP.Z,58] CmpCtrlDel
[C:/Compiler/CExcept.CPP.Z,117] ICClassPut
[C:/Compiler/BackC.CPP.Z,159] ICAssign
[C:/Compiler/BackFB.CPP.Z,604] ICFTemplateFun
[C:/Compiler/LexLib.CPP.Z,103] MemberAdd
[C:/Compiler/PrsLib.CPP.Z,1] PrsPush
[C:/Compiler/BackLib.CPP.Z,263] SLASH_OP_FDIVR
[C:/Compiler/BackLib.CPP.Z,266] SLASH_OP_FISTTP
[C:/Compiler/Lex.CPP.Z,70] CmpCtrlSize
[C:/Compiler/BackC.CPP.Z,762] ICLocalVarInit
[C:/Compiler/PrsStmt.CPP.Z,525] PrsFor
[C:/Compiler/CMisc.CPP.Z,11] PassTrace
[C:/Compiler/PrsLib.CPP.Z,21] PrsPopDeref
[C:/Compiler/BackFA.CPP.Z,77] ICCopyTemplate
[C:/Compiler/PrsStmt.CPP.Z,900] PrsStmt
[C:/Compiler/PrsStmt.CPP.Z,132] PrsFun
[C:/Compiler/Lex.CPP.Z,299] LexIncludeStr
[C:/Compiler/PrsVar.CPP.Z,287] PrsType
[C:/Compiler/Lex.CPP.Z,28] CmpCtrlNew
[C:/Compiler/BackLib.CPP.Z,135] MODR_SIB_D8_INDIRECT_REG
[C:/Compiler/Lex.CPP.Z,328] cmp_type_flags_src_code
[C:/Compiler/PrsVar.CPP.Z,123] PrsVarInit2
[C:/Compiler/PrsLib.CPP.Z,6] PrsPop
[C:/Compiler/Asm.CPP.Z,393] asm_seg_prefixes
[C:/Compiler/BackC.CPP.Z,419] ICMinMax
[C:/Compiler/CInit.CPP.Z,205] CmpLoadDefines
[C:/Compiler/PrsStmt.CPP.Z,455] PrsIf
[C:/Compiler/BackLib.CPP.Z,408] ICBuiltInFloatConst
[C:/Compiler/BackFA.CPP.Z,194] ICFUnaryMinus
[C:/Compiler/Lex.CPP.Z,311] LexDocRead
[C:/Compiler/CMain.CPP.Z,174] CmpFixUpJITAsm
[C:/Compiler/PrsLib.CPP.Z,114] COCPopNoFree
[C:/Compiler/CExcept.CPP.Z,110] ParenWarning
[C:/Compiler/PrsExp.CPP.Z,378] PrsFunCall
[C:/Compiler/BackB.CPP.Z,385] ICDerefPostIncDec
[C:/Compiler/CMisc.CPP.Z,1] Option
[C:/Compiler/CMain.CPP.Z,655] ExeFile2
[C:/Compiler/OptLib.CPP.Z,549] COptMemberVar
[C:/Compiler/PrsExp.CPP.Z,6] PE_CHECK_BINARY_OPS1
[C:/Compiler/PrsExp.CPP.Z,7] PE_CHECK_BINARY_OPS2
[C:/Compiler/LexLib.CPP.Z,1] LexBackupLastChar
[C:/Compiler/CMisc.CPP.Z,19] Trace
[C:/Compiler/BackC.CPP.Z,210] ICBrBitOps
[C:/Compiler/BackLib.CPP.Z,133] MODR_D32_INDIRECT_REG
[C:/Compiler/Lex.CPP.Z,107] LexGetChar
[C:/Compiler/Lex.CPP.Z,270] LexSkipEol
[C:/Compiler/BackB.CPP.Z,683] ICFlagBranch
[C:/Compiler/BackLib.CPP.Z,260] SLASH_OP_FSUBR
[C:/Compiler/BackFB.CPP.Z,560] ICFPreIncDec
[C:/Compiler/BackLib.CPP.Z,134] MODR_SIB_INDIRECT_REG
[C:/Compiler/CMain.CPP.Z,616] ExeFile
[C:/Compiler/PrsLib.CPP.Z,143] COCMiscNew
[C:/Compiler/CExts.CPP.Z,43] cmp_templates_dont_pop
[C:/Compiler/OptLib.CPP.Z,83] CmpOffset2Reg
[C:/Compiler/PrsLib.CPP.Z,62] PrsFunNew
[C:/Compiler/CMain.CPP.Z,665] StreamExePrint
[C:/Compiler/PrsLib.CPP.Z,152] COCGoToLabelFind
[C:/Compiler/OptLib.CPP.Z,555] OptMVCompare
[C:/Compiler/BackB.CPP.Z,290] ICToBool
[C:/Compiler/PrsStmt.CPP.Z,68] PrsFunJoin
[C:/Compiler/PrsStmt.CPP.Z,787] PrsNoUnusedWarn
[C:/Compiler/OptLib.CPP.Z,484] OptFixSizeOf
[C:/Compiler/CExts.CPP.Z,45] cmp_templates_dont_push
[C:/Compiler/CExts.CPP.Z,46] cmp_templates_dont_push_pop
[C:/Compiler/Lex.CPP.Z,331] LexAttachDoc
[C:/Compiler/PrsStmt.CPP.Z,801] PrsStreamBlk
[C:/Compiler/CExts.CPP.Z,44] cmp_templates_dont_push2
[C:/Compiler/UAsm.CPP.Z,66] InstEntryFind
[C:/Compiler/PrsVar.CPP.Z,381] PrsDotDotDot
[C:/Compiler/BackA.CPP.Z,322] ICMulEqu
[C:/Compiler/AsmInit.CPP.Z,1] AsmPrsInsFlags
