[C:/Compiler/CExcept.CPP.Z,50] LexPutPos
[C:/Compiler/BackB.CPP.Z,549] ICAssignPostIncDec
[C:/Compiler/BackFA.CPP.Z,60] CmpSetFloatOpPushPop
[C:/Compiler/BackFA.CPP.Z,170] ICFCvt2
[C:/Compiler/OptLib.CPP.Z,518] CmpRawTypePointed
[C:/Compiler/OptLib.CPP.Z,96] OptFixupBinaryOp1
[C:/Compiler/OptLib.CPP.Z,182] OptFixupBinaryOp2
[C:/Compiler/PrsLib.CPP.Z,99] COCInit
[C:/Compiler/PrsExp.CPP.Z,1131] IsLexExpression2Bin
[C:/Compiler/PrsStmt.CPP.Z,563] CSubSwitch
[C:/Compiler/Lex.CPP.Z,11] LexFilePop
[C:/Compiler/CMain.CPP.Z,571] ExePutS
[C:/Compiler/PrsVar.CPP.Z,215] PrsStaticInit
[C:/Compiler/CExcept.CPP.Z,22] LexPutLine
[C:/Compiler/PrsLib.CPP.Z,31] PrsKeyWord
[C:/Compiler/AsmLib.CPP.Z,149] AsmLineLst
[C:/Compiler/BackLib.CPP.Z,28] ICOpSizeRex
[C:/Compiler/PrsVar.CPP.Z,117] CVI2
[C:/Compiler/BackLib.CPP.Z,17] ICU8
[C:/Compiler/Asm.CPP.Z,263] AsmStoreNum
[C:/Compiler/BackLib.CPP.Z,137] MDR_SIB_D8_INDIRECT_REG
[C:/Compiler/OptPass012.CPP.Z,23] OptPass012
[C:/Compiler/LexLib.CPP.Z,192] MemberLstSize
[C:/Compiler/BackC.CPP.Z,411] ICQueIns
[C:/Compiler/BackC.CPP.Z,1] ICAndBranch
[C:/Compiler/BackLib.CPP.Z,134] MDR_D8_INDIRECT_REG
[C:/Compiler/UAsm.CPP.Z,664] U
[C:/Compiler/BackC.CPP.Z,493] ICQueRem
[C:/Compiler/BackC.CPP.Z,694] ICAndEqual
[C:/Compiler/BackFA.CPP.Z,4] CN_R
[C:/Compiler/OptLib.CPP.Z,73] OptLead1
[C:/Compiler/BackFA.CPP.Z,6] CmpNoteFloatOp
[C:/Compiler/AsmResolve.CPP.Z,76] AOTGlblsResolve
[C:/Compiler/CMain.CPP.Z,627] ExePutS2
[C:/Compiler/CHash.CPP.Z,1] HashEntrySize
[C:/Compiler/PrsLib.CPP.Z,107] COCPush
[C:/Compiler/BackLib.CPP.Z,255] SLASH_OP_DEC
[C:/Compiler/BackLib.CPP.Z,341] ICPushRegs
[C:/Compiler/PrsExp.CPP.Z,10] PE_POP_HIGHER
[C:/Compiler/BackLib.CPP.Z,270] SLASH_OP_FLD
[C:/Compiler/BackLib.CPP.Z,47] ICU32
[C:/Compiler/BackLib.CPP.Z,41] ICU24
[C:/Compiler/BackLib.CPP.Z,35] ICU16
[C:/Compiler/BackLib.CPP.Z,260] SLASH_OP_DIV
[C:/Compiler/CInit.CPP.Z,238] CmpFillTables
[C:/Compiler/AsmLib.CPP.Z,30] AOTStoreCodeU32
[C:/Compiler/BackFB.CPP.Z,1] ICFOpEqual
[C:/Compiler/BackLib.CPP.Z,53] ICU64
[C:/Compiler/BackLib.CPP.Z,254] SLASH_OP_INC
[C:/Compiler/AsmLib.CPP.Z,69] AOTStoreCodeU64
[C:/Compiler/LexLib.CPP.Z,38] LexPopNoRestore
[C:/Compiler/CMain.CPP.Z,607] ExePrint
[C:/Compiler/BackLib.CPP.Z,257] SLASH_OP_NEG
[C:/Compiler/PrsVar.CPP.Z,413] PrsVarLst
[C:/Compiler/Asm.CPP.Z,811] PrsAsmDefine
[C:/Compiler/PrsExp.CPP.Z,15] PrsAddOp
[C:/Compiler/CExcept.CPP.Z,65] LexWarn
[C:/Compiler/PrsExp.CPP.Z,12] PE_POP_ALL1
[C:/Compiler/PrsExp.CPP.Z,13] PE_POP_ALL2
[C:/Compiler/PrsLib.CPP.Z,126] COCAppend
[C:/Compiler/Lex.CPP.Z,1] LexFilePush
[C:/Compiler/BackFA.CPP.Z,3] CN_MAIN
[C:/Compiler/PrsExp.CPP.Z,957] PrsUnaryModifier
[C:/Compiler/OptLib.CPP.Z,196] OptFixupUnaryOp
[C:/Compiler/LexLib.CPP.Z,12] LexPush
[C:/Compiler/BackLib.CPP.Z,261] SLASH_OP_MOV
[C:/Compiler/BackLib.CPP.Z,381] ICPopRegs
[C:/Compiler/BackLib.CPP.Z,258] SLASH_OP_MUL
[C:/Compiler/BackLib.CPP.Z,256] SLASH_OP_NOT
[C:/Compiler/CInit.CPP.Z,1] NUM_INTERNAL_TYPES
[C:/Compiler/BackLib.CPP.Z,263] SLASH_OP_POP
[C:/Compiler/BackFA.CPP.Z,360] ICFOp
[C:/Compiler/BackFA.CPP.Z,2] CN_A1
[C:/Compiler/BackFA.CPP.Z,1] CN_A2
[C:/Compiler/PrsExp.CPP.Z,1150] LexExpressionF64
[C:/Compiler/PrsLib.CPP.Z,79] ICAdd
[C:/Compiler/OptLib.CPP.Z,509] CmpRawType
[C:/Compiler/PrsExp.CPP.Z,1136] LexExpressionI64
[C:/Compiler/BackC.CPP.Z,452] ICQueInsRev
[C:/Compiler/PrsExp.CPP.Z,1164] LexExpression
[C:/Compiler/BackA.CPP.Z,545] ICAddSubEctEqual
[C:/Compiler/PrsExp.CPP.Z,264] PrsExpression
[C:/Compiler/PrsLib.CPP.Z,40] PrsClassNew
[C:/Compiler/Lex.CPP.Z,369] LexInStr
[C:/Compiler/CInit.CPP.Z,6] internal_types_table
[C:/Compiler/OptPass3.CPP.Z,1] OptPass3
[C:/Compiler/OptPass4.CPP.Z,171] OptPass4
[C:/Compiler/OptPass5.CPP.Z,1] OptPass5
[C:/Compiler/OptPass6.CPP.Z,111] OptPass6
[C:/Compiler/CMisc.CPP.Z,38] Echo
[C:/Compiler/PrsStmt.CPP.Z,201] PrsGlblVarLst
[C:/Compiler/BackC.CPP.Z,397] ICQueInit
[C:/Compiler/BackB.CPP.Z,136] ICCmp
[C:/Compiler/BackLib.CPP.Z,69] ICAddRSP
[C:/Compiler/BackA.CPP.Z,428] ICDiv
[C:/Compiler/BackLib.CPP.Z,647] ICDeref
[C:/Compiler/BackLib.CPP.Z,615] ICLea
[C:/Compiler/CMain.CPP.Z,157] CmpBuf
[C:/Compiler/Templates.CPP.Z,394] CMP_TEMPLATES_DONT_PUSH_POP
[C:/Compiler/BackA.CPP.Z,1] ICAddEct
[C:/Compiler/BackB.CPP.Z,404] ICToF64
[C:/Compiler/Asm.CPP.Z,885] PrsBinFile
[C:/Compiler/CHash.CPP.Z,72] HashTableSize2
[C:/Compiler/CHash.CPP.Z,33] HashEntrySize2
[C:/Compiler/UAsm.CPP.Z,253] Ui
[C:/Compiler/BackLib.CPP.Z,275] ICSlashOp
[C:/Compiler/OptLib.CPP.Z,231] OptBrZero
[C:/Compiler/UAsm.CPP.Z,679] Un
[C:/Compiler/PrsExp.CPP.Z,298] PrsSizeOf
[C:/Compiler/BackA.CPP.Z,344] ICMulEqual
[C:/Compiler/BackB.CPP.Z,398] ICToI64
[C:/Compiler/BackA.CPP.Z,521] ICMod
[C:/Compiler/OptLib.CPP.Z,17] OptSetNOP1
[C:/Compiler/OptPass789A.CPP.Z,1] OptPass789A
[C:/Compiler/OptLib.CPP.Z,25] OptSetNOP2
[C:/Compiler/OptLib.CPP.Z,94] FBO1_F64
[C:/Compiler/BackB.CPP.Z,387] ICToUpper
[C:/Compiler/AsmLib.CPP.Z,129] AsmLexExpression
[C:/Compiler/BackLib.CPP.Z,435] ICMov
[C:/Compiler/BackB.CPP.Z,10] ICNot
[C:/Compiler/BackA.CPP.Z,286] ICMul
[C:/Compiler/BackLib.CPP.Z,22] ICRex
[C:/Compiler/BackLib.CPP.Z,354] ICPop
[C:/Compiler/BackLib.CPP.Z,139] MDR_RIP_REL
[C:/Compiler/BackLib.CPP.Z,264] SLASH_OP_FADD
[C:/Compiler/BackA.CPP.Z,207] ICSub
[C:/Compiler/BackB.CPP.Z,355] ICPreempt
[C:/Compiler/PrsLib.CPP.Z,164] COCFloatConstFind
[C:/Compiler/CExcept.CPP.Z,187] ICPut
[C:/Compiler/PrsVar.CPP.Z,247] PrsArrayDims
[C:/Compiler/BackC.CPP.Z,581] ICSqr
[C:/Compiler/OptLib.CPP.Z,92] FBO1_NOT_CONST
[C:/Compiler/Templates.CPP.Z,178] CMP_TEMPLATES_DONT_POP
[C:/Compiler/PrsStmt.CPP.Z,1] PrsClass
[C:/Compiler/LexLib.CPP.Z,45] MemberMetaData
[C:/Compiler/BackC.CPP.Z,757] ICSwitch
[C:/Compiler/OptLib.CPP.Z,358] OptBrNotZero
[C:/Compiler/BackA.CPP.Z,726] ICShiftEqual
[C:/Compiler/CMisc.CPP.Z,21] OTrace
[C:/Compiler/CExcept.CPP.Z,1] LexPutToken
[C:/Compiler/CMisc.CPP.Z,16] GetOpt
[C:/Compiler/BackLib.CPP.Z,268] SLASH_OP_FDIV
[C:/Compiler/AsmInit.CPP.Z,50] AsmHashLoad
[C:/Compiler/UAsm.CPP.Z,203] UAsmHashLoad
[C:/Compiler/CExcept.CPP.Z,105] UnusedExternWarning
[C:/Compiler/BackLib.CPP.Z,273] SLASH_OP_FILD
[C:/Compiler/BackB.CPP.Z,98] ICXorXor
[C:/Compiler/PrsStmt.CPP.Z,825] PrsTryBlk
[C:/Compiler/CMain.CPP.Z,684] CInit
[C:/Compiler/LexLib.CPP.Z,56] MemberMetaFind
[C:/Compiler/CMain.CPP.Z,646] ExePrint2
[C:/Compiler/OptLib.CPP.Z,93] FBO1_INT
[C:/Compiler/PrsExp.CPP.Z,8] PE_DO_UNARY_OP
[C:/Compiler/PrsVar.CPP.Z,1] PrsVarInit
[C:/Compiler/BackLib.CPP.Z,141] ICModr1
[C:/Compiler/BackLib.CPP.Z,223] ICModr2
[C:/Compiler/BackLib.CPP.Z,267] SLASH_OP_FMUL
[C:/Compiler/BackB.CPP.Z,425] ICPreIncDec
[C:/Compiler/Asm.CPP.Z,390] PrsAsmInstruction
[C:/Compiler/PrsExp.CPP.Z,589] PrsUnaryTerm
[C:/Compiler/BackFA.CPP.Z,585] ICFModEqual
[C:/Compiler/LexLib.CPP.Z,158] MemberLstDel
[C:/Compiler/BackLib.CPP.Z,265] SLASH_OP_FSUB
[C:/Compiler/BackB.CPP.Z,31] ICAndAnd
[C:/Compiler/UAsm.CPP.Z,1] InstEntriesCompare
[C:/Compiler/BackLib.CPP.Z,259] SLASH_OP_IMUL
[C:/Compiler/BackLib.CPP.Z,271] SLASH_OP_FSTP
[C:/Compiler/PrsLib.CPP.Z,186] COCDel
[C:/Compiler/PrsExp.CPP.Z,1] PE_UNARY_TERM1
[C:/Compiler/BackFB.CPP.Z,599] ICFAdd
[C:/Compiler/PrsExp.CPP.Z,2] PE_UNARY_TERM2
[C:/Compiler/CMisc.CPP.Z,102] CmdLinePmt
[C:/Compiler/Asm.CPP.Z,172] AsmMakeArgMask
[C:/Compiler/PrsLib.CPP.Z,229] COCHeaderPut
[C:/Compiler/PrsVar.CPP.Z,206] PrsGlblInit
[C:/Compiler/CMisc.CPP.Z,66] LexD2I32
[C:/Compiler/LexLib.CPP.Z,151] MemberLstNew
[C:/Compiler/CMisc.CPP.Z,82] LexD3I32
[C:/Compiler/OptLib.CPP.Z,9] OptClassFwd
[C:/Compiler/BackFA.CPP.Z,545] ICFCmp
[C:/Compiler/PrsStmt.CPP.Z,575] PrsSwitch
[C:/Compiler/BackFB.CPP.Z,587] ICFDiv
[C:/Compiler/AsmLib.CPP.Z,108] AOTStoreCodeU8At
[C:/Compiler/PrsExp.CPP.Z,11] PE_PUSH_LOWER
[C:/Compiler/BackC.CPP.Z,736] ICXorEqual
[C:/Compiler/OptPass6.CPP.Z,28] OptPass6Lag
[C:/Compiler/LexLib.CPP.Z,87] MemberFind2
[C:/Compiler/OptLib.CPP.Z,51] OptLag1
[C:/Compiler/OptLib.CPP.Z,62] OptLag2
[C:/Compiler/CMisc.CPP.Z,43] StreamPrint
[C:/Compiler/BackFA.CPP.Z,121] ICFCvt
[C:/Compiler/CMisc.CPP.Z,57] StreamDir
[C:/Compiler/PrsExp.CPP.Z,348] PrsOffsetOf
[C:/Compiler/BackLib.CPP.Z,132] MDR_REG
[C:/Compiler/CMain.CPP.Z,1] LexStatement2Bin
[C:/Compiler/PrsStmt.CPP.Z,503] PrsDoWhile
[C:/Compiler/BackA.CPP.Z,693] ICShift
[C:/Compiler/BackFA.CPP.Z,249] ICFMod
[C:/Compiler/PrsLib.CPP.Z,121] COCPop
[C:/Compiler/PrsExp.CPP.Z,65] PrsExpression2
[C:/Compiler/BackLib.CPP.Z,262] SLASH_OP_PUSH
[C:/Compiler/PrsExp.CPP.Z,5] PE_DEREFERENCE
[C:/Compiler/LexLib.CPP.Z,23] LexPopRestore
[C:/Compiler/BackB.CPP.Z,1] ICUnaries
[C:/Compiler/BackFB.CPP.Z,569] ICFMul
[C:/Compiler/PrsExp.CPP.Z,1113] LexExpression2Bin
[C:/Compiler/BackFA.CPP.Z,280] ICFPow
[C:/Compiler/CHash.CPP.Z,90] MapFileWrite
[C:/Compiler/BackFB.CPP.Z,635] ICFSub
[C:/Compiler/OptLib.CPP.Z,529] CmpF1PushPop
[C:/Compiler/OptLib.CPP.Z,33] OptFree
[C:/Compiler/Templates.CPP.Z,458] CMP_TEMPLATES_DONT_PUSH2
[C:/Compiler/CInit.CPP.Z,3] CInternalType
[C:/Compiler/Lex.CPP.Z,94] LexDollar
[C:/Compiler/AsmResolve.CPP.Z,189] AsmUnresolvedAdd
[C:/Compiler/AsmLib.CPP.Z,1] AOTStoreCodeU8
[C:/Compiler/BackLib.CPP.Z,133] MDR_INDIRECT_REG
[C:/Compiler/BackB.CPP.Z,256] ICBitOps
[C:/Compiler/Lex.CPP.Z,92] lex_zeros
[C:/Compiler/PrsStmt.CPP.Z,568] CSwitchCase
[C:/Compiler/AsmResolve.CPP.Z,1] AsmResolve
[C:/Compiler/PrsLib.CPP.Z,249] COCCompile
[C:/Compiler/CMain.CPP.Z,419] Cmp
[C:/Compiler/PrsLib.CPP.Z,11] PrsPush2
[C:/Compiler/CExcept.CPP.Z,142] ICArgPut
[C:/Compiler/CExcept.CPP.Z,99] UndefinedExtern
[C:/Compiler/OptPass4.CPP.Z,1] OptIC4
[C:/Compiler/OptPass6.CPP.Z,1] OptIC6
[C:/Compiler/BackB.CPP.Z,588] ICCmpAndBranch
[C:/Compiler/PrsStmt.CPP.Z,887] PrsStatement
[C:/Compiler/PrsStmt.CPP.Z,483] PrsWhile
[C:/Compiler/BackFB.CPP.Z,306] ICFCmpAndBranch
[C:/Compiler/Lex.CPP.Z,439] Lex
[C:/Compiler/BackB.CPP.Z,768] ICTestAndBranch
[C:/Compiler/Compiler.PRJ.Z,17] uasm
[C:/Compiler/BackLib.CPP.Z,138] MDR_SIB_D32_INDIRECT_REG
[C:/Compiler/PrsExp.CPP.Z,3] PE_MAYBE_MODIFIERS
[C:/Compiler/PrsExp.CPP.Z,4] PE_UNARY_MODIFIERS
[C:/Compiler/AsmResolve.CPP.Z,42] AOTLocalsResolve
[C:/Compiler/PrsExp.CPP.Z,9] PE_DO_BINARY_OP
[C:/Compiler/CMain.CPP.Z,302] CmpFixUpAOTAsm
[C:/Compiler/OptLib.CPP.Z,1] OptLabelFwd
[C:/Compiler/BackB.CPP.Z,63] ICOrOr
[C:/Compiler/CExcept.CPP.Z,81] LexExcept
[C:/Compiler/CExts.CPP.Z,46] cmp_templates
[C:/Compiler/OptLib.CPP.Z,536] CmpF2PushPop
[C:/Compiler/BackLib.CPP.Z,135] MDR_D32_INDIRECT_REG
[C:/Compiler/CMain.CPP.Z,35] CmpJoin
[C:/Compiler/BackLib.CPP.Z,136] MDR_SIB_INDIRECT_REG
[C:/Compiler/PrsLib.CPP.Z,16] PrsPop2
[C:/Compiler/Templates.CPP.Z,4] CMP_TEMPLATES
[C:/Compiler/Asm.CPP.Z,901] PrsAsmBlk
[C:/Compiler/Asm.CPP.Z,35] PrsAsmArg
[C:/Compiler/Lex.CPP.Z,272] LexFirstRem
[C:/Compiler/LexLib.CPP.Z,67] MemberFind
[C:/Compiler/Compiler.PRJ.Z,16] cmp
[C:/Compiler/OptLib.CPP.Z,40] OptLag
[C:/Compiler/BackB.CPP.Z,466] ICPostIncDec
[C:/Compiler/BackA.CPP.Z,452] ICDivEqual
[C:/Compiler/BackFB.CPP.Z,677] ICFPostIncDec
[C:/Compiler/BackLib.CPP.Z,403] ICTest
[C:/Compiler/BackC.CPP.Z,588] ICModU64
[C:/Compiler/BackLib.CPP.Z,59] ICLastIns
[C:/Compiler/Asm.CPP.Z,1] PrsAsmImm
[C:/Compiler/LexLib.CPP.Z,219] LexExtStr
[C:/Compiler/CMisc.CPP.Z,1] OptEqu
[C:/Compiler/BackA.CPP.Z,57] ICAddSubEctImm
[C:/Compiler/CMisc.CPP.Z,11] OptOff
[C:/Compiler/BackLib.CPP.Z,303] ICPush
[C:/Compiler/BackC.CPP.Z,632] ICSwap
[C:/Compiler/Templates.CPP.Z,267] CMP_TEMPLATES_DONT_PUSH
[C:/Compiler/CInit.CPP.Z,16] intermediate_code_table
[C:/Compiler/BackLib.CPP.Z,394] ICZero
[C:/Compiler/Lex.CPP.Z,59] CmpCtrlDel
[C:/Compiler/CExcept.CPP.Z,118] ICClassPut
[C:/Compiler/BackC.CPP.Z,159] ICAssign
[C:/Compiler/BackFB.CPP.Z,701] ICFTemplateFun
[C:/Compiler/LexLib.CPP.Z,102] MemberAdd
[C:/Compiler/PrsLib.CPP.Z,1] PrsPush
[C:/Compiler/BackLib.CPP.Z,269] SLASH_OP_FDIVR
[C:/Compiler/BackLib.CPP.Z,272] SLASH_OP_FISTTP
[C:/Compiler/Lex.CPP.Z,71] CmpCtrlSize
[C:/Compiler/BackC.CPP.Z,923] ICLocalVarInit
[C:/Compiler/PrsStmt.CPP.Z,526] PrsFor
[C:/Compiler/PrsLib.CPP.Z,21] PrsPopDeref
[C:/Compiler/BackFA.CPP.Z,75] ICCopyTemplate
[C:/Compiler/PrsStmt.CPP.Z,132] PrsFun
[C:/Compiler/CMisc.CPP.Z,26] OTraceMask
[C:/Compiler/Lex.CPP.Z,294] LexIncludeStr
[C:/Compiler/PrsVar.CPP.Z,284] PrsType
[C:/Compiler/Lex.CPP.Z,28] CmpCtrlNew
[C:/Compiler/Lex.CPP.Z,324] cmp_type_flags_src_code
[C:/Compiler/PrsVar.CPP.Z,123] PrsVarInit2
[C:/Compiler/PrsLib.CPP.Z,6] PrsPop
[C:/Compiler/CMisc.CPP.Z,6] OptOn
[C:/Compiler/Asm.CPP.Z,388] asm_seg_prefixes
[C:/Compiler/BackC.CPP.Z,509] ICMinMax
[C:/Compiler/CInit.CPP.Z,206] CmpLoadDefines
[C:/Compiler/PrsStmt.CPP.Z,456] PrsIf
[C:/Compiler/BackLib.CPP.Z,413] ICBuiltInFloatConst
[C:/Compiler/BackFA.CPP.Z,198] ICFUnaryMinus
[C:/Compiler/BackC.CPP.Z,715] ICOrEqual
[C:/Compiler/Lex.CPP.Z,306] LexDocRead
[C:/Compiler/PrsLib.CPP.Z,114] COCPopNoFree
[C:/Compiler/CMain.CPP.Z,174] CmpFixUpJITAsm
[C:/Compiler/CExcept.CPP.Z,111] ParenWarning
[C:/Compiler/PrsExp.CPP.Z,378] PrsFunCall
[C:/Compiler/BackB.CPP.Z,505] ICDerefPostIncDec
[C:/Compiler/CMain.CPP.Z,655] ExeFile2
[C:/Compiler/OptLib.CPP.Z,550] COptMemberVar
[C:/Compiler/PrsExp.CPP.Z,6] PE_CHECK_BINARY_OPS1
[C:/Compiler/PrsExp.CPP.Z,7] PE_CHECK_BINARY_OPS2
[C:/Compiler/LexLib.CPP.Z,1] LexBackupLastChar
[C:/Compiler/BackC.CPP.Z,211] ICBrBitOps
[C:/Compiler/Lex.CPP.Z,108] LexGetChar
[C:/Compiler/Lex.CPP.Z,265] LexSkipEol
[C:/Compiler/BackB.CPP.Z,817] ICFlagBranch
[C:/Compiler/BackLib.CPP.Z,266] SLASH_OP_FSUBR
[C:/Compiler/BackFB.CPP.Z,657] ICFPreIncDec
[C:/Compiler/CMain.CPP.Z,616] ExeFile
[C:/Compiler/PrsLib.CPP.Z,143] COCMiscNew
[C:/Compiler/CExts.CPP.Z,47] cmp_templates_dont_pop
[C:/Compiler/OptLib.CPP.Z,83] CmpOffset2Reg
[C:/Compiler/PrsLib.CPP.Z,62] PrsFunNew
[C:/Compiler/CMain.CPP.Z,666] StreamExePrint
[C:/Compiler/PrsLib.CPP.Z,152] COCGoToLabelFind
[C:/Compiler/OptLib.CPP.Z,556] OptMVCompare
[C:/Compiler/BackB.CPP.Z,410] ICToBool
[C:/Compiler/PrsStmt.CPP.Z,68] PrsFunJoin
[C:/Compiler/PrsStmt.CPP.Z,774] PrsNoUnusedWarn
[C:/Compiler/OptLib.CPP.Z,485] OptFixSizeOf
[C:/Compiler/CExts.CPP.Z,49] cmp_templates_dont_push
[C:/Compiler/CMisc.CPP.Z,33] CTrace
[C:/Compiler/CExts.CPP.Z,50] cmp_templates_dont_push_pop
[C:/Compiler/Lex.CPP.Z,327] LexAttachDoc
[C:/Compiler/PrsStmt.CPP.Z,788] PrsStreamBlk
[C:/Compiler/CExts.CPP.Z,48] cmp_templates_dont_push2
[C:/Compiler/UAsm.CPP.Z,78] InstEntryFind
[C:/Compiler/PrsVar.CPP.Z,378] PrsDotDotDot
[C:/Compiler/AsmInit.CPP.Z,1] AsmPrsInsFlags
