[D:/TempleOS/Compiler/Assembler.CPP.Z,807] AsmCodeInstruction        000000C1AE    0001 0000001367 Funct  
[D:/TempleOS/Compiler/Assembler.CPP.Z,185] AsmExpressionEval         000000A7B8    0004 00000000B8 Funct  
[D:/TempleOS/Compiler/Assembler.CPP.Z,273] AsmGlblsResolve           000000ABA0    0001 00000005D7 Funct  
[D:/TempleOS/Compiler/CmpInit.CPP.Z,77] AsmHashLoad               0000030D18    0001 000000064F Funct  
[D:/TempleOS/Compiler/Assembler.CPP.Z,29] AsmLineLst                000000A230    0001 0000000143 Funct  
[D:/TempleOS/Compiler/Assembler.CPP.Z,207] AsmLocalsResolve          000000A870    0003 0000000329 Funct  
[D:/TempleOS/Compiler/Assembler.CPP.Z,584] AsmMakeArgMask            000000B738    0002 000000045D Funct  
[D:/TempleOS/Compiler/CmpInit.CPP.Z,27] AsmPrsInsFlags            00000304B8    0001 000000085D Funct  
[D:/TempleOS/Compiler/Assembler.CPP.Z,90] AsmStoreCodeU32           000000A478    0001 0000000149 Funct  
[D:/TempleOS/Compiler/Assembler.CPP.Z,129] AsmStoreCodeU64           000000A5C8    0005 000000014A Funct  
[D:/TempleOS/Compiler/Assembler.CPP.Z,61] AsmStoreCodeU8            000000A378    001C 00000000FF Funct  
[D:/TempleOS/Compiler/Assembler.CPP.Z,168] AsmStoreCodeU8At          000000A718    0016 00000000A0 Funct  
[D:/TempleOS/Compiler/Assembler.CPP.Z,668] AsmStoreNum               000000BB98    0004 000000060E Funct  
[D:/TempleOS/Compiler/Assembler.CPP.Z,1] AsmUnresolvedAdd          000000A150    0008 00000000DF Funct  
[D:/TempleOS/Compiler/CodeGen.CPP.Z,328] CBAppend                  0000009560    0002 000000009D Funct  
[D:/TempleOS/Compiler/CodeGen.CPP.Z,349] CBCombine                 0000009600    0001 00000000CA Funct  
[D:/TempleOS/Compiler/CodeGen.CPP.Z,377] CBCompile                 00000096D0    0006 00000004AA Funct  
[D:/TempleOS/Compiler/CodeGen.CPP.Z,257] CBFloatConstFind          00000092C8    000F 00000000BE Funct  
[D:/TempleOS/Compiler/CodeGen.CPP.Z,201] CBGetIC1                  0000009140    0004 000000004C Funct  
[D:/TempleOS/Compiler/CodeGen.CPP.Z,234] CBGoToLabelFind           0000009228    0002 0000000049 Funct  
[D:/TempleOS/Compiler/CodeGen.CPP.Z,135] CBICAdd                   0000008F58    00B9 00000000FA Funct  
[D:/TempleOS/Compiler/CodeGen.CPP.Z,181] CBInPtrsInit              00000090C8    0003 0000000030 Funct  
[D:/TempleOS/Compiler/CodeGen.CPP.Z,279] CBMiscLstDel              0000009388    0001 000000018D Funct  
[D:/TempleOS/Compiler/CodeGen.CPP.Z,247] CBMiscNew                 0000009278    001A 000000004A Funct  
[D:/TempleOS/Compiler/CodeGen.CPP.Z,168] CBOutPtrsInit             0000009058    000A 000000006C Funct  
[D:/TempleOS/Compiler/CodeGen.CPP.Z,225] CBPop                     00000091E0    0009 0000000045 Funct  
[D:/TempleOS/Compiler/CodeGen.CPP.Z,319] CBPopNoFree               0000009518    0001 0000000042 Funct  
[D:/TempleOS/Compiler/CodeGen.CPP.Z,216] CBPush                    0000009190    000E 000000004B Funct  
[D:/TempleOS/Compiler/CodeGen.CPP.Z,189] CBPutAllIC                00000090F8    0007 0000000043 Funct  
[D:/TempleOS/Compiler/CodeGen.CPP.Z,1] CBPutClass                0000008838    0001 00000000C5 Funct  
[D:/TempleOS/Compiler/CodeGen.CPP.Z,71] CBPutIC                   0000008BF8    0006 000000035E Funct  
[D:/TempleOS/Compiler/CodeGen.CPP.Z,26] CBPutICArg                0000008900    0003 00000002F3 Funct  
[D:/TempleOS/Compiler/CmpInit.CPP.Z,4] CInternalType             007FD83B48    0002 000000000A Class 
CMP_OPT_NOP               0000000000    0003            ExportSysSym 
[D:/TempleOS/Compiler/CmpAsm.CPP.Z,164] CMP_TEMPLATES             00000001F6    0001            ExportSysSym  
[D:/TempleOS/Compiler/CmpAsm.CPP.Z,338] CMP_TEMPLATES_DONT_POP    000000038B    0001            ExportSysSym  
[D:/TempleOS/Compiler/CmpAsm.CPP.Z,427] CMP_TEMPLATES_DONT_PUSH   0000000457    0001            ExportSysSym  
[D:/TempleOS/Compiler/CmpAsm.CPP.Z,618] CMP_TEMPLATES_DONT_PUSH2  000000062D    0001            ExportSysSym  
[D:/TempleOS/Compiler/CmpAsm.CPP.Z,554] CMP_TEMPLATES_DONT_PUSH_POP000000059D    0001            ExportSysSym  
[D:/TempleOS/Compiler/BackEnd.CPP.Z,220] CN_MAIN                   0             0028 0000000008 DefineStr 
[D:/TempleOS/Compiler/BackEnd.CPP.Z,221] CN_P1                     1             0006 0000000008 DefineStr 
[D:/TempleOS/Compiler/BackEnd.CPP.Z,222] CN_P2                     2             0005 0000000008 DefineStr 
[D:/TempleOS/Compiler/BackEnd.CPP.Z,223] CN_R                      3             0003 0000000008 DefineStr 
[D:/TempleOS/Compiler/StmtParser.CPP.Z,1396] CSwitchCase               007FCBA0A8    0004 0000000018 Class 
[D:/TempleOS/Compiler/Directives.CPP.Z,38] CTrace                    0000003220    0000 0000000017 Funct  
[D:/TempleOS/Compiler/StmtParser.CPP.Z,213] CVI2                      007FCBD098    0003 0000000010 Class 
[D:/TempleOS/Compiler/CmpMain.CPP.Z,372] Cmp                       0000034FB8    0000 000000059B Funct  
[D:/TempleOS/Compiler/CmpMain.CPP.Z,179] CmpBuf                    0000034880    0001 00000000F7 Funct  
[D:/TempleOS/Compiler/ExpParser.CPP.Z,1233] CmpExpression             00000123A6    0004 00000000B4 Funct  
[D:/TempleOS/Compiler/OptPass3.CPP.Z,21] CmpF1PushPop              0000029030    0002 0000000034 Funct  
[D:/TempleOS/Compiler/OptPass3.CPP.Z,27] CmpF2PushPop              0000029068    0005 0000000080 Funct  
[D:/TempleOS/Compiler/CmpInit.CPP.Z,570] CmpFillTables             0000033A28    0001 0000000640 Funct  
[D:/TempleOS/Compiler/CmpMain.CPP.Z,306] CmpFixUpAOTAsm            0000034D58    0000 000000025C Funct  
[D:/TempleOS/Compiler/CmpMain.CPP.Z,198] CmpFixUpJITAsm            0000034978    0000 00000003DC Funct  
[D:/TempleOS/Compiler/CmpMain.CPP.Z,706] CmpInit                   0000035C58    0001 00000000B8 Funct  
[D:/TempleOS/Compiler/CmpMain.CPP.Z,60] CmpJoin                   0000034248    0001 0000000636 Funct  
[D:/TempleOS/Compiler/CmpInit.CPP.Z,222] CmpLoadDefines            0000031368    0001 00000026BC Funct  
[D:/TempleOS/Compiler/BackEnd.CPP.Z,225] CmpNoteFloatOp            0000017C6E    000E 000000021F Funct  
[D:/TempleOS/Compiler/OptPass012.CPP.Z,96] CmpOffset2Reg             0000024540    0005 0000000042 Funct  
[D:/TempleOS/Compiler/OptPass3.CPP.Z,10] CmpPType                  0000028FF8    0005 0000000033 Funct  
[D:/TempleOS/Compiler/Lex.CPP.Z,1] CmpPmt                    0000003380    0001 000000022A Funct  
[D:/TempleOS/Compiler/BackEnd.CPP.Z,276] CmpSetFloatOpPushPop      0000017E8E    000E 000000007B Funct  
[D:/TempleOS/Compiler/CmpMain.CPP.Z,24] CmpStatement              0000034100    0001 0000000148 Funct  
[D:/TempleOS/Compiler/OptPass3.CPP.Z,1] CmpType                   0000028FD0    0006 0000000025 Funct  
[D:/TempleOS/Compiler/Assembler.CPP.Z,1216] DefineU8s                 000000D516    0004 00000002D2 Funct  
[D:/TempleOS/Compiler/Directives.CPP.Z,48] Echo                      0000003250    0000 0000000017 Funct  
[D:/TempleOS/Compiler/CmpMain.CPP.Z,577] ExeFile                   0000035748    0000 0000000077 Funct  
[D:/TempleOS/Compiler/CmpMain.CPP.Z,629] ExeFile2                  0000035968    0000 0000000075 Funct  
[D:/TempleOS/Compiler/CmpMain.CPP.Z,669] ExeFile3                  0000035AF0    0000 0000000075 Funct  
[D:/TempleOS/Compiler/CmpMain.CPP.Z,568] ExePrintF                 0000035700    0000 0000000045 Funct  
[D:/TempleOS/Compiler/CmpMain.CPP.Z,620] ExePrintF2                0000035920    0000 0000000043 Funct  
[D:/TempleOS/Compiler/CmpMain.CPP.Z,659] ExePrintF3                0000035AA8    0000 0000000043 Funct  
[D:/TempleOS/Compiler/CmpMain.CPP.Z,530] ExePutS                   0000035558    0003 00000001A1 Funct  
[D:/TempleOS/Compiler/CmpMain.CPP.Z,588] ExePutS2                  00000357C0    0002 0000000159 Funct  
[D:/TempleOS/Compiler/CmpMain.CPP.Z,640] ExePutS3                  00000359E0    0002 00000000C4 Funct  
[D:/TempleOS/Compiler/ExpParser.CPP.Z,1258] Expression                000001248E    0007 000000003B Funct  
[D:/TempleOS/Compiler/Lex.CPP.Z,372] ExpressionDel             0000005084    000B 0000000014 Funct  
[D:/TempleOS/Compiler/OptPass012.CPP.Z,107] FBO1_F64                  2             0002 0000000008 DefineStr 
[D:/TempleOS/Compiler/OptPass012.CPP.Z,106] FBO1_INT                  1             0013 0000000008 DefineStr 
[D:/TempleOS/Compiler/OptPass012.CPP.Z,105] FBO1_NOT_CONST            0             0004 0000000008 DefineStr 
[D:/TempleOS/Compiler/ExpParser.CPP.Z,1253] GetExpression             000001245E    0000 0000000029 Funct  
[D:/TempleOS/Compiler/Directives.CPP.Z,16] GetOpt                    0000003188    0005 000000002C Funct  
[D:/TempleOS/Compiler/Hash1b.CPP.Z,1] HashEntryImportCopy       0000009B80    0002 000000015F Funct  
[D:/TempleOS/Compiler/Hash1b.CPP.Z,71] HashEntrySize             0000009DC8    0000 0000000164 Funct  
[D:/TempleOS/Compiler/Hash1b.CPP.Z,102] HashEntrySize2            0000009F30    0002 00000001A9 Funct  
[D:/TempleOS/Compiler/Hash1b.CPP.Z,40] HashTableImport           0000009CE0    0000 00000000E8 Funct  
[D:/TempleOS/Compiler/Hash1b.CPP.Z,139] HashTableSize2            000000A0E0    0000 000000006B Funct  
[D:/TempleOS/Compiler/BackEnd.CPP.Z,945] ICAddConst                00000199F6    000C 000000074A Funct  
[D:/TempleOS/Compiler/BackEnd.CPP.Z,889] ICAddEct                  0000019706    0005 00000002EF Funct  
[D:/TempleOS/Compiler/BackEnd.CPP.Z,163] ICAddRSP                  00000179E6    0016 0000000286 Funct  
[D:/TempleOS/Compiler/BackEnd.CPP.Z,2711] ICAddSubEctEqual          000001EB26    0005 0000000673 Funct  
[D:/TempleOS/Compiler/BackEnd.CPP.Z,2980] ICAndAnd                  000001F7B6    0001 0000000147 Funct  
[D:/TempleOS/Compiler/BackEnd.CPP.Z,3823] ICAndBranch               0000021BC6    0002 000000070C Funct  
[D:/TempleOS/Compiler/BackEnd.CPP.Z,4484] ICAndEqual                0000023A9E    0001 0000000109 Funct  
[D:/TempleOS/Compiler/BackEnd.CPP.Z,3981] ICAssign                  00000222D6    0001 0000000308 Funct  
[D:/TempleOS/Compiler/BackEnd.CPP.Z,3501] ICAssignPostIncDec        0000020E9E    0002 000000020C Funct  
[D:/TempleOS/Compiler/BackEnd.CPP.Z,3194] ICBitOps                  000002009E    0007 00000004FB Funct  
[D:/TempleOS/Compiler/BackEnd.CPP.Z,4030] ICBrBitOps                00000225DE    0008 0000000980 Funct  
[D:/TempleOS/Compiler/BackEnd.CPP.Z,633] ICBuiltInFloatConst       0000018B1E    000F 00000000BD Funct  
[D:/TempleOS/Compiler/BackEnd.CPP.Z,3074] ICCmp                     000001FBB6    0006 00000004E6 Funct  
[D:/TempleOS/Compiler/BackEnd.CPP.Z,3543] ICCmpAndBranch            00000210AE    000C 000000081C Funct  
[D:/TempleOS/Compiler/BackEnd.CPP.Z,288] ICCopyTemplate            0000017F0E    0019 000000026C Funct  
[D:/TempleOS/Compiler/BackEnd.CPP.Z,871] ICDeref                   000001964E    0001 00000000B5 Funct  
[D:/TempleOS/Compiler/BackEnd.CPP.Z,3458] ICDerefPostIncDec         0000020CAE    0002 00000001ED Funct  
[D:/TempleOS/Compiler/BackEnd.CPP.Z,2619] ICDiv                     000001E656    0001 00000000F2 Funct  
[D:/TempleOS/Compiler/BackEnd.CPP.Z,2638] ICDivEqual                000001E74E    0002 00000002E0 Funct  
[D:/TempleOS/Compiler/BackEnd.CPP.Z,2490] ICFAdd                    000001DF2E    0001 00000001FB Funct  
[D:/TempleOS/Compiler/BackEnd.CPP.Z,1611] ICFCmp                    000001B6C6    0004 0000000187 Funct  
[D:/TempleOS/Compiler/BackEnd.CPP.Z,2042] ICFCmpAndBranch           000001CC46    0004 0000000A47 Funct  
[D:/TempleOS/Compiler/BackEnd.CPP.Z,1177] ICFCvt                    000001A53E    000C 000000017B Funct  
[D:/TempleOS/Compiler/BackEnd.CPP.Z,1225] ICFCvt2                   000001A6BE    0010 0000000112 Funct  
[D:/TempleOS/Compiler/BackEnd.CPP.Z,2466] ICFDiv                    000001DDEE    0001 000000013D Funct  
[D:/TempleOS/Compiler/BackEnd.CPP.Z,1303] ICFMod                    000001A9B6    0001 0000000141 Funct  
[D:/TempleOS/Compiler/BackEnd.CPP.Z,1651] ICFModEqual               000001B84E    0001 00000003FA Funct  
[D:/TempleOS/Compiler/BackEnd.CPP.Z,2426] ICFMul                    000001DBB6    0001 0000000235 Funct  
[D:/TempleOS/Compiler/BackEnd.CPP.Z,1412] ICFOp                     000001ADEE    0004 00000008D3 Funct  
[D:/TempleOS/Compiler/BackEnd.CPP.Z,1718] ICFOpEqual                000001BC4E    0004 0000000FF3 Funct  
[D:/TempleOS/Compiler/BackEnd.CPP.Z,2340] ICFPostIncDec             000001D79E    0002 0000000151 Funct  
[D:/TempleOS/Compiler/BackEnd.CPP.Z,1333] ICFPow                    000001AAFE    0001 00000002ED Funct  
[D:/TempleOS/Compiler/BackEnd.CPP.Z,2318] ICFPreIncDec              000001D68E    0002 000000010A Funct  
[D:/TempleOS/Compiler/BackEnd.CPP.Z,2528] ICFSub                    000001E12E    0001 0000000120 Funct  
[D:/TempleOS/Compiler/BackEnd.CPP.Z,3365] ICFTemplateFun            000002082E    0007 00000000A8 Funct  
[D:/TempleOS/Compiler/BackEnd.CPP.Z,1252] ICFUnaryMinus             000001A7D6    0001 00000001DC Funct  
[D:/TempleOS/Compiler/BackEnd.CPP.Z,135] ICLastIns                 0000017946    0002 00000000A0 Funct  
[D:/TempleOS/Compiler/BackEnd.CPP.Z,837] ICLea                     000001947E    0004 00000001CD Funct  
[D:/TempleOS/Compiler/BackEnd.CPP.Z,4645] ICLocalVarInit            000002416E    0001 0000000078 Funct  
[D:/TempleOS/Compiler/BackEnd.CPP.Z,4305] ICMinMax                  0000023356    0004 00000002B7 Funct  
[D:/TempleOS/Compiler/BackEnd.CPP.Z,2692] ICMod                     000001EA2E    0001 00000000F2 Funct  
[D:/TempleOS/Compiler/BackEnd.CPP.Z,4384] ICModU64                  000002365E    0001 00000001BB Funct  
[D:/TempleOS/Compiler/BackEnd.CPP.Z,352] ICModr1                   000001817E    0017 0000000326 Funct  
[D:/TempleOS/Compiler/BackEnd.CPP.Z,443] ICModr2                   00000184A6    0015 00000000D5 Funct  
[D:/TempleOS/Compiler/BackEnd.CPP.Z,656] ICMov                     0000018BDE    01A4 000000089C Funct  
[D:/TempleOS/Compiler/BackEnd.CPP.Z,2368] ICMul                     000001D8F6    0001 00000002BA Funct  
[D:/TempleOS/Compiler/BackEnd.CPP.Z,2551] ICMulEqual                000001E24E    0001 0000000408 Funct  
[D:/TempleOS/Compiler/BackEnd.CPP.Z,2960] ICNot                     000001F6B6    0001 00000000FB Funct  
[D:/TempleOS/Compiler/BackEnd.CPP.Z,46] ICOpSizeRex               000001759E    0006 0000000113 Funct  
[D:/TempleOS/Compiler/BackEnd.CPP.Z,623] ICOr                      0000018ACE    000C 000000004A Funct  
[D:/TempleOS/Compiler/BackEnd.CPP.Z,4507] ICOrEqual                 0000023BAE    0001 0000000109 Funct  
[D:/TempleOS/Compiler/BackEnd.CPP.Z,3009] ICOrOr                    000001F8FE    0001 000000015E Funct  
[D:/TempleOS/Compiler/BackEnd.CPP.Z,574] ICPop                     0000018906    000A 000000010B Funct  
[D:/TempleOS/Compiler/BackEnd.CPP.Z,601] ICPopRegs                 0000018A16    000C 0000000055 Funct  
[D:/TempleOS/Compiler/BackEnd.CPP.Z,3418] ICPostIncDec              0000020AAE    0002 00000001FB Funct  
[D:/TempleOS/Compiler/BackEnd.CPP.Z,3381] ICPreIncDec               00000208D6    0004 00000001D7 Funct  
[D:/TempleOS/Compiler/BackEnd.CPP.Z,3298] ICPreempt                 000002059E    0001 0000000122 Funct  
[D:/TempleOS/Compiler/BackEnd.CPP.Z,523] ICPush                    00000186E6    0020 00000001C1 Funct  
[D:/TempleOS/Compiler/BackEnd.CPP.Z,561] ICPushRegs                00000188AE    0006 0000000053 Funct  
[D:/TempleOS/Compiler/BackEnd.CPP.Z,4193] ICQueInit                 0000022F5E    0001 0000000070 Funct  
[D:/TempleOS/Compiler/BackEnd.CPP.Z,4207] ICQueIns                  0000022FCE    0001 0000000179 Funct  
[D:/TempleOS/Compiler/BackEnd.CPP.Z,4248] ICQueInsRev               000002314E    0001 0000000179 Funct  
[D:/TempleOS/Compiler/BackEnd.CPP.Z,4289] ICQueRem                  00000232CE    0001 0000000088 Funct  
[D:/TempleOS/Compiler/BackEnd.CPP.Z,32] ICRex                     0000017516    0016 0000000081 Funct  
[D:/TempleOS/Compiler/BackEnd.CPP.Z,2849] ICShift                   000001F19E    0004 0000000197 Funct  
[D:/TempleOS/Compiler/BackEnd.CPP.Z,2883] ICShiftEqual              000001F336    0002 000000030C Funct  
[D:/TempleOS/Compiler/BackEnd.CPP.Z,495] ICSlashOp                 000001857E    0027 0000000164 Funct  
[D:/TempleOS/Compiler/BackEnd.CPP.Z,4377] ICSqr                     000002360E    0002 000000004A Funct  
[D:/TempleOS/Compiler/BackEnd.CPP.Z,1099] ICSub                     000001A146    0001 00000003F2 Funct  
[D:/TempleOS/Compiler/BackEnd.CPP.Z,4426] ICSwap                    000002381E    0001 000000027C Funct  
[D:/TempleOS/Compiler/BackEnd.CPP.Z,4553] ICSwitch                  0000023DC6    0002 00000003A1 Funct  
[D:/TempleOS/Compiler/BackEnd.CPP.Z,3742] ICTestAndBranch           00000218CE    0002 00000001EA Funct  
[D:/TempleOS/Compiler/BackEnd.CPP.Z,3350] ICToBool                  00000207B6    0001 0000000071 Funct  
[D:/TempleOS/Compiler/BackEnd.CPP.Z,3345] ICToF64                   0000020776    0001 000000003D Funct  
[D:/TempleOS/Compiler/BackEnd.CPP.Z,3340] ICToI64                   0000020736    0001 000000003D Funct  
[D:/TempleOS/Compiler/BackEnd.CPP.Z,3329] ICToUpper                 00000206C6    0001 000000006B Funct  
[D:/TempleOS/Compiler/BackEnd.CPP.Z,72] ICU16                     00000176B6    0090 00000000A8 Funct  
[D:/TempleOS/Compiler/BackEnd.CPP.Z,87] ICU24                     000001775E    0063 00000000D3 Funct  
[D:/TempleOS/Compiler/BackEnd.CPP.Z,104] ICU32                     0000017836    0051 0000000082 Funct  
[D:/TempleOS/Compiler/BackEnd.CPP.Z,120] ICU64                     00000178BE    0009 0000000082 Funct  
[D:/TempleOS/Compiler/BackEnd.CPP.Z,20] ICU8                      0000017496    0062 000000007C Funct  
[D:/TempleOS/Compiler/BackEnd.CPP.Z,2951] ICUnaries                 000001F646    0002 0000000069 Funct  
[D:/TempleOS/Compiler/BackEnd.CPP.Z,4530] ICXorEqual                0000023CBE    0001 0000000103 Funct  
[D:/TempleOS/Compiler/BackEnd.CPP.Z,3041] ICXorXor                  000001FA5E    0001 0000000151 Funct  
[D:/TempleOS/Compiler/BackEnd.CPP.Z,3790] ICZFlagBranch             0000021ABE    0002 0000000104 Funct  
[D:/TempleOS/Compiler/BackEnd.CPP.Z,614] ICZero                    0000018A6E    0017 000000005E Funct  
[D:/TempleOS/Compiler/Directives.CPP.Z,56] ImportHashTable           0000003278    0000 00000000D5 Funct  
[D:/TempleOS/Compiler/Directives.CPP.Z,76] IncludeDepth              0000003350    0000 000000002C Funct  
[D:/TempleOS/Compiler/Unassembler.CPP.Z,1] InstEntriesCompare        0000000858    0001 000000022B Funct  
[D:/TempleOS/Compiler/Unassembler.CPP.Z,71] InstEntryFind             0000000A88    0002 0000000375 Funct  
[D:/TempleOS/Compiler/Directives.CPP.Z,52] IsReplaceSyms             0000003268    000A 000000000D Funct  
[D:/TempleOS/Compiler/Directives.CPP.Z,43] LTrace                    0000003238    0000 0000000017 Funct  
[D:/TempleOS/Compiler/Lex.CPP.Z,789] Lex                       0000005F08    00FC 000000254A Funct  
[D:/TempleOS/Compiler/Lex.CPP.Z,425] LexAttachDoc              00000051D0    0001 0000000169 Funct  
[D:/TempleOS/Compiler/Lex.CPP.Z,140] LexBackupLastChar         00000039AC    0003 000000003D Funct  
[D:/TempleOS/Compiler/Lex.CPP.Z,65] LexDel                    00000036E8    0005 000000008D Funct  
[D:/TempleOS/Compiler/Lex.CPP.Z,407] LexDocRead                0000005140    0001 0000000090 Funct  
[D:/TempleOS/Compiler/Lex.CPP.Z,151] LexDollar                 00000039EC    0003 000000006C Funct  
[D:/TempleOS/Compiler/Lex.CPP.Z,1670] LexExcept                 0000008770    00A1 00000000C6 Funct  
[D:/TempleOS/Compiler/Lex.CPP.Z,1588] LexExtStr                 0000008458    0004 00000000C1 Funct  
[D:/TempleOS/Compiler/Lex.CPP.Z,165] LexGetChar                0000003A5C    0030 00000015FA Funct  
[D:/TempleOS/Compiler/Lex.CPP.Z,691] LexInStr                  00000059E0    0001 0000000524 Funct  
[D:/TempleOS/Compiler/Lex.CPP.Z,377] LexIncludeStr             000000509C    0003 0000000095 Funct  
[D:/TempleOS/Compiler/Lex.CPP.Z,37] LexNew                    00000035B0    0005 0000000133 Funct  
[D:/TempleOS/Compiler/Lex.CPP.Z,482] LexPop                    00000053C8    0004 0000000070 Funct  
[D:/TempleOS/Compiler/Lex.CPP.Z,470] LexPush                   0000005340    000F 0000000082 Funct  
[D:/TempleOS/Compiler/Lex.CPP.Z,1613] LexPutLine                0000008520    0003 00000000A7 Funct  
[D:/TempleOS/Compiler/Lex.CPP.Z,1640] LexPutPos                 00000085C8    0003 00000000CA Funct  
[D:/TempleOS/Compiler/Lex.CPP.Z,117] LexPutToken               0000003890    0002 0000000111 Funct  
[D:/TempleOS/Compiler/Lex.CPP.Z,1654] LexPutWarn                0000008698    0011 00000000D3 Funct  
[D:/TempleOS/Compiler/Lex.CPP.Z,85] LexSize                   0000003778    0000 0000000098 Funct  
[D:/TempleOS/Compiler/Lex.CPP.Z,365] LexSkipEol                000000505C    0004 0000000027 Funct  
[D:/TempleOS/Compiler/BackEnd.CPP.Z,346] MDR_D32_INDIRECT_REG      3             0002 0000000008 DefineStr 
[D:/TempleOS/Compiler/BackEnd.CPP.Z,345] MDR_D8_INDIRECT_REG       2             0002 0000000008 DefineStr 
[D:/TempleOS/Compiler/BackEnd.CPP.Z,344] MDR_INDIRECT_REG          1             0002 0000000008 DefineStr 
[D:/TempleOS/Compiler/BackEnd.CPP.Z,343] MDR_REG                   0             0002 0000000008 DefineStr 
[D:/TempleOS/Compiler/BackEnd.CPP.Z,350] MDR_RIP_REL               7             0004 0000000008 DefineStr 
[D:/TempleOS/Compiler/BackEnd.CPP.Z,349] MDR_SIB_D32_INDIRECT_REG  6             0003 0000000008 DefineStr 
[D:/TempleOS/Compiler/BackEnd.CPP.Z,348] MDR_SIB_D8_INDIRECT_REG   5             0002 0000000008 DefineStr 
[D:/TempleOS/Compiler/BackEnd.CPP.Z,347] MDR_SIB_INDIRECT_REG      4             0002 0000000008 DefineStr 
[D:/TempleOS/Compiler/Lex.CPP.Z,551] MemberAdd                 0000005558    0004 00000001AE Funct  
[D:/TempleOS/Compiler/Lex.CPP.Z,516] MemberFind                00000054B8    0005 0000000060 Funct  
[D:/TempleOS/Compiler/Lex.CPP.Z,536] MemberFind2               0000005518    0001 0000000040 Funct  
[D:/TempleOS/Compiler/Lex.CPP.Z,636] MemberLstCopy             00000057F8    0001 0000000118 Funct  
[D:/TempleOS/Compiler/Lex.CPP.Z,599] MemberLstDel              0000005708    0001 00000000F0 Funct  
[D:/TempleOS/Compiler/StmtParser.CPP.Z,81] MemberLstNew              000001263E    0003 0000000026 Funct  
[D:/TempleOS/Compiler/Lex.CPP.Z,664] MemberLstSize             0000005910    0002 00000000CB Funct  
[D:/TempleOS/Compiler/Lex.CPP.Z,494] MemberMetaData            0000005438    0000 000000003D Funct  
[D:/TempleOS/Compiler/Lex.CPP.Z,505] MemberMetaFind            0000005478    0000 000000003C Funct  
[D:/TempleOS/Compiler/CmpInit.CPP.Z,1] NUM_INTERNAL_TYPES        16            0002 0000000008 DefineStr 
[D:/TempleOS/Compiler/Directives.CPP.Z,31] OPassTraceMask            00000031E8    0000 0000000035 Funct  
[D:/TempleOS/Compiler/Directives.CPP.Z,26] OTrace                    00000031D0    0000 0000000017 Funct  
[D:/TempleOS/Compiler/OptPass012.CPP.Z,387] OptBrNotZero              0000024F08    0004 0000000659 Funct  
[D:/TempleOS/Compiler/OptPass012.CPP.Z,226] OptBrZero                 00000248A8    0006 0000000659 Funct  
[D:/TempleOS/Compiler/OptPass012.CPP.Z,40] OptClassFwd               00000243E8    0008 0000000027 Funct  
[D:/TempleOS/Compiler/OptPass012.CPP.Z,23] OptEnd                    0000024350    0005 000000006F Funct  
[D:/TempleOS/Compiler/Directives.CPP.Z,1] OptEqu                    0000003128    0007 000000002E Funct  
[D:/TempleOS/Compiler/OptPass012.CPP.Z,547] OptFixSizeOf              0000025568    0003 0000000099 Funct  
[D:/TempleOS/Compiler/OptPass012.CPP.Z,109] OptFixupBinaryOp1         0000024588    0013 00000001EA Funct  
[D:/TempleOS/Compiler/OptPass012.CPP.Z,175] OptFixupBinaryOp2         0000024778    0001 0000000058 Funct  
[D:/TempleOS/Compiler/OptPass012.CPP.Z,191] OptFixupUnaryOp           00000247D0    0003 00000000D4 Funct  
[D:/TempleOS/Compiler/OptPass4.CPP.Z,1] OptIC4                    000002A930    0001 000000060C Funct  
[D:/TempleOS/Compiler/OptPass6.CPP.Z,1] OptIC6                    000002C660    0001 000000013C Funct  
[D:/TempleOS/Compiler/OptPass012.CPP.Z,32] OptLabelFwd               00000243C0    0006 0000000024 Funct  
[D:/TempleOS/Compiler/OptPass012.CPP.Z,64] OptLag                    0000024490    0004 0000000030 Funct  
[D:/TempleOS/Compiler/OptPass012.CPP.Z,75] OptLag1                   00000244C0    0004 000000003A Funct  
[D:/TempleOS/Compiler/OptPass012.CPP.Z,86] OptLead1                  0000024500    0002 0000000039 Funct  
[D:/TempleOS/Compiler/OptPass3.CPP.Z,44] OptMVCompare              00000290E8    0001 000000001A Funct  
[D:/TempleOS/Compiler/OptPass3.CPP.Z,39] OptMemberVar              007FCA2AA8    0005 0000000020 Class 
[D:/TempleOS/Compiler/OptPass012.CPP.Z,1] OptMissing                00000241E6    0004 0000000070 Funct  
[D:/TempleOS/Compiler/CmpAsm.CPP.Z,687] OptNext                   0000000088    0002            Funct 
[D:/TempleOS/Compiler/CmpAsm.CPP.Z,690] OptNext2                  00000000FA    0001            Funct 
[D:/TempleOS/Compiler/CmpAsm.CPP.Z,693] OptNext3                  000000016C    0001            Funct 
[D:/TempleOS/Compiler/Directives.CPP.Z,11] OptOff                    0000003170    0000 0000000016 Funct  
[D:/TempleOS/Compiler/Directives.CPP.Z,6] OptOn                     0000003158    0000 0000000016 Funct  
[D:/TempleOS/Compiler/OptPass012.CPP.Z,571] OptPass012                0000025608    0000 00000039C7 Funct  
[D:/TempleOS/Compiler/OptPass3.CPP.Z,49] OptPass3                  0000029108    0000 0000001827 Funct  
[D:/TempleOS/Compiler/OptPass4.CPP.Z,171] OptPass4                  000002AF40    0000 000000131D Funct  
[D:/TempleOS/Compiler/OptPass5.CPP.Z,1] OptPass5                  000002C260    0000 00000003FE Funct  
[D:/TempleOS/Compiler/OptPass6.CPP.Z,131] OptPass6                  000002CAF8    0000 0000000443 Funct  
[D:/TempleOS/Compiler/OptPass6.CPP.Z,34] OptPass6Lag               000002C7A0    0001 0000000354 Funct  
[D:/TempleOS/Compiler/OptPass789A.CPP.Z,1] OptPass789A               000002CF40    0000 00000034D5 Funct  
[D:/TempleOS/Compiler/OptPass012.CPP.Z,48] OptSetNOP1                0000024410    0096 0000000039 Funct  
[D:/TempleOS/Compiler/OptPass012.CPP.Z,56] OptSetNOP2                0000024450    000D 000000003B Funct  
[D:/TempleOS/Compiler/OptPass012.CPP.Z,10] OptStart                  00000242E0    0005 000000006D Funct  
[D:/TempleOS/Compiler/ExpParser.CPP.Z,43] PE_CHECK_BINARY_OPS1      5             0001 0000000008 DefineStr 
[D:/TempleOS/Compiler/ExpParser.CPP.Z,44] PE_CHECK_BINARY_OPS2      6             0001 0000000008 DefineStr 
[D:/TempleOS/Compiler/ExpParser.CPP.Z,42] PE_DEREFERENCE            4             0004 0000000008 DefineStr 
[D:/TempleOS/Compiler/ExpParser.CPP.Z,46] PE_DO_BINARY_OP           8             0001 0000000008 DefineStr 
[D:/TempleOS/Compiler/ExpParser.CPP.Z,45] PE_DO_UNARY_OP            7             0001 0000000008 DefineStr 
[D:/TempleOS/Compiler/ExpParser.CPP.Z,40] PE_MAYBE_MODIFIERS        2             000F 0000000008 DefineStr 
[D:/TempleOS/Compiler/ExpParser.CPP.Z,49] PE_POP_ALL1               11            0001 0000000008 DefineStr 
[D:/TempleOS/Compiler/ExpParser.CPP.Z,50] PE_POP_ALL2               12            0001 0000000008 DefineStr 
[D:/TempleOS/Compiler/ExpParser.CPP.Z,47] PE_POP_HIGHER             9             0001 0000000008 DefineStr 
[D:/TempleOS/Compiler/ExpParser.CPP.Z,48] PE_PUSH_LOWER             10            0001 0000000008 DefineStr 
[D:/TempleOS/Compiler/ExpParser.CPP.Z,41] PE_UNARY_MODIFIERS        3             0009 0000000008 DefineStr 
[D:/TempleOS/Compiler/ExpParser.CPP.Z,38] PE_UNARY_TERM1            0             0001 0000000008 DefineStr 
[D:/TempleOS/Compiler/ExpParser.CPP.Z,39] PE_UNARY_TERM2            1             0005 0000000008 DefineStr 
[D:/TempleOS/Compiler/Directives.CPP.Z,21] PTrace                    00000031B8    0000 0000000017 Funct  
[D:/TempleOS/Compiler/ExpParser.CPP.Z,1] ParenWarning              000000E0BE    0004 0000000054 Funct  
[D:/TempleOS/Compiler/StmtParser.CPP.Z,347] PrsArrayDims              000001309E    0001 0000000134 Funct  
[D:/TempleOS/Compiler/Assembler.CPP.Z,443] PrsAsmArg                 000000B2C0    0002 0000000477 Funct  
[D:/TempleOS/Compiler/Assembler.CPP.Z,1292] PrsAsmBlk                 000000D7EE    0001 00000008C9 Funct  
[D:/TempleOS/Compiler/Assembler.CPP.Z,408] PrsAsmImm                 000000B178    0006 0000000145 Funct  
[D:/TempleOS/Compiler/StmtParser.CPP.Z,829] PrsClass                  0000014466    0004 0000000264 Funct  
[D:/TempleOS/Compiler/StmtParser.CPP.Z,1] PrsClassNew               00000124CE    0003 00000000B3 Funct  
[D:/TempleOS/Compiler/StmtParser.CPP.Z,1334] PrsDoWhile                000001581E    0001 0000000153 Funct  
[D:/TempleOS/Compiler/StmtParser.CPP.Z,385] PrsDotDotDot              00000131D6    0001 0000000100 Funct  
[D:/TempleOS/Compiler/ExpParser.CPP.Z,340] PrsExpression             000000F006    0010 0000000172 Funct  
[D:/TempleOS/Compiler/ExpParser.CPP.Z,52] PrsExpression2            000000E20E    0001 0000000DF2 Funct  
[D:/TempleOS/Compiler/StmtParser.CPP.Z,1358] PrsFor                    0000015976    0001 0000000190 Funct  
[D:/TempleOS/Compiler/StmtParser.CPP.Z,966] PrsFun                    00000148F6    0001 000000035F Funct  
[D:/TempleOS/Compiler/ExpParser.CPP.Z,456] PrsFunCall                000000F4D6    0003 00000008B2 Funct  
[D:/TempleOS/Compiler/StmtParser.CPP.Z,895] PrsFunJoin                00000146CE    0005 0000000221 Funct  
[D:/TempleOS/Compiler/StmtParser.CPP.Z,45] PrsFunNew                 0000012586    0001 00000000B3 Funct  
[D:/TempleOS/Compiler/StmtParser.CPP.Z,301] PrsGlblInit               0000012EA6    0002 0000000084 Funct  
[D:/TempleOS/Compiler/StmtParser.CPP.Z,1035] PrsGlblVarLst             0000014C56    0008 0000000975 Funct  
[D:/TempleOS/Compiler/StmtParser.CPP.Z,1283] PrsIf                     00000155CE    0001 0000000142 Funct  
[D:/TempleOS/Compiler/StmtParser.CPP.Z,88] PrsKeyWord                0000012666    000B 000000003C Funct  
[D:/TempleOS/Compiler/StmtParser.CPP.Z,1512] PrsNoUnusedWarn           0000015FF6    0001 000000008F Funct  
[D:/TempleOS/Compiler/ExpParser.CPP.Z,425] PrsOffsetOf               000000F386    0002 0000000149 Funct  
[D:/TempleOS/Compiler/ExpParser.CPP.Z,13] PrsPop                    000000E13E    0017 0000000022 Funct  
[D:/TempleOS/Compiler/ExpParser.CPP.Z,23] PrsPop2                   000000E19E    0001 000000002D Funct  
[D:/TempleOS/Compiler/ExpParser.CPP.Z,28] PrsPopDeref               000000E1CE    0004 000000003F Funct  
[D:/TempleOS/Compiler/ExpParser.CPP.Z,8] PrsPush                   000000E116    0017 0000000028 Funct  
[D:/TempleOS/Compiler/ExpParser.CPP.Z,18] PrsPush2                  000000E166    0004 0000000033 Funct  
[D:/TempleOS/Compiler/ExpParser.CPP.Z,377] PrsSizeOf                 000000F17E    0001 0000000207 Funct  
[D:/TempleOS/Compiler/StmtParser.CPP.Z,1629] PrsStatement              00000164FE    0004 0000000F94 Funct  
[D:/TempleOS/Compiler/StmtParser.CPP.Z,310] PrsStaticInit             0000012F2E    0002 000000016D Funct  
[D:/TempleOS/Compiler/StmtParser.CPP.Z,1528] PrsStreamBlk              0000016086    0001 00000001C2 Funct  
[D:/TempleOS/Compiler/StmtParser.CPP.Z,1402] PrsSwitch                 0000015B06    0002 00000004EE Funct  
[D:/TempleOS/Compiler/StmtParser.CPP.Z,1568] PrsTryBlk                 000001624E    0001 00000002AF Funct  
[D:/TempleOS/Compiler/StmtParser.CPP.Z,418] PrsType                   00000132D6    0002 000000039C Funct  
[D:/TempleOS/Compiler/ExpParser.CPP.Z,1078] PrsUnaryModifier          00000115C6    0000 0000000DDB Funct  
[D:/TempleOS/Compiler/ExpParser.CPP.Z,674] PrsUnaryTerm              000000FD8E    0000 0000001831 Funct  
[D:/TempleOS/Compiler/StmtParser.CPP.Z,99] PrsVarInit                00000126A6    0001 00000004F7 Funct  
[D:/TempleOS/Compiler/StmtParser.CPP.Z,219] PrsVarInit2               0000012B9E    0004 0000000302 Funct  
[D:/TempleOS/Compiler/StmtParser.CPP.Z,514] PrsVarLst                 0000013676    0006 0000000D49 Funct  
[D:/TempleOS/Compiler/StmtParser.CPP.Z,1312] PrsWhile                  0000015716    0001 0000000103 Funct  
[D:/TempleOS/Compiler/BackEnd.CPP.Z,475] SLASH_OP_DEC              0x052B0000    0006 0000000018 DefineStr 
[D:/TempleOS/Compiler/BackEnd.CPP.Z,480] SLASH_OP_DIV              0x00000000    0001 0000000018 DefineStr 
[D:/TempleOS/Compiler/BackEnd.CPP.Z,484] SLASH_OP_FADD             0x0000C1DE    0002 0000000018 DefineStr 
[D:/TempleOS/Compiler/BackEnd.CPP.Z,488] SLASH_OP_FDIV             0x0000F9DE    0002 0000000018 DefineStr 
[D:/TempleOS/Compiler/BackEnd.CPP.Z,489] SLASH_OP_FDIVR            0x0000F1DE    0003 0000000018 DefineStr 
[D:/TempleOS/Compiler/BackEnd.CPP.Z,493] SLASH_OP_FILD             0x00000000    0002 0000000018 DefineStr 
[D:/TempleOS/Compiler/BackEnd.CPP.Z,492] SLASH_OP_FISTTP           0x00000000    0002 0000000018 DefineStr 
[D:/TempleOS/Compiler/BackEnd.CPP.Z,490] SLASH_OP_FLD              0x00000000    0008 0000000018 DefineStr 
[D:/TempleOS/Compiler/BackEnd.CPP.Z,487] SLASH_OP_FMUL             0x0000C9DE    0002 0000000018 DefineStr 
[D:/TempleOS/Compiler/BackEnd.CPP.Z,491] SLASH_OP_FSTP             0x00000000    000D 0000000018 DefineStr 
[D:/TempleOS/Compiler/BackEnd.CPP.Z,485] SLASH_OP_FSUB             0x0000E9DE    0002 0000000018 DefineStr 
[D:/TempleOS/Compiler/BackEnd.CPP.Z,486] SLASH_OP_FSUBR            0x0000E1DE    0003 0000000018 DefineStr 
[D:/TempleOS/Compiler/BackEnd.CPP.Z,479] SLASH_OP_IMUL             0x00000000    0001 0000000018 DefineStr 
[D:/TempleOS/Compiler/BackEnd.CPP.Z,474] SLASH_OP_INC              0x00030000    0004 0000000018 DefineStr 
[D:/TempleOS/Compiler/BackEnd.CPP.Z,481] SLASH_OP_MOV              0x00000000    0002 0000000018 DefineStr 
[D:/TempleOS/Compiler/BackEnd.CPP.Z,478] SLASH_OP_MUL              0x00000000    0001 0000000018 DefineStr 
[D:/TempleOS/Compiler/BackEnd.CPP.Z,477] SLASH_OP_NEG              0x00000000    0001 0000000018 DefineStr 
[D:/TempleOS/Compiler/BackEnd.CPP.Z,476] SLASH_OP_NOT              0x00000000    0001 0000000018 DefineStr 
[D:/TempleOS/Compiler/BackEnd.CPP.Z,483] SLASH_OP_POP              0x00000000    0001 0000000018 DefineStr 
[D:/TempleOS/Compiler/BackEnd.CPP.Z,482] SLASH_OP_PUSH             0x00000000    0001 0000000018 DefineStr 
[D:/TempleOS/Compiler/Lex.CPP.Z,105] SetSrcFileInfo            0000003810    0008 0000000079 Funct  
[D:/TempleOS/Compiler/Unassembler.CPP.Z,220] StrStrBits                0000000F08    0002 0000000073 Funct  
[D:/TempleOS/Compiler/CmpMain.CPP.Z,697] StreamExePrintF           0000035C18    0000 000000003F Funct  
[D:/TempleOS/Compiler/CmpMain.CPP.Z,680] StreamExePutS             0000035B68    0001 00000000AD Funct  
[D:/TempleOS/Compiler/CmpMain.CPP.Z,14] StreamPrintF              00000340C8    0000 0000000034 Funct  
[D:/TempleOS/Compiler/CmpMain.CPP.Z,1] StreamPutS                0000034068    0001 0000000060 Funct  
[D:/TempleOS/Compiler/Unassembler.CPP.Z,819] U                         0000002FE0    0000 000000009B Funct  
[D:/TempleOS/Compiler/Unassembler.CPP.Z,233] Ui                        0000000F80    0002 000000205F Funct  
[D:/TempleOS/Compiler/Unassembler.CPP.Z,835] Un                        0000003080    0009 00000000A6 Funct  
[D:/TempleOS/Compiler/Unassembler.CPP.Z,181] UnasmHashLoad             0000000E00    0001 0000000107 Funct  
[D:/TempleOS/Compiler/StmtParser.CPP.Z,816] UndefinedExtern           00000143C6    0001 0000000050 Funct  
[D:/TempleOS/Compiler/StmtParser.CPP.Z,823] UnusedExternWarning       0000014416    0004 000000004E Funct  
[D:/TempleOS/Compiler/CmpAsm.CPP.Z,10] _OPTNEXT                  0000000088    0001            ExportSysSym  
[D:/TempleOS/Compiler/CmpAsm.CPP.Z,58] _OPTNEXT2                 00000000FA    0001            ExportSysSym  
[D:/TempleOS/Compiler/CmpAsm.CPP.Z,107] _OPTNEXT3                 000000016C    0001            ExportSysSym  
[D:/TempleOS/Compiler/CmpGlbls.CPP.Z,2] asm_hash                  00000006F8    0009 0000000008 GlbVar  
[D:/TempleOS/Compiler/Assembler.CPP.Z,805] asm_seg_prefixes          000000C1A8    0001 0000000006 GlbVar  
[D:/TempleOS/Compiler/CmpGlbls.CPP.Z,8] assign_bitmap             00000007A8    0003 0000000008 GlbVar  
[D:/TempleOS/Compiler/CmpGlbls.CPP.Z,6] binary_ops_table          0000000780    0002 0000000008 GlbVar  
[D:/TempleOS/Compiler/CmpGlbls.CPP.Z,7] cmp_arg_cnt               0000000790    0009 0000000008 GlbVar  
[D:/TempleOS/Compiler/CmpGlbls.CPP.Z,8] cmp_bitmap                00000007B8    0004 0000000008 GlbVar  
[D:/TempleOS/Compiler/CmpGlbls.CPP.Z,3] cmp_do_not_write_to_dsk   0000000701    0003 0000000001 GlbVar  
[D:/TempleOS/Compiler/CmpGlbls.CPP.Z,8] cmp_result_cnt            0000000798    0005 0000000008 GlbVar  
[D:/TempleOS/Compiler/CmpExts.CPP.Z,51] cmp_templates             00000001F6    0002 0000000004 GlbVar  
[D:/TempleOS/Compiler/CmpExts.CPP.Z,52] cmp_templates_dont_pop    000000038B    0002 0000000004 GlbVar  
[D:/TempleOS/Compiler/CmpExts.CPP.Z,53] cmp_templates_dont_push   0000000457    0002 0000000004 GlbVar  
[D:/TempleOS/Compiler/CmpExts.CPP.Z,55] cmp_templates_dont_push2  000000062D    0002 0000000004 GlbVar  
[D:/TempleOS/Compiler/CmpExts.CPP.Z,54] cmp_templates_dont_push_pop000000059D    0002 0000000004 GlbVar  
[D:/TempleOS/Compiler/CmpGlbls.CPP.Z,15] compiled_bytes            0000000828    0002 0000000008 GlbVar  
[D:/TempleOS/Compiler/CmpGlbls.CPP.Z,14] compiled_funs             0000000820    0002 0000000008 GlbVar  
[D:/TempleOS/Compiler/CmpGlbls.CPP.Z,14] compiled_lines            0000000818    0003 0000000008 GlbVar  
[D:/TempleOS/Compiler/CmpGlbls.CPP.Z,8] deref_bitmap              00000007A0    0004 0000000008 GlbVar  
[D:/TempleOS/Compiler/Lex.CPP.Z,398] doc_stop_btypes           0000005138    0001 0000000008 GlbVar  
[D:/TempleOS/Compiler/CmpGlbls.CPP.Z,5] dual_U16_tokens1          0000000768    0002 0000000008 GlbVar  
[D:/TempleOS/Compiler/CmpGlbls.CPP.Z,5] dual_U16_tokens2          0000000770    0002 0000000008 GlbVar  
[D:/TempleOS/Compiler/CmpGlbls.CPP.Z,6] dual_U16_tokens3          0000000778    0002 0000000008 GlbVar  
[D:/TempleOS/Compiler/CmpGlbls.CPP.Z,9] fpop_bitmap               00000007C0    0013 0000000008 GlbVar  
[D:/TempleOS/Compiler/CmpInit.CPP.Z,8] internal_types_table      0000030418    0001 00000000A0 GlbVar  
[D:/TempleOS/Compiler/CmpGlbls.CPP.Z,2] is_first_compiler         0000000700    0004 0000000001 GlbVar  
[D:/TempleOS/Compiler/Lex.CPP.Z,138] lex_zeros                 00000039A8    000B 0000000004 GlbVar  
[D:/TempleOS/Compiler/CmpGlbls.CPP.Z,11] non_ptr_vars_mask         00000007F0    0006 0000000008 GlbVar  
[D:/TempleOS/Compiler/CmpGlbls.CPP.Z,8] not_constant_bitmap       00000007B0    0003 0000000008 GlbVar  
[D:/TempleOS/Compiler/CmpGlbls.CPP.Z,10] num_non_ptr_vars          00000007D8    0005 0000000008 GlbVar  
[D:/TempleOS/Compiler/CmpGlbls.CPP.Z,9] num_reg_vars              00000007D0    0006 0000000008 GlbVar  
[D:/TempleOS/Compiler/CmpGlbls.CPP.Z,9] num_stk_temps             00000007C8    0004 0000000008 GlbVar  
[D:/TempleOS/Compiler/OptPass012.CPP.Z,9] opt_nop                   0000024258    0007 0000000088 GlbVar  
[D:/TempleOS/Compiler/CmpGlbls.CPP.Z,10] reg_vars_mask             00000007E8    0002 0000000008 GlbVar  
[D:/TempleOS/Compiler/CmpGlbls.CPP.Z,10] stk_temps_mask            00000007E0    0003 0000000008 GlbVar  
[D:/TempleOS/Compiler/CmpGlbls.CPP.Z,4] sys_internal_types        0000000708    00B0 0000000060 GlbVar  
[D:/TempleOS/Compiler/CmpGlbls.CPP.Z,14] to_non_ptr_vars_map       0000000810    0004 0000000008 GlbVar  
[D:/TempleOS/Compiler/CmpGlbls.CPP.Z,13] to_reg_vars_map           0000000808    0004 0000000008 GlbVar  
[D:/TempleOS/Compiler/CmpGlbls.CPP.Z,13] to_stk_temps_map_even     0000000800    0007 0000000008 GlbVar  
[D:/TempleOS/Compiler/CmpGlbls.CPP.Z,12] to_stk_temps_map_odd      00000007F8    0007 0000000008 GlbVar  
[D:/TempleOS/Compiler/CmpGlbls.CPP.Z,19] uasm_ins64_mask           0000000840    000D 0000000008 GlbVar  
[D:/TempleOS/Compiler/CmpGlbls.CPP.Z,20] uasm_mem_mask             0000000850    0003 0000000008 GlbVar  
[D:/TempleOS/Compiler/CmpGlbls.CPP.Z,19] uasm_signed_arg_mask      0000000848    0003 0000000008 GlbVar  
[D:/TempleOS/Compiler/CmpGlbls.CPP.Z,7] unary_ops_table           0000000788    0002 0000000008 GlbVar  
[D:/TempleOS/Compiler/CmpGlbls.CPP.Z,18] unasm_table               0000000830    0006 0000000008 GlbVar  
[D:/TempleOS/Compiler/CmpGlbls.CPP.Z,19] unasm_table_entries       0000000838    0003 0000000008 GlbVar  
