[D:/TempleOS/Compiler/Assembler.CPP.Z,275] AsmGlblsResolve           000000A360    0001 00000005D7 Funct Export 
[D:/TempleOS/Compiler/CmpInit.CPP.Z,77] AsmHashLoad               000002F088    0001 000000064A Funct Export 
[D:/TempleOS/Compiler/Assembler.CPP.Z,187] AsmLexExpression          0000009F78    0004 00000000B8 Funct Export 
[D:/TempleOS/Compiler/Assembler.CPP.Z,31] AsmLineLst                00000099F0    0001 0000000143 Funct Export 
[D:/TempleOS/Compiler/Assembler.CPP.Z,209] AsmLocalsResolve          000000A030    0003 0000000329 Funct Export 
[D:/TempleOS/Compiler/Assembler.CPP.Z,586] AsmMakeArgMask            000000AEF8    0002 00000004A3 Funct Export 
[D:/TempleOS/Compiler/CmpInit.CPP.Z,27] AsmPrsInsFlags            000002E828    0001 000000085C Funct Export 
[D:/TempleOS/Compiler/Assembler.CPP.Z,92] AsmStoreCodeU32           0000009C38    0001 0000000149 Funct Export 
[D:/TempleOS/Compiler/Assembler.CPP.Z,131] AsmStoreCodeU64           0000009D88    0005 000000014A Funct Export 
[D:/TempleOS/Compiler/Assembler.CPP.Z,63] AsmStoreCodeU8            0000009B38    001C 00000000FF Funct Export 
[D:/TempleOS/Compiler/Assembler.CPP.Z,170] AsmStoreCodeU8At          0000009ED8    0016 00000000A0 Funct Export 
[D:/TempleOS/Compiler/Assembler.CPP.Z,680] AsmStoreNum               000000B3A0    0004 00000004A6 Funct Export 
[D:/TempleOS/Compiler/Assembler.CPP.Z,1] AsmUnresolvedAdd          0000009908    0004 00000000E2 Funct Export 
[D:/TempleOS/Compiler/CmpInit.CPP.Z,4] CInternalType             007FCDDD58    0002 000000000A Class 
[D:/TempleOS/Compiler/CmpAsm.CPP.Z,5] CMP_TEMPLATES             0000000000    0001            ExportSysSym Export 
[D:/TempleOS/Compiler/CmpAsm.CPP.Z,179] CMP_TEMPLATES_DONT_POP    000000018B    0001            ExportSysSym Export 
[D:/TempleOS/Compiler/CmpAsm.CPP.Z,268] CMP_TEMPLATES_DONT_PUSH   0000000257    0001            ExportSysSym Export 
[D:/TempleOS/Compiler/CmpAsm.CPP.Z,459] CMP_TEMPLATES_DONT_PUSH2  0000000421    0001            ExportSysSym Export 
[D:/TempleOS/Compiler/CmpAsm.CPP.Z,395] CMP_TEMPLATES_DONT_PUSH_POP0000000391    0001            ExportSysSym Export 
[D:/TempleOS/Compiler/BackEnd.CPP.Z,220] CN_MAIN                   0             0028 0000000008 DefineStr 
[D:/TempleOS/Compiler/BackEnd.CPP.Z,221] CN_P1                     1             0006 0000000008 DefineStr 
[D:/TempleOS/Compiler/BackEnd.CPP.Z,222] CN_P2                     2             0005 0000000008 DefineStr 
[D:/TempleOS/Compiler/BackEnd.CPP.Z,223] CN_R                      3             0003 0000000008 DefineStr 
[D:/TempleOS/Compiler/StmtParser.CPP.Z,1389] CSwitchCase               007FCFB750    0004 0000000018 Class 
[D:/TempleOS/Compiler/Directives.CPP.Z,38] CTrace                    0000002FA8    0000 0000000017 Funct Export 
[D:/TempleOS/Compiler/StmtParser.CPP.Z,224] CVI2                      007FCFE000    0003 0000000010 Class 
[D:/TempleOS/Compiler/CmpMain.CPP.Z,366] Cmp                       0000033308    0000 0000000597 Funct Export 
[D:/TempleOS/Compiler/CmpMain.CPP.Z,166] CmpBuf                    0000032BB8    0001 00000000FD Funct Export 
[D:/TempleOS/Compiler/OptPass3.CPP.Z,21] CmpF1PushPop              00000272B6    0002 0000000035 Funct Export 
[D:/TempleOS/Compiler/OptPass3.CPP.Z,27] CmpF2PushPop              00000272EE    0005 000000007C Funct Export 
[D:/TempleOS/Compiler/CmpInit.CPP.Z,570] CmpFillTables             0000031DA8    0001 0000000630 Funct Export 
[D:/TempleOS/Compiler/CmpMain.CPP.Z,286] CmpFixUpAOTAsm            00000330A8    0000 000000025B Funct Export 
[D:/TempleOS/Compiler/CmpMain.CPP.Z,185] CmpFixUpJITAsm            0000032CB8    0000 00000003F0 Funct Export 
[D:/TempleOS/Compiler/CmpMain.CPP.Z,692] CmpInit                   0000033F88    0001 00000000C9 Funct Export 
[D:/TempleOS/Compiler/CmpMain.CPP.Z,47] CmpJoin                   0000032580    0001 0000000632 Funct Export 
[D:/TempleOS/Compiler/CmpInit.CPP.Z,222] CmpLoadDefines            000002F6D8    0001 00000026CB Funct Export 
[D:/TempleOS/Compiler/BackEnd.CPP.Z,225] CmpNoteFloatOp            00000169AE    000E 000000021C Funct Export 
[D:/TempleOS/Compiler/OptPass012.CPP.Z,100] CmpOffset2Reg             0000022D56    0005 0000000042 Funct Export 
[D:/TempleOS/Compiler/OptPass3.CPP.Z,10] CmpPType                  000002727E    0005 0000000033 Funct Export 
[D:/TempleOS/Compiler/Lex.CPP.Z,1] CmpPmt                    0000003110    0001 000000023A Funct Export 
[D:/TempleOS/Compiler/BackEnd.CPP.Z,276] CmpSetFloatOpPushPop      0000016BCE    000E 000000007B Funct Export 
[D:/TempleOS/Compiler/OptPass3.CPP.Z,1] CmpType                   0000027256    0006 0000000025 Funct Export 
[D:/TempleOS/Compiler/Directives.CPP.Z,48] Echo                      0000002FD8    0000 0000000017 Funct Export 
[D:/TempleOS/Compiler/CmpMain.CPP.Z,571] ExeFile                   0000033A90    0000 0000000077 Funct Export 
[D:/TempleOS/Compiler/CmpMain.CPP.Z,623] ExeFile2                  0000033CB0    0000 0000000075 Funct Export 
[D:/TempleOS/Compiler/CmpMain.CPP.Z,662] ExeFile3                  0000033E38    0000 0000000075 Funct Export 
[D:/TempleOS/Compiler/CmpMain.CPP.Z,562] ExePrint                  0000033A48    0000 0000000045 Funct Export 
[D:/TempleOS/Compiler/CmpMain.CPP.Z,614] ExePrint2                 0000033C68    0000 0000000043 Funct Export 
[D:/TempleOS/Compiler/CmpMain.CPP.Z,653] ExePrint3                 0000033DF0    0000 0000000043 Funct Export 
[D:/TempleOS/Compiler/CmpMain.CPP.Z,524] ExePutS                   00000338A0    0003 00000001A1 Funct Export 
[D:/TempleOS/Compiler/CmpMain.CPP.Z,582] ExePutS2                  0000033B08    0002 0000000159 Funct Export 
[D:/TempleOS/Compiler/CmpMain.CPP.Z,634] ExePutS3                  0000033D28    0002 00000000C4 Funct Export 
[D:/TempleOS/Compiler/ExpParser.CPP.Z,1184] ExpressionBinDel          00000112DE    0008 0000000014 Funct Export 
[D:/TempleOS/Compiler/OptPass012.CPP.Z,111] FBO1_F64                  2             0002 0000000008 DefineStr 
[D:/TempleOS/Compiler/OptPass012.CPP.Z,110] FBO1_INT                  1             0013 0000000008 DefineStr 
[D:/TempleOS/Compiler/OptPass012.CPP.Z,109] FBO1_NOT_CONST            0             0004 0000000008 DefineStr 
[D:/TempleOS/Compiler/Directives.CPP.Z,16] GetOpt                    0000002F10    0005 000000002C Funct Export 
[D:/TempleOS/Compiler/Hash1b.CPP.Z,1] HashEntryImportCopy       0000009338    0002 000000015F Funct Export 
[D:/TempleOS/Compiler/Hash1b.CPP.Z,71] HashEntrySize             0000009580    0000 0000000164 Funct Export 
[D:/TempleOS/Compiler/Hash1b.CPP.Z,102] HashEntrySize2            00000096E8    0002 00000001A9 Funct Export 
[D:/TempleOS/Compiler/Hash1b.CPP.Z,40] HashTableImport           0000009498    0000 00000000E8 Funct Export 
[D:/TempleOS/Compiler/Hash1b.CPP.Z,139] HashTableSize2            0000009898    0000 000000006B Funct Export 
[D:/TempleOS/Compiler/BackEnd.CPP.Z,889] ICAddEct                  0000018426    0005 00000002EF Funct Export 
[D:/TempleOS/Compiler/BackEnd.CPP.Z,163] ICAddRSP                  0000016726    0017 0000000284 Funct Export 
[D:/TempleOS/Compiler/BackEnd.CPP.Z,2714] ICAddSubEctEqual          000001D6C6    0005 000000066F Funct Export 
[D:/TempleOS/Compiler/BackEnd.CPP.Z,945] ICAddSubEctImm            0000018716    000D 0000000705 Funct Export 
[D:/TempleOS/Compiler/BackEnd.CPP.Z,2983] ICAndAnd                  000001E34E    0001 0000000147 Funct Export 
[D:/TempleOS/Compiler/BackEnd.CPP.Z,3807] ICAndBranch               000002065E    0002 0000000704 Funct Export 
[D:/TempleOS/Compiler/BackEnd.CPP.Z,4468] ICAndEqual                000002246E    0001 0000000109 Funct Export 
[D:/TempleOS/Compiler/ICLCC.CPP.Z,28] ICArgPut                  0000008408    0003 000000030D Funct Export 
[D:/TempleOS/Compiler/BackEnd.CPP.Z,3965] ICAssign                  0000020D66    0001 00000002FD Funct Export 
[D:/TempleOS/Compiler/BackEnd.CPP.Z,3504] ICAssignPostIncDec        000001FA1E    0002 000000020C Funct Export 
[D:/TempleOS/Compiler/BackEnd.CPP.Z,3197] ICBitOps                  000001EC36    0007 00000004ED Funct Export 
[D:/TempleOS/Compiler/BackEnd.CPP.Z,4014] ICBrBitOps                0000021066    0008 000000091E Funct Export 
[D:/TempleOS/Compiler/BackEnd.CPP.Z,633] ICBuiltInFloatConst       0000017846    000F 00000000BD Funct Export 
[D:/TempleOS/Compiler/ICLCC.CPP.Z,3] ICClassPut                0000008338    0001 00000000CF Funct Export 
[D:/TempleOS/Compiler/BackEnd.CPP.Z,3077] ICCmp                     000001E74E    0006 00000004E6 Funct Export 
[D:/TempleOS/Compiler/BackEnd.CPP.Z,3546] ICCmpAndBranch            000001FC2E    000C 0000000738 Funct Export 
[D:/TempleOS/Compiler/BackEnd.CPP.Z,288] ICCopyTemplate            0000016C4E    0019 000000026C Funct Export 
[D:/TempleOS/Compiler/BackEnd.CPP.Z,871] ICDeref                   000001836E    0001 00000000B5 Funct Export 
[D:/TempleOS/Compiler/BackEnd.CPP.Z,3461] ICDerefPostIncDec         000001F82E    0002 00000001ED Funct Export 
[D:/TempleOS/Compiler/BackEnd.CPP.Z,2622] ICDiv                     000001D1F6    0001 00000000F2 Funct Export 
[D:/TempleOS/Compiler/BackEnd.CPP.Z,2641] ICDivEqual                000001D2EE    0002 00000002E0 Funct Export 
[D:/TempleOS/Compiler/BackEnd.CPP.Z,2493] ICFAdd                    000001CACE    0001 00000001FB Funct Export 
[D:/TempleOS/Compiler/BackEnd.CPP.Z,1611] ICFCmp                    000001A38E    0004 0000000187 Funct Export 
[D:/TempleOS/Compiler/BackEnd.CPP.Z,2042] ICFCmpAndBranch           000001B82E    0004 0000000A03 Funct Export 
[D:/TempleOS/Compiler/BackEnd.CPP.Z,1177] ICFCvt                    0000019216    000C 000000017B Funct Export 
[D:/TempleOS/Compiler/BackEnd.CPP.Z,1225] ICFCvt2                   0000019396    0010 0000000112 Funct Export 
[D:/TempleOS/Compiler/BackEnd.CPP.Z,2469] ICFDiv                    000001C98E    0001 000000013D Funct Export 
[D:/TempleOS/Compiler/BackEnd.CPP.Z,1303] ICFMod                    000001968E    0001 0000000141 Funct Export 
[D:/TempleOS/Compiler/BackEnd.CPP.Z,1651] ICFModEqual               000001A516    0001 00000003D3 Funct Export 
[D:/TempleOS/Compiler/BackEnd.CPP.Z,2429] ICFMul                    000001C756    0001 0000000235 Funct Export 
[D:/TempleOS/Compiler/BackEnd.CPP.Z,1412] ICFOp                     0000019AC6    0004 00000008C1 Funct Export 
[D:/TempleOS/Compiler/BackEnd.CPP.Z,1718] ICFOpEqual                000001A8EE    0004 0000000F40 Funct Export 
[D:/TempleOS/Compiler/BackEnd.CPP.Z,2343] ICFPostIncDec             000001C346    0002 0000000151 Funct Export 
[D:/TempleOS/Compiler/BackEnd.CPP.Z,1333] ICFPow                    00000197D6    0001 00000002ED Funct Export 
[D:/TempleOS/Compiler/BackEnd.CPP.Z,2321] ICFPreIncDec              000001C236    0002 000000010A Funct Export 
[D:/TempleOS/Compiler/BackEnd.CPP.Z,2531] ICFSub                    000001CCCE    0001 0000000120 Funct Export 
[D:/TempleOS/Compiler/BackEnd.CPP.Z,3368] ICFTemplateFun            000001F3AE    0007 00000000A8 Funct Export 
[D:/TempleOS/Compiler/BackEnd.CPP.Z,1252] ICFUnaryMinus             00000194AE    0001 00000001DC Funct Export 
[D:/TempleOS/Compiler/BackEnd.CPP.Z,135] ICLastIns                 0000016686    0002 000000009A Funct Export 
[D:/TempleOS/Compiler/BackEnd.CPP.Z,837] ICLea                     000001819E    0004 00000001CD Funct Export 
[D:/TempleOS/Compiler/BackEnd.CPP.Z,4631] ICLocalVarInit            0000022B46    0001 0000000078 Funct Export 
[D:/TempleOS/Compiler/BackEnd.CPP.Z,4289] ICMinMax                  0000021D3E    0004 00000002A7 Funct Export 
[D:/TempleOS/Compiler/BackEnd.CPP.Z,2695] ICMod                     000001D5CE    0001 00000000F2 Funct Export 
[D:/TempleOS/Compiler/BackEnd.CPP.Z,4368] ICModU64                  0000022036    0001 00000001B3 Funct Export 
[D:/TempleOS/Compiler/BackEnd.CPP.Z,352] ICModr1                   0000016EBE    0017 0000000312 Funct Export 
[D:/TempleOS/Compiler/BackEnd.CPP.Z,443] ICModr2                   00000171D6    0015 00000000D5 Funct Export 
[D:/TempleOS/Compiler/BackEnd.CPP.Z,656] ICMov                     0000017906    01A4 0000000891 Funct Export 
[D:/TempleOS/Compiler/BackEnd.CPP.Z,2371] ICMul                     000001C49E    0001 00000002B6 Funct Export 
[D:/TempleOS/Compiler/BackEnd.CPP.Z,2554] ICMulEqual                000001CDEE    0001 0000000404 Funct Export 
[D:/TempleOS/Compiler/BackEnd.CPP.Z,2963] ICNot                     000001E24E    0001 00000000FB Funct Export 
[D:/TempleOS/Compiler/BackEnd.CPP.Z,46] ICOpSizeRex               00000162FE    0006 000000010B Funct Export 
[D:/TempleOS/Compiler/BackEnd.CPP.Z,4491] ICOrEqual                 000002257E    0001 0000000109 Funct Export 
[D:/TempleOS/Compiler/BackEnd.CPP.Z,3012] ICOrOr                    000001E496    0001 000000015E Funct Export 
[D:/TempleOS/Compiler/BackEnd.CPP.Z,574] ICPop                     000001762E    000A 000000010B Funct Export 
[D:/TempleOS/Compiler/BackEnd.CPP.Z,601] ICPopRegs                 000001773E    000C 0000000056 Funct Export 
[D:/TempleOS/Compiler/BackEnd.CPP.Z,3421] ICPostIncDec              000001F62E    0002 00000001FB Funct Export 
[D:/TempleOS/Compiler/BackEnd.CPP.Z,3384] ICPreIncDec               000001F456    0004 00000001D7 Funct Export 
[D:/TempleOS/Compiler/BackEnd.CPP.Z,3301] ICPreempt                 000001F126    0001 000000011E Funct Export 
[D:/TempleOS/Compiler/BackEnd.CPP.Z,523] ICPush                    000001740E    0020 00000001C1 Funct Export 
[D:/TempleOS/Compiler/BackEnd.CPP.Z,561] ICPushRegs                00000175D6    0006 0000000053 Funct Export 
[D:/TempleOS/Compiler/ICLCC.CPP.Z,73] ICPut                     0000008718    0009 00000003D1 Funct Export 
[D:/TempleOS/Compiler/BackEnd.CPP.Z,4177] ICQueInit                 0000021986    0001 000000006C Funct Export 
[D:/TempleOS/Compiler/BackEnd.CPP.Z,4191] ICQueIns                  00000219F6    0001 000000015E Funct Export 
[D:/TempleOS/Compiler/BackEnd.CPP.Z,4232] ICQueInsRev               0000021B56    0001 000000015E Funct Export 
[D:/TempleOS/Compiler/BackEnd.CPP.Z,4273] ICQueRem                  0000021CB6    0001 0000000084 Funct Export 
[D:/TempleOS/Compiler/BackEnd.CPP.Z,32] ICRex                     000001627E    0016 000000007D Funct Export 
[D:/TempleOS/Compiler/BackEnd.CPP.Z,2852] ICShift                   000001DD36    0004 0000000197 Funct Export 
[D:/TempleOS/Compiler/BackEnd.CPP.Z,2886] ICShiftEqual              000001DECE    0002 000000030C Funct Export 
[D:/TempleOS/Compiler/BackEnd.CPP.Z,495] ICSlashOp                 00000172AE    0027 0000000160 Funct Export 
[D:/TempleOS/Compiler/BackEnd.CPP.Z,4361] ICSqr                     0000021FE6    0002 000000004A Funct Export 
[D:/TempleOS/Compiler/BackEnd.CPP.Z,1099] ICSub                     0000018E1E    0001 00000003F1 Funct Export 
[D:/TempleOS/Compiler/BackEnd.CPP.Z,4410] ICSwap                    00000221EE    0001 000000027D Funct Export 
[D:/TempleOS/Compiler/BackEnd.CPP.Z,4537] ICSwitch                  0000022796    0002 00000003AB Funct Export 
[D:/TempleOS/Compiler/BackEnd.CPP.Z,623] ICTest                    00000177F6    000C 000000004A Funct Export 
[D:/TempleOS/Compiler/BackEnd.CPP.Z,3726] ICTestAndBranch           0000020366    0002 00000001EB Funct Export 
[D:/TempleOS/Compiler/BackEnd.CPP.Z,3353] ICToBool                  000001F336    0001 0000000071 Funct Export 
[D:/TempleOS/Compiler/BackEnd.CPP.Z,3348] ICToF64                   000001F2F6    0001 000000003D Funct Export 
[D:/TempleOS/Compiler/BackEnd.CPP.Z,3343] ICToI64                   000001F2B6    0001 000000003D Funct Export 
[D:/TempleOS/Compiler/BackEnd.CPP.Z,3332] ICToUpper                 000001F246    0001 000000006B Funct Export 
[D:/TempleOS/Compiler/BackEnd.CPP.Z,72] ICU16                     000001640E    0090 00000000A4 Funct Export 
[D:/TempleOS/Compiler/BackEnd.CPP.Z,87] ICU24                     00000164B6    0060 00000000CF Funct Export 
[D:/TempleOS/Compiler/BackEnd.CPP.Z,104] ICU32                     0000016586    004F 000000007E Funct Export 
[D:/TempleOS/Compiler/BackEnd.CPP.Z,120] ICU64                     0000016606    0009 000000007E Funct Export 
[D:/TempleOS/Compiler/BackEnd.CPP.Z,20] ICU8                      0000016206    0060 0000000078 Funct Export 
[D:/TempleOS/Compiler/BackEnd.CPP.Z,2954] ICUnaries                 000001E1DE    0002 0000000069 Funct Export 
[D:/TempleOS/Compiler/BackEnd.CPP.Z,4514] ICXorEqual                000002268E    0001 0000000103 Funct Export 
[D:/TempleOS/Compiler/BackEnd.CPP.Z,3044] ICXorXor                  000001E5F6    0001 0000000151 Funct Export 
[D:/TempleOS/Compiler/BackEnd.CPP.Z,3774] ICZFlagBranch             0000020556    0002 0000000105 Funct Export 
[D:/TempleOS/Compiler/BackEnd.CPP.Z,614] ICZero                    0000017796    0017 000000005E Funct Export 
[D:/TempleOS/Compiler/Directives.CPP.Z,56] ImportHashTable           0000003000    0000 00000000DB Funct Export 
[D:/TempleOS/Compiler/Directives.CPP.Z,76] IncludeDepth              00000030E0    0000 000000002C Funct Export 
[D:/TempleOS/Compiler/Unassembler.CPP.Z,1] InstEntriesCompare        00000006D8    0001 0000000229 Funct Export 
[D:/TempleOS/Compiler/Unassembler.CPP.Z,71] InstEntryFind             0000000908    0002 0000000370 Funct Export 
[D:/TempleOS/Compiler/ExpParser.CPP.Z,1207] IsLexExpression2Bin       000001138E    0000 0000000029 Funct Export 
[D:/TempleOS/Compiler/Directives.CPP.Z,52] IsReplaceSyms             0000002FF0    000A 000000000D Funct Export 
[D:/TempleOS/Compiler/ICLCC.CPP.Z,155] LCCAdd                    0000008B60    009C 00000000B2 Funct Export 
[D:/TempleOS/Compiler/ICLCC.CPP.Z,196] LCCAppend                 0000008CA0    0002 00000000A6 Funct Export 
[D:/TempleOS/Compiler/ICLCC.CPP.Z,315] LCCCompile                0000009110    0006 0000000226 Funct Export 
[D:/TempleOS/Compiler/ICLCC.CPP.Z,257] LCCDel                    0000008EB8    0001 00000001A3 Funct Export 
[D:/TempleOS/Compiler/ICLCC.CPP.Z,235] LCCFloatConstFind         0000008DF0    000F 00000000C2 Funct Export 
[D:/TempleOS/Compiler/ICLCC.CPP.Z,222] LCCGoToLabelFind          0000008DA0    0002 000000004D Funct Export 
[D:/TempleOS/Compiler/ICLCC.CPP.Z,299] LCCHeaderPut              0000009060    000A 00000000AB Funct Export 
[D:/TempleOS/Compiler/ICLCC.CPP.Z,147] LCCInit                   0000008B28    000A 0000000036 Funct Export 
[D:/TempleOS/Compiler/ICLCC.CPP.Z,213] LCCMiscNew                0000008D48    001A 0000000051 Funct Export 
[D:/TempleOS/Compiler/ICLCC.CPP.Z,191] LCCPop                    0000008C80    0009 000000001A Funct Export 
[D:/TempleOS/Compiler/ICLCC.CPP.Z,184] LCCPopNoFree              0000008C50    0002 000000002A Funct Export 
[D:/TempleOS/Compiler/ICLCC.CPP.Z,177] LCCPush                   0000008C18    000E 0000000033 Funct Export 
[D:/TempleOS/Compiler/ICLCC.CPP.Z,137] LCCQuePut                 0000008AF0    0001 0000000033 Funct Export 
[D:/TempleOS/Compiler/Directives.CPP.Z,43] LTrace                    0000002FC0    0000 0000000017 Funct Export 
[D:/TempleOS/Compiler/Lex.CPP.Z,785] Lex                       0000005CA0    00FA 00000022BD Funct Export 
[D:/TempleOS/Compiler/Lex.CPP.Z,421] LexAttachDoc              0000004F70    0001 0000000166 Funct Export 
[D:/TempleOS/Compiler/Lex.CPP.Z,141] LexBackupLastChar         000000376C    0003 000000003D Funct Export 
[D:/TempleOS/Compiler/Lex.CPP.Z,65] LexDel                    0000003488    0005 0000000096 Funct Export 
[D:/TempleOS/Compiler/Lex.CPP.Z,403] LexDocRead                0000004EE0    0001 0000000090 Funct Export 
[D:/TempleOS/Compiler/Lex.CPP.Z,152] LexDollar                 00000037AC    0003 000000006C Funct Export 
[D:/TempleOS/Compiler/Lex.CPP.Z,1666] LexExcept                 0000008270    00A9 00000000C6 Funct Export 
[D:/TempleOS/Compiler/ExpParser.CPP.Z,1212] LexExpression             00000113BE    0007 000000003B Funct Export 
[D:/TempleOS/Compiler/ExpParser.CPP.Z,1189] LexExpression2Bin         00000112F6    0004 0000000098 Funct Export 
[D:/TempleOS/Compiler/Lex.CPP.Z,1584] LexExtStr                 0000007F60    0004 00000000C1 Funct Export 
[D:/TempleOS/Compiler/Lex.CPP.Z,166] LexGetChar                000000381C    0030 00000015F6 Funct Export 
[D:/TempleOS/Compiler/Lex.CPP.Z,687] LexInStr                  0000005778    0001 0000000524 Funct Export 
[D:/TempleOS/Compiler/Lex.CPP.Z,373] LexIncludeStr             0000004E3C    0003 0000000095 Funct Export 
[D:/TempleOS/Compiler/Lex.CPP.Z,37] LexNew                    0000003350    0005 0000000133 Funct Export 
[D:/TempleOS/Compiler/Lex.CPP.Z,478] LexPop                    0000005160    0004 0000000070 Funct Export 
[D:/TempleOS/Compiler/Lex.CPP.Z,466] LexPush                   00000050D8    000F 0000000082 Funct Export 
[D:/TempleOS/Compiler/Lex.CPP.Z,1609] LexPutLine                0000008028    0003 000000009F Funct Export 
[D:/TempleOS/Compiler/Lex.CPP.Z,1636] LexPutPos                 00000080C8    0003 00000000CA Funct Export 
[D:/TempleOS/Compiler/Lex.CPP.Z,118] LexPutToken               0000003638    0002 000000012B Funct Export 
[D:/TempleOS/Compiler/Lex.CPP.Z,1650] LexPutWarn                0000008198    000F 00000000D3 Funct Export 
[D:/TempleOS/Compiler/Lex.CPP.Z,86] LexSize                   0000003520    0000 0000000098 Funct Export 
[D:/TempleOS/Compiler/Lex.CPP.Z,366] LexSkipEol                0000004E14    0004 0000000027 Funct Export 
[D:/TempleOS/Compiler/CmpMain.CPP.Z,16] LexStatement2Bin          0000032460    0001 000000011D Funct Export 
[D:/TempleOS/Compiler/BackEnd.CPP.Z,346] MDR_D32_INDIRECT_REG      3             0002 0000000008 DefineStr 
[D:/TempleOS/Compiler/BackEnd.CPP.Z,345] MDR_D8_INDIRECT_REG       2             0002 0000000008 DefineStr 
[D:/TempleOS/Compiler/BackEnd.CPP.Z,344] MDR_INDIRECT_REG          1             0002 0000000008 DefineStr 
[D:/TempleOS/Compiler/BackEnd.CPP.Z,343] MDR_REG                   0             0002 0000000008 DefineStr 
[D:/TempleOS/Compiler/BackEnd.CPP.Z,350] MDR_RIP_REL               7             0004 0000000008 DefineStr 
[D:/TempleOS/Compiler/BackEnd.CPP.Z,349] MDR_SIB_D32_INDIRECT_REG  6             0003 0000000008 DefineStr 
[D:/TempleOS/Compiler/BackEnd.CPP.Z,348] MDR_SIB_D8_INDIRECT_REG   5             0002 0000000008 DefineStr 
[D:/TempleOS/Compiler/BackEnd.CPP.Z,347] MDR_SIB_INDIRECT_REG      4             0002 0000000008 DefineStr 
[D:/TempleOS/Compiler/Lex.CPP.Z,547] MemberAdd                 00000052F0    0004 00000001AC Funct Export 
[D:/TempleOS/Compiler/Lex.CPP.Z,512] MemberFind                0000005250    0005 0000000060 Funct Export 
[D:/TempleOS/Compiler/Lex.CPP.Z,532] MemberFind2               00000052B0    0001 0000000040 Funct Export 
[D:/TempleOS/Compiler/Lex.CPP.Z,632] MemberLstCopy             0000005590    0001 0000000118 Funct Export 
[D:/TempleOS/Compiler/Lex.CPP.Z,595] MemberLstDel              00000054A0    0001 00000000F0 Funct Export 
[D:/TempleOS/Compiler/StmtParser.CPP.Z,81] MemberLstNew              000001156E    0003 0000000026 Funct Export 
[D:/TempleOS/Compiler/Lex.CPP.Z,660] MemberLstSize             00000056A8    0002 00000000CB Funct Export 
[D:/TempleOS/Compiler/Lex.CPP.Z,490] MemberMetaData            00000051D0    0000 000000003D Funct Export 
[D:/TempleOS/Compiler/Lex.CPP.Z,501] MemberMetaFind            0000005210    0000 000000003C Funct Export 
[D:/TempleOS/Compiler/CmpInit.CPP.Z,1] NUM_INTERNAL_TYPES        16            0002 0000000008 DefineStr 
[D:/TempleOS/Compiler/Directives.CPP.Z,31] OPassTraceMask            0000002F70    0000 0000000035 Funct Export 
[D:/TempleOS/Compiler/Directives.CPP.Z,26] OTrace                    0000002F58    0000 0000000017 Funct Export 
[D:/TempleOS/Compiler/OptPass012.CPP.Z,391] OptBrNotZero              00000236DE    0004 000000064F Funct Export 
[D:/TempleOS/Compiler/OptPass012.CPP.Z,230] OptBrZero                 000002308E    0006 000000064F Funct Export 
[D:/TempleOS/Compiler/OptPass012.CPP.Z,33] OptClassFwd               0000022BE6    0008 0000000027 Funct Export 
[D:/TempleOS/Compiler/Directives.CPP.Z,1] OptEqu                    0000002EB0    0007 000000002E Funct Export 
[D:/TempleOS/Compiler/OptPass012.CPP.Z,551] OptFixSizeOf              0000023D2E    0003 00000000B1 Funct Export 
[D:/TempleOS/Compiler/OptPass012.CPP.Z,113] OptFixupBinaryOp1         0000022D9E    0013 00000001CB Funct Export 
[D:/TempleOS/Compiler/OptPass012.CPP.Z,179] OptFixupBinaryOp2         0000022F6E    0001 0000000052 Funct Export 
[D:/TempleOS/Compiler/OptPass012.CPP.Z,195] OptFixupUnaryOp           0000022FC6    0003 00000000C4 Funct Export 
[D:/TempleOS/Compiler/OptPass4.CPP.Z,1] OptIC4                    0000028D16    0001 00000005CE Funct Export 
[D:/TempleOS/Compiler/OptPass6.CPP.Z,1] OptIC6                    000002AA56    0001 000000013B Funct Export 
[D:/TempleOS/Compiler/OptPass012.CPP.Z,25] OptLabelFwd               0000022BBE    0006 0000000024 Funct Export 
[D:/TempleOS/Compiler/OptPass012.CPP.Z,57] OptLag                    0000022C8E    000E 000000002A Funct Export 
[D:/TempleOS/Compiler/OptPass012.CPP.Z,68] OptLag1                   0000022CBE    0004 0000000031 Funct Export 
[D:/TempleOS/Compiler/OptPass012.CPP.Z,79] OptLag2                   0000022CF6    0003 000000002A Funct Export 
[D:/TempleOS/Compiler/OptPass012.CPP.Z,90] OptLead1                  0000022D26    0004 0000000030 Funct Export 
[D:/TempleOS/Compiler/OptPass3.CPP.Z,44] OptMVCompare              000002736E    0001 000000001A Funct Export 
[D:/TempleOS/Compiler/OptPass3.CPP.Z,39] OptMemberVar              007FCE4800    0005 0000000020 Class 
[D:/TempleOS/Compiler/Directives.CPP.Z,11] OptOff                    0000002EF8    0000 0000000016 Funct Export 
[D:/TempleOS/Compiler/Directives.CPP.Z,6] OptOn                     0000002EE0    0000 0000000016 Funct Export 
[D:/TempleOS/Compiler/OptPass012.CPP.Z,575] OptPass012                0000023DE6    0000 0000003470 Funct Export 
[D:/TempleOS/Compiler/OptPass3.CPP.Z,49] OptPass3                  000002738E    0000 0000001988 Funct Export 
[D:/TempleOS/Compiler/OptPass4.CPP.Z,171] OptPass4                  00000292E6    0000 0000001320 Funct Export 
[D:/TempleOS/Compiler/OptPass5.CPP.Z,1] OptPass5                  000002A606    0000 000000044A Funct Export 
[D:/TempleOS/Compiler/OptPass6.CPP.Z,131] OptPass6                  000002AEEE    0000 00000004C9 Funct Export 
[D:/TempleOS/Compiler/OptPass6.CPP.Z,34] OptPass6Lag               000002AB96    0001 0000000355 Funct Export 
[D:/TempleOS/Compiler/OptPass789.CPP.Z,1] OptPass789                000002B3BE    0000 00000033C8 Funct Export 
[D:/TempleOS/Compiler/OptPass012.CPP.Z,41] OptSetNOP1                0000022C0E    009E 000000003A Funct Export 
[D:/TempleOS/Compiler/OptPass012.CPP.Z,49] OptSetNOP2                0000022C4E    000D 000000003C Funct Export 
[D:/TempleOS/Compiler/ExpParser.CPP.Z,43] PE_CHECK_BINARY_OPS1      5             0001 0000000008 DefineStr 
[D:/TempleOS/Compiler/ExpParser.CPP.Z,44] PE_CHECK_BINARY_OPS2      6             0001 0000000008 DefineStr 
[D:/TempleOS/Compiler/ExpParser.CPP.Z,42] PE_DEREFERENCE            4             0004 0000000008 DefineStr 
[D:/TempleOS/Compiler/ExpParser.CPP.Z,46] PE_DO_BINARY_OP           8             0001 0000000008 DefineStr 
[D:/TempleOS/Compiler/ExpParser.CPP.Z,45] PE_DO_UNARY_OP            7             0001 0000000008 DefineStr 
[D:/TempleOS/Compiler/ExpParser.CPP.Z,40] PE_MAYBE_MODIFIERS        2             000F 0000000008 DefineStr 
[D:/TempleOS/Compiler/ExpParser.CPP.Z,49] PE_POP_ALL1               11            0001 0000000008 DefineStr 
[D:/TempleOS/Compiler/ExpParser.CPP.Z,50] PE_POP_ALL2               12            0001 0000000008 DefineStr 
[D:/TempleOS/Compiler/ExpParser.CPP.Z,47] PE_POP_HIGHER             9             0001 0000000008 DefineStr 
[D:/TempleOS/Compiler/ExpParser.CPP.Z,48] PE_PUSH_LOWER             10            0001 0000000008 DefineStr 
[D:/TempleOS/Compiler/ExpParser.CPP.Z,41] PE_UNARY_MODIFIERS        3             0009 0000000008 DefineStr 
[D:/TempleOS/Compiler/ExpParser.CPP.Z,38] PE_UNARY_TERM1            0             0001 0000000008 DefineStr 
[D:/TempleOS/Compiler/ExpParser.CPP.Z,39] PE_UNARY_TERM2            1             0005 0000000008 DefineStr 
[D:/TempleOS/Compiler/Directives.CPP.Z,21] PTrace                    0000002F40    0000 0000000017 Funct Export 
[D:/TempleOS/Compiler/ExpParser.CPP.Z,1] ParenWarning              000000D4FE    0004 0000000054 Funct Export 
[D:/TempleOS/Compiler/ExpParser.CPP.Z,52] PrsAddOp                  000000D64E    0002 000000029F Funct Export 
[D:/TempleOS/Compiler/StmtParser.CPP.Z,353] PrsArrayDims              0000012016    0001 0000000135 Funct Export 
[D:/TempleOS/Compiler/Assembler.CPP.Z,445] PrsAsmArg                 000000AA80    0002 0000000475 Funct Export 
[D:/TempleOS/Compiler/Assembler.CPP.Z,1282] PrsAsmBlk                 000000CC2E    0001 00000008C9 Funct Export 
[D:/TempleOS/Compiler/Assembler.CPP.Z,1206] PrsAsmDefine              000000C95E    0004 00000002CA Funct Export 
[D:/TempleOS/Compiler/Assembler.CPP.Z,410] PrsAsmImm                 000000A938    0006 0000000145 Funct Export 
[D:/TempleOS/Compiler/Assembler.CPP.Z,798] PrsAsmInstruction         000000B84E    0001 000000110A Funct Export 
[D:/TempleOS/Compiler/StmtParser.CPP.Z,824] PrsClass                  0000013296    0002 000000025E Funct Export 
[D:/TempleOS/Compiler/StmtParser.CPP.Z,1] PrsClassNew               00000113FE    0003 00000000B3 Funct Export 
[D:/TempleOS/Compiler/StmtParser.CPP.Z,1328] PrsDoWhile                0000014616    0001 0000000153 Funct Export 
[D:/TempleOS/Compiler/StmtParser.CPP.Z,391] PrsDotDotDot              000001214E    0001 0000000100 Funct Export 
[D:/TempleOS/Compiler/ExpParser.CPP.Z,298] PrsExpression             000000DFEE    0010 0000000172 Funct Export 
[D:/TempleOS/Compiler/ExpParser.CPP.Z,102] PrsExpression2            000000D8EE    0001 0000000700 Funct Export 
[D:/TempleOS/Compiler/StmtParser.CPP.Z,1352] PrsFor                    000001476E    0001 0000000182 Funct Export 
[D:/TempleOS/Compiler/StmtParser.CPP.Z,963] PrsFun                    000001371E    0001 0000000340 Funct Export 
[D:/TempleOS/Compiler/ExpParser.CPP.Z,414] PrsFunCall                000000E4BE    0003 000000081E Funct Export 
[D:/TempleOS/Compiler/StmtParser.CPP.Z,890] PrsFunJoin                00000134F6    0005 0000000226 Funct Export 
[D:/TempleOS/Compiler/StmtParser.CPP.Z,45] PrsFunNew                 00000114B6    0001 00000000B3 Funct Export 
[D:/TempleOS/Compiler/StmtParser.CPP.Z,312] PrsGlblInit               0000011E4E    0002 0000000084 Funct Export 
[D:/TempleOS/Compiler/StmtParser.CPP.Z,1029] PrsGlblVarLst             0000013A5E    0007 0000000963 Funct Export 
[D:/TempleOS/Compiler/StmtParser.CPP.Z,1277] PrsIf                     00000143C6    0001 0000000142 Funct Export 
[D:/TempleOS/Compiler/StmtParser.CPP.Z,88] PrsKeyWord                0000011596    000A 000000003C Funct Export 
[D:/TempleOS/Compiler/StmtParser.CPP.Z,1505] PrsNoUnusedWarn           0000014DE6    0001 000000008F Funct Export 
[D:/TempleOS/Compiler/ExpParser.CPP.Z,383] PrsOffsetOf               000000E36E    0002 0000000149 Funct Export 
[D:/TempleOS/Compiler/ExpParser.CPP.Z,13] PrsPop                    000000D57E    0017 0000000022 Funct Export 
[D:/TempleOS/Compiler/ExpParser.CPP.Z,23] PrsPop2                   000000D5DE    0001 000000002D Funct Export 
[D:/TempleOS/Compiler/ExpParser.CPP.Z,28] PrsPopDeref               000000D60E    0004 000000003B Funct Export 
[D:/TempleOS/Compiler/ExpParser.CPP.Z,8] PrsPush                   000000D556    0017 0000000028 Funct Export 
[D:/TempleOS/Compiler/ExpParser.CPP.Z,18] PrsPush2                  000000D5A6    0004 0000000033 Funct Export 
[D:/TempleOS/Compiler/ExpParser.CPP.Z,335] PrsSizeOf                 000000E166    0001 0000000207 Funct Export 
[D:/TempleOS/Compiler/StmtParser.CPP.Z,1621] PrsStatement              00000152DE    0004 0000000F23 Funct Export 
[D:/TempleOS/Compiler/StmtParser.CPP.Z,321] PrsStaticInit             0000011ED6    0002 000000013F Funct Export 
[D:/TempleOS/Compiler/StmtParser.CPP.Z,1521] PrsStreamBlk              0000014E76    0001 00000001B7 Funct Export 
[D:/TempleOS/Compiler/StmtParser.CPP.Z,1395] PrsSwitch                 00000148F6    0002 00000004EE Funct Export 
[D:/TempleOS/Compiler/StmtParser.CPP.Z,1560] PrsTryBlk                 000001502E    0001 00000002AF Funct Export 
[D:/TempleOS/Compiler/StmtParser.CPP.Z,424] PrsType                   000001224E    0002 000000034B Funct Export 
[D:/TempleOS/Compiler/ExpParser.CPP.Z,1029] PrsUnaryModifier          00000104FE    0000 0000000DDB Funct Export 
[D:/TempleOS/Compiler/ExpParser.CPP.Z,625] PrsUnaryTerm              000000ECDE    0000 000000181F Funct Export 
[D:/TempleOS/Compiler/StmtParser.CPP.Z,112] PrsVarInit                0000011676    0001 00000004D4 Funct Export 
[D:/TempleOS/Compiler/StmtParser.CPP.Z,230] PrsVarInit2               0000011B4E    0004 00000002FA Funct Export 
[D:/TempleOS/Compiler/StmtParser.CPP.Z,513] PrsVarLst                 000001259E    0006 0000000CF6 Funct Export 
[D:/TempleOS/Compiler/StmtParser.CPP.Z,1306] PrsWhile                  000001450E    0001 0000000103 Funct Export 
[D:/TempleOS/Compiler/BackEnd.CPP.Z,475] SLASH_OP_DEC              0x052B0000    0006 0000000018 DefineStr 
[D:/TempleOS/Compiler/BackEnd.CPP.Z,480] SLASH_OP_DIV              0x00000000    0001 0000000018 DefineStr 
[D:/TempleOS/Compiler/BackEnd.CPP.Z,484] SLASH_OP_FADD             0x0000C1DE    0002 0000000018 DefineStr 
[D:/TempleOS/Compiler/BackEnd.CPP.Z,488] SLASH_OP_FDIV             0x0000F9DE    0002 0000000018 DefineStr 
[D:/TempleOS/Compiler/BackEnd.CPP.Z,489] SLASH_OP_FDIVR            0x0000F1DE    0003 0000000018 DefineStr 
[D:/TempleOS/Compiler/BackEnd.CPP.Z,493] SLASH_OP_FILD             0x00000000    0002 0000000018 DefineStr 
[D:/TempleOS/Compiler/BackEnd.CPP.Z,492] SLASH_OP_FISTTP           0x00000000    0002 0000000018 DefineStr 
[D:/TempleOS/Compiler/BackEnd.CPP.Z,490] SLASH_OP_FLD              0x00000000    0008 0000000018 DefineStr 
[D:/TempleOS/Compiler/BackEnd.CPP.Z,487] SLASH_OP_FMUL             0x0000C9DE    0002 0000000018 DefineStr 
[D:/TempleOS/Compiler/BackEnd.CPP.Z,491] SLASH_OP_FSTP             0x00000000    000D 0000000018 DefineStr 
[D:/TempleOS/Compiler/BackEnd.CPP.Z,485] SLASH_OP_FSUB             0x0000E9DE    0002 0000000018 DefineStr 
[D:/TempleOS/Compiler/BackEnd.CPP.Z,486] SLASH_OP_FSUBR            0x0000E1DE    0003 0000000018 DefineStr 
[D:/TempleOS/Compiler/BackEnd.CPP.Z,479] SLASH_OP_IMUL             0x00000000    0001 0000000018 DefineStr 
[D:/TempleOS/Compiler/BackEnd.CPP.Z,474] SLASH_OP_INC              0x00030000    0004 0000000018 DefineStr 
[D:/TempleOS/Compiler/BackEnd.CPP.Z,481] SLASH_OP_MOV              0x00000000    0002 0000000018 DefineStr 
[D:/TempleOS/Compiler/BackEnd.CPP.Z,478] SLASH_OP_MUL              0x00000000    0001 0000000018 DefineStr 
[D:/TempleOS/Compiler/BackEnd.CPP.Z,477] SLASH_OP_NEG              0x00000000    0001 0000000018 DefineStr 
[D:/TempleOS/Compiler/BackEnd.CPP.Z,476] SLASH_OP_NOT              0x00000000    0001 0000000018 DefineStr 
[D:/TempleOS/Compiler/BackEnd.CPP.Z,483] SLASH_OP_POP              0x00000000    0001 0000000018 DefineStr 
[D:/TempleOS/Compiler/BackEnd.CPP.Z,482] SLASH_OP_PUSH             0x00000000    0001 0000000018 DefineStr 
[D:/TempleOS/Compiler/Lex.CPP.Z,106] SetSrcFileInfo            00000035B8    0008 0000000079 Funct Export 
[D:/TempleOS/Compiler/Unassembler.CPP.Z,220] StrMatchBits              0000000D80    0002 0000000073 Funct Export 
[D:/TempleOS/Compiler/CmpMain.CPP.Z,673] StreamExePrint            0000033EB0    0000 00000000D8 Funct Export 
[D:/TempleOS/Compiler/CmpMain.CPP.Z,1] StreamPrint               00000323D8    0000 0000000084 Funct Export 
[D:/TempleOS/Compiler/Unassembler.CPP.Z,819] U                         0000002D38    0000 00000000B5 Funct Export 
[D:/TempleOS/Compiler/Unassembler.CPP.Z,233] Ui                        0000000DF8    0002 0000001F3C Funct Export 
[D:/TempleOS/Compiler/Unassembler.CPP.Z,835] Un                        0000002DF0    0009 00000000C0 Funct Export 
[D:/TempleOS/Compiler/Unassembler.CPP.Z,181] UnasmHashLoad             0000000C78    0001 0000000101 Funct Export 
[D:/TempleOS/Compiler/StmtParser.CPP.Z,99] UndefinedExtern           00000115D6    0001 0000000050 Funct Export 
[D:/TempleOS/Compiler/StmtParser.CPP.Z,106] UnusedExternWarning       0000011626    0004 000000004E Funct Export 
[D:/TempleOS/Compiler/CmpGlbls.CPP.Z,2] asm_hash                  00000004E0    0009 0000000008 GlbVar Export 
[D:/TempleOS/Compiler/Assembler.CPP.Z,796] asm_seg_prefixes          000000B848    0001 0000000006 GlbVar Export 
[D:/TempleOS/Compiler/CmpGlbls.CPP.Z,9] assign_bitmap             0000000628    0003 0000000008 GlbVar Export 
[D:/TempleOS/Compiler/CmpGlbls.CPP.Z,7] binary_ops_table          0000000600    0002 0000000008 GlbVar Export 
[D:/TempleOS/Compiler/CmpGlbls.CPP.Z,8] cmp_arg_cnt               0000000610    0009 0000000008 GlbVar Export 
[D:/TempleOS/Compiler/CmpGlbls.CPP.Z,9] cmp_bitmap                0000000638    0004 0000000008 GlbVar Export 
[D:/TempleOS/Compiler/CmpGlbls.CPP.Z,3] cmp_do_not_write_to_dsk   00000004E9    0003 0000000001 GlbVar Export 
[D:/TempleOS/Compiler/CmpGlbls.CPP.Z,9] cmp_result_cnt            0000000618    0005 0000000008 GlbVar Export 
[D:/TempleOS/Compiler/CmpExts.CPP.Z,46] cmp_templates             0000000000    0002 0000000004 GlbVar Export 
[D:/TempleOS/Compiler/CmpExts.CPP.Z,47] cmp_templates_dont_pop    000000018B    0002 0000000004 GlbVar Export 
[D:/TempleOS/Compiler/CmpExts.CPP.Z,48] cmp_templates_dont_push   0000000257    0002 0000000004 GlbVar Export 
[D:/TempleOS/Compiler/CmpExts.CPP.Z,50] cmp_templates_dont_push2  0000000421    0002 0000000004 GlbVar Export 
[D:/TempleOS/Compiler/CmpExts.CPP.Z,49] cmp_templates_dont_push_pop0000000391    0002 0000000004 GlbVar Export 
[D:/TempleOS/Compiler/CmpGlbls.CPP.Z,16] compiled_bytes            00000006A8    0002 0000000008 GlbVar Export 
[D:/TempleOS/Compiler/CmpGlbls.CPP.Z,15] compiled_funs             00000006A0    0002 0000000008 GlbVar Export 
[D:/TempleOS/Compiler/CmpGlbls.CPP.Z,15] compiled_lines            0000000698    0003 0000000008 GlbVar Export 
[D:/TempleOS/Compiler/CmpGlbls.CPP.Z,9] deref_bitmap              0000000620    0004 0000000008 GlbVar Export 
[D:/TempleOS/Compiler/Lex.CPP.Z,394] doc_stop_btypes           0000004ED8    0001 0000000008 GlbVar Export 
[D:/TempleOS/Compiler/CmpGlbls.CPP.Z,6] dual_U16_tokens1          00000005E8    0002 0000000008 GlbVar Export 
[D:/TempleOS/Compiler/CmpGlbls.CPP.Z,6] dual_U16_tokens2          00000005F0    0002 0000000008 GlbVar Export 
[D:/TempleOS/Compiler/CmpGlbls.CPP.Z,7] dual_U16_tokens3          00000005F8    0002 0000000008 GlbVar Export 
[D:/TempleOS/Compiler/CmpGlbls.CPP.Z,10] fpop_bitmap               0000000640    0013 0000000008 GlbVar Export 
[D:/TempleOS/Compiler/CmpInit.CPP.Z,8] internal_types_table      000002E788    0001 00000000A0 GlbVar Export 
[D:/TempleOS/Compiler/CmpGlbls.CPP.Z,2] is_first_compiler         00000004E8    0004 0000000001 GlbVar Export 
[D:/TempleOS/Compiler/Lex.CPP.Z,139] lex_zeros                 0000003768    000B 0000000004 GlbVar Export 
[D:/TempleOS/Compiler/CmpGlbls.CPP.Z,12] non_ptr_vars_mask         0000000670    0006 0000000008 GlbVar Export 
[D:/TempleOS/Compiler/CmpGlbls.CPP.Z,9] not_const_bitmap          0000000630    0003 0000000008 GlbVar Export 
[D:/TempleOS/Compiler/CmpGlbls.CPP.Z,11] num_non_ptr_vars          0000000658    0005 0000000008 GlbVar Export 
[D:/TempleOS/Compiler/CmpGlbls.CPP.Z,10] num_reg_vars              0000000650    0006 0000000008 GlbVar Export 
[D:/TempleOS/Compiler/CmpGlbls.CPP.Z,10] num_stk_temps             0000000648    0004 0000000008 GlbVar Export 
[D:/TempleOS/Compiler/CmpGlbls.CPP.Z,5] opt_nop                   0000000550    000B 0000000098 GlbVar Export 
[D:/TempleOS/Compiler/CmpGlbls.CPP.Z,11] reg_vars_mask             0000000668    0002 0000000008 GlbVar Export 
[D:/TempleOS/Compiler/CmpGlbls.CPP.Z,11] stk_temps_mask            0000000660    0003 0000000008 GlbVar Export 
[D:/TempleOS/Compiler/CmpGlbls.CPP.Z,4] sys_internal_types        00000004F0    00A4 0000000060 GlbVar Export 
[D:/TempleOS/Compiler/CmpGlbls.CPP.Z,15] to_non_ptr_vars_map       0000000690    0004 0000000008 GlbVar Export 
[D:/TempleOS/Compiler/CmpGlbls.CPP.Z,14] to_reg_vars_map           0000000688    0004 0000000008 GlbVar Export 
[D:/TempleOS/Compiler/CmpGlbls.CPP.Z,14] to_stk_temps_map_even     0000000680    0007 0000000008 GlbVar Export 
[D:/TempleOS/Compiler/CmpGlbls.CPP.Z,13] to_stk_temps_map_odd      0000000678    0007 0000000008 GlbVar Export 
[D:/TempleOS/Compiler/CmpGlbls.CPP.Z,20] uasm_ins64_mask           00000006C0    000D 0000000008 GlbVar Export 
[D:/TempleOS/Compiler/CmpGlbls.CPP.Z,21] uasm_mem_mask             00000006D0    0003 0000000008 GlbVar Export 
[D:/TempleOS/Compiler/CmpGlbls.CPP.Z,20] uasm_signed_arg_mask      00000006C8    0003 0000000008 GlbVar Export 
[D:/TempleOS/Compiler/CmpGlbls.CPP.Z,8] unary_ops_table           0000000608    0002 0000000008 GlbVar Export 
[D:/TempleOS/Compiler/CmpGlbls.CPP.Z,19] unasm_table               00000006B0    0006 0000000008 GlbVar Export 
[D:/TempleOS/Compiler/CmpGlbls.CPP.Z,20] unasm_table_entries       00000006B8    0003 0000000008 GlbVar Export 
